Copyright 1986-2022 Xilinx, Inc. All Rights Reserved. Copyright 2022-2025 Advanced Micro Devices, Inc. All Rights Reserved.
--------------------------------------------------------------------------------------------------------------------------------------------------
| Tool Version      : Vivado v.2025.2 (lin64) Build 6299465 Fri Nov 14 12:34:56 MST 2025
| Date              : Fri Jun  5 13:56:58 2026
| Host              : ubuntu running 64-bit Ubuntu 22.04.5 LTS
| Command           : report_timing_summary -file /home/ubuntu/Tiara/fmax_230.0/timing_summary.rpt -warn_on_violation
| Design            : tiara_synth_top
| Device            : xcu50-fsvh2104
| Speed File        : -2  PRODUCTION 1.30 05-01-2022
| Design State      : Routed
| Temperature Grade : E
--------------------------------------------------------------------------------------------------------------------------------------------------

Timing Summary Report

------------------------------------------------------------------------------------------------
| Timer Settings
| --------------
------------------------------------------------------------------------------------------------

  Enable Multi Corner Analysis               :  Yes
  Enable Pessimism Removal                   :  Yes
  Pessimism Removal Resolution               :  Nearest Common Node
  Enable Input Delay Default Clock           :  No
  Enable Preset / Clear Arcs                 :  No
  Disable Flight Delays                      :  No
  Ignore I/O Paths                           :  No
  Timing Early Launch at Borrowing Latches   :  No
  Borrow Time for Max Delay Exceptions       :  Yes
  Merge Timing Exceptions                    :  Yes
  Inter-SLR Compensation                     :  Conservative

  Corner  Analyze    Analyze    
  Name    Max Paths  Min Paths  
  ------  ---------  ---------  
  Slow    Yes        Yes        
  Fast    Yes        Yes        


------------------------------------------------------------------------------------------------
| Report Methodology
| ------------------
------------------------------------------------------------------------------------------------

No report available as report_methodology has not been run prior. Run report_methodology on the current design for the summary of methodology violations.



check_timing report

Table of Contents
-----------------
1. checking no_clock (0)
2. checking constant_clock (0)
3. checking pulse_width_clock (0)
4. checking unconstrained_internal_endpoints (0)
5. checking no_input_delay (11)
6. checking no_output_delay (0)
7. checking multiple_clock (0)
8. checking generated_clocks (0)
9. checking loops (0)
10. checking partial_input_delay (588)
11. checking partial_output_delay (291)
12. checking latch_loops (0)

1. checking no_clock (0)
------------------------
 There are 0 register/latch pins with no clock.


2. checking constant_clock (0)
------------------------------
 There are 0 register/latch pins with constant_clock.


3. checking pulse_width_clock (0)
---------------------------------
 There are 0 register/latch pins which need pulse_width check


4. checking unconstrained_internal_endpoints (0)
------------------------------------------------
 There are 0 pins that are not constrained for maximum delay.

 There are 0 pins that are not constrained for maximum delay due to constant clock.


5. checking no_input_delay (11)
-------------------------------
 There are 10 input ports with no input delay specified. (HIGH)

 There is 1 input port with no input delay but user has a false path constraint. (MEDIUM)


6. checking no_output_delay (0)
-------------------------------
 There are 0 ports with no output delay specified.

 There are 0 ports with no output delay but user has a false path constraint

 There are 0 ports with no output delay but with a timing clock defined on it or propagating through it


7. checking multiple_clock (0)
------------------------------
 There are 0 register/latch pins with multiple clocks.


8. checking generated_clocks (0)
--------------------------------
 There are 0 generated clocks that are not connected to a clock source.


9. checking loops (0)
---------------------
 There are 0 combinational loops in the design.


10. checking partial_input_delay (588)
--------------------------------------
 There are 588 input ports with partial input delay specified. (HIGH)


11. checking partial_output_delay (291)
---------------------------------------
 There are 291 ports with partial output delay specified. (HIGH)


12. checking latch_loops (0)
----------------------------
 There are 0 combinational latch loops in the design through latch input



------------------------------------------------------------------------------------------------
| Design Timing Summary
| ---------------------
------------------------------------------------------------------------------------------------

    WNS(ns)      TNS(ns)  TNS Failing Endpoints  TNS Total Endpoints      WHS(ns)      THS(ns)  THS Failing Endpoints  THS Total Endpoints     WPWS(ns)     TPWS(ns)  TPWS Failing Endpoints  TPWS Total Endpoints  
    -------      -------  ---------------------  -------------------      -------      -------  ---------------------  -------------------     --------     --------  ----------------------  --------------------  
      0.050        0.000                      0               169691        0.039        0.000                      0               169053        1.632        0.000                       0                 84749  


All user specified timing constraints are met.


------------------------------------------------------------------------------------------------
| Clock Summary
| -------------
------------------------------------------------------------------------------------------------

Clock  Waveform(ns)         Period(ns)      Frequency(MHz)
-----  ------------         ----------      --------------
clk    {0.000 2.174}        4.348           229.991         


------------------------------------------------------------------------------------------------
| Intra Clock Table
| -----------------
------------------------------------------------------------------------------------------------

Clock             WNS(ns)      TNS(ns)  TNS Failing Endpoints  TNS Total Endpoints      WHS(ns)      THS(ns)  THS Failing Endpoints  THS Total Endpoints     WPWS(ns)     TPWS(ns)  TPWS Failing Endpoints  TPWS Total Endpoints  
-----             -------      -------  ---------------------  -------------------      -------      -------  ---------------------  -------------------     --------     --------  ----------------------  --------------------  
clk                 0.050        0.000                      0               169691        0.039        0.000                      0               169053        1.632        0.000                       0                 84749  


------------------------------------------------------------------------------------------------
| Inter Clock Table
| -----------------
------------------------------------------------------------------------------------------------

From Clock    To Clock          WNS(ns)      TNS(ns)  TNS Failing Endpoints  TNS Total Endpoints      WHS(ns)      THS(ns)  THS Failing Endpoints  THS Total Endpoints  
----------    --------          -------      -------  ---------------------  -------------------      -------      -------  ---------------------  -------------------  


------------------------------------------------------------------------------------------------
| Other Path Groups Table
| -----------------------
------------------------------------------------------------------------------------------------

Path Group    From Clock    To Clock          WNS(ns)      TNS(ns)  TNS Failing Endpoints  TNS Total Endpoints      WHS(ns)      THS(ns)  THS Failing Endpoints  THS Total Endpoints  
----------    ----------    --------          -------      -------  ---------------------  -------------------      -------      -------  ---------------------  -------------------  


------------------------------------------------------------------------------------------------
| Timing Details
| --------------
------------------------------------------------------------------------------------------------


---------------------------------------------------------------------------------------------------
From Clock:  clk
  To Clock:  clk

Setup :            0  Failing Endpoints,  Worst Slack        0.050ns,  Total Violation        0.000ns
Hold  :            0  Failing Endpoints,  Worst Slack        0.039ns,  Total Violation        0.000ns
PW    :            0  Failing Endpoints,  Worst Slack        1.632ns,  Total Violation        0.000ns
---------------------------------------------------------------------------------------------------


Max Delay Paths
--------------------------------------------------------------------------------------
Slack (MET) :             0.050ns  (required time - arrival time)
  Source:                 u_mp/iw0_reg[50]/C
                            (rising edge-triggered cell FDCE clocked by clk  {rise@0.000ns fall@2.174ns period=4.348ns})
  Destination:            u_mp/u_ls/sRemain_reg[7][30]/D
                            (rising edge-triggered cell FDRE clocked by clk  {rise@0.000ns fall@2.174ns period=4.348ns})
  Path Group:             clk
  Path Type:              Setup (Max at Slow Process Corner)
  Requirement:            4.348ns  (clk rise@4.348ns - clk rise@0.000ns)
  Data Path Delay:        4.279ns  (logic 1.237ns (28.906%)  route 3.042ns (71.094%))
  Logic Levels:           11  (CARRY8=2 LUT3=1 LUT5=2 LUT6=5 MUXF7=1)
  Clock Path Skew:        -0.008ns (DCD - SCD + CPR)
    Destination Clock Delay (DCD):    0.021ns = ( 4.369 - 4.348 ) 
    Source Clock Delay      (SCD):    0.029ns
    Clock Pessimism Removal (CPR):    0.000ns
  Clock Uncertainty:      0.035ns  ((TSJ^2 + TIJ^2)^1/2 + DJ) / 2 + PE
    Total System Jitter     (TSJ):    0.071ns
    Total Input Jitter      (TIJ):    0.000ns
    Discrete Jitter          (DJ):    0.000ns
    Phase Error              (PE):    0.000ns

    Location             Delay type                Incr(ns)  Path(ns)    Netlist Resource(s)
  -------------------------------------------------------------------    -------------------
                         (clock clk rise edge)        0.000     0.000 r  
                                                      0.000     0.000 r  clk (IN)
                         net (fo=84763, unset)        0.029     0.029    u_mp/clk
    SLICE_X64Y450        FDCE                                         r  u_mp/iw0_reg[50]/C
  -------------------------------------------------------------------    -------------------
    SLICE_X64Y450        FDCE (Prop_HFF_SLICEL_C_Q)
                                                      0.079     0.108 r  u_mp/iw0_reg[50]/Q
                         net (fo=256, routed)         0.639     0.747    u_mp/u_rf/cur_atom_exp_reg[0][50]
    SLICE_X61Y472        LUT6 (Prop_D6LUT_SLICEM_I2_O)
                                                      0.088     0.835 f  u_mp/u_rf/mul_a[34]_i_2/O
                         net (fo=1, routed)           0.172     1.007    u_mp/u_rf/mul_a[34]_i_2_n_0
    SLICE_X61Y471        LUT6 (Prop_F6LUT_SLICEM_I0_O)
                                                      0.123     1.130 f  u_mp/u_rf/mul_a[34]_i_1/O
                         net (fo=26, routed)          0.513     1.643    u_mp/u_rf/rf_ra[34]
    SLICE_X57Y443        LUT3 (Prop_D6LUT_SLICEM_I1_O)
                                                      0.122     1.765 r  u_mp/u_rf/sBegin[7][9]_i_24/O
                         net (fo=1, routed)           0.025     1.790    u_mp/u_rf/sBegin[7][9]_i_24_n_0
    SLICE_X57Y443        CARRY8 (Prop_CARRY8_SLICEM_S[3]_CO[7])
                                                      0.163     1.953 r  u_mp/u_rf/sBegin_reg[7][9]_i_12/CO[7]
                         net (fo=1, routed)           0.026     1.979    u_mp/u_rf/sBegin_reg[7][9]_i_12_n_0
    SLICE_X57Y444        CARRY8 (Prop_CARRY8_SLICEM_CI_CO[5])
                                                      0.077     2.056 r  u_mp/u_rf/sBegin_reg[7][9]_i_8/CO[5]
                         net (fo=35, routed)          0.218     2.274    u_mp/u_rf/ls_push1
    SLICE_X57Y439        LUT6 (Prop_A6LUT_SLICEM_I2_O)
                                                      0.038     2.312 r  u_mp/u_rf/pc[8]_i_6/O
                         net (fo=11, routed)          0.302     2.614    u_mp/u_rf/iw0_reg[63]
    SLICE_X55Y435        LUT5 (Prop_F6LUT_SLICEL_I4_O)
                                                      0.123     2.737 r  u_mp/u_rf/pc[2]_i_3/O
                         net (fo=3, routed)           0.196     2.933    u_mp/u_rf/pc_reg[2]_0
    SLICE_X54Y434        LUT6 (Prop_C6LUT_SLICEL_I3_O)
                                                      0.123     3.056 r  u_mp/u_rf/sRemain[6][0]_i_11/O
                         net (fo=1, routed)           0.090     3.146    u_mp/u_ls/sp_reg[0]_1
    SLICE_X54Y435        LUT6 (Prop_F6LUT_SLICEL_I4_O)
                                                      0.089     3.235 r  u_mp/u_ls/sRemain[6][0]_i_3/O
                         net (fo=33, routed)          0.380     3.616    u_mp/u_ls/sRemain[6][0]_i_3_n_0
    SLICE_X54Y448        LUT5 (Prop_F6LUT_SLICEL_I3_O)
                                                      0.148     3.764 r  u_mp/u_ls/sRemain[6][30]_i_2/O
                         net (fo=1, routed)           0.011     3.775    u_mp/u_rf/sRemain_reg[6][30]
    SLICE_X54Y448        MUXF7 (Prop_F7MUX_EF_SLICEL_I0_O)
                                                      0.064     3.839 r  u_mp/u_rf/sRemain_reg[6][30]_i_1/O
                         net (fo=8, routed)           0.470     4.308    u_mp/u_ls/sRemain_reg[6][31]_0[29]
    SLICE_X53Y450        FDRE                                         r  u_mp/u_ls/sRemain_reg[7][30]/D
  -------------------------------------------------------------------    -------------------

                         (clock clk rise edge)        4.348     4.348 r  
                                                      0.000     4.348 r  clk (IN)
                         net (fo=84763, unset)        0.021     4.369    u_mp/u_ls/clk
    SLICE_X53Y450        FDRE                                         r  u_mp/u_ls/sRemain_reg[7][30]/C
                         clock pessimism              0.000     4.369    
                         clock uncertainty           -0.035     4.334    
    SLICE_X53Y450        FDRE (Setup_FFF2_SLICEM_C_D)
                                                      0.025     4.359    u_mp/u_ls/sRemain_reg[7][30]
  -------------------------------------------------------------------
                         required time                          4.359    
                         arrival time                          -4.308    
  -------------------------------------------------------------------
                         slack                                  0.050    





Min Delay Paths
--------------------------------------------------------------------------------------
Slack (MET) :             0.039ns  (arrival time - required time)
  Source:                 u_mem/cnt_reg[11]/C
                            (rising edge-triggered cell FDCE clocked by clk  {rise@0.000ns fall@2.174ns period=4.348ns})
  Destination:            u_mem/cnt_reg[12]/D
                            (rising edge-triggered cell FDCE clocked by clk  {rise@0.000ns fall@2.174ns period=4.348ns})
  Path Group:             clk
  Path Type:              Hold (Min at Fast Process Corner)
  Requirement:            0.000ns  (clk rise@0.000ns - clk rise@0.000ns)
  Data Path Delay:        0.092ns  (logic 0.059ns (64.343%)  route 0.033ns (35.657%))
  Logic Levels:           1  (LUT5=1)
  Clock Path Skew:        0.006ns (DCD - SCD - CPR)
    Destination Clock Delay (DCD):    0.019ns
    Source Clock Delay      (SCD):    0.013ns
    Clock Pessimism Removal (CPR):    -0.000ns

    Location             Delay type                Incr(ns)  Path(ns)    Netlist Resource(s)
  -------------------------------------------------------------------    -------------------
                         (clock clk rise edge)        0.000     0.000 r  
                                                      0.000     0.000 r  clk (IN)
                         net (fo=84763, unset)        0.013     0.013    u_mem/clk
    SLICE_X70Y430        FDCE                                         r  u_mem/cnt_reg[11]/C
  -------------------------------------------------------------------    -------------------
    SLICE_X70Y430        FDCE (Prop_HFF_SLICEL_C_Q)
                                                      0.039     0.052 r  u_mem/cnt_reg[11]/Q
                         net (fo=5, routed)           0.027     0.079    u_mem/cnt_reg_n_0_[11]
    SLICE_X70Y430        LUT5 (Prop_H5LUT_SLICEL_I1_O)
                                                      0.020     0.099 r  u_mem/cnt[12]_i_1/O
                         net (fo=1, routed)           0.006     0.105    u_mem/cnt[12]_i_1_n_0
    SLICE_X70Y430        FDCE                                         r  u_mem/cnt_reg[12]/D
  -------------------------------------------------------------------    -------------------

                         (clock clk rise edge)        0.000     0.000 r  
                                                      0.000     0.000 r  clk (IN)
                         net (fo=84763, unset)        0.019     0.019    u_mem/clk
    SLICE_X70Y430        FDCE                                         r  u_mem/cnt_reg[12]/C
                         clock pessimism              0.000     0.019    
    SLICE_X70Y430        FDCE (Hold_HFF2_SLICEL_C_D)
                                                      0.047     0.066    u_mem/cnt_reg[12]
  -------------------------------------------------------------------
                         required time                         -0.066    
                         arrival time                           0.105    
  -------------------------------------------------------------------
                         slack                                  0.039    





Pulse Width Checks
--------------------------------------------------------------------------------------
Clock Name:         clk
Waveform(ns):       { 0.000 2.174 }
Period(ns):         4.348
Sources:            { clk }

Check Type        Corner  Lib Pin             Reference Pin  Required(ns)  Actual(ns)  Slack(ns)  Location      Pin
Min Period        n/a     RAMB36E2/CLKARDCLK  n/a            1.569         4.348       2.779      RAMB36_X4Y87  u_mp/u_istore/mem_reg_bram_0/CLKARDCLK
Low Pulse Width   Slow    RAMB36E2/CLKARDCLK  n/a            0.542         2.174       1.632      RAMB36_X4Y87  u_mp/u_istore/mem_reg_bram_0/CLKARDCLK
High Pulse Width  Slow    RAMB36E2/CLKARDCLK  n/a            0.542         2.174       1.632      RAMB36_X4Y87  u_mp/u_istore/mem_reg_bram_0/CLKARDCLK



