Copyright 1986-2022 Xilinx, Inc. All Rights Reserved. Copyright 2022-2025 Advanced Micro Devices, Inc. All Rights Reserved.
--------------------------------------------------------------------------------------------------------------------------------------------------
| Tool Version      : Vivado v.2025.2 (lin64) Build 6299465 Fri Nov 14 12:34:56 MST 2025
| Date              : Sun May  3 15:28:37 2026
| Host              : ubuntu running 64-bit Ubuntu 22.04.5 LTS
| Command           : report_timing_summary -file /home/ubuntu/Tiara/synth_app/timing_post_route.rpt -warn_on_violation
| Design            : mqnic_app_block
| Device            : xcu50-fsvh2104
| Speed File        : -2  PRODUCTION 1.30 05-01-2022
| Design State      : Routed
| Temperature Grade : E
--------------------------------------------------------------------------------------------------------------------------------------------------

Timing Summary Report

------------------------------------------------------------------------------------------------
| Timer Settings
| --------------
------------------------------------------------------------------------------------------------

  Enable Multi Corner Analysis               :  Yes
  Enable Pessimism Removal                   :  Yes
  Pessimism Removal Resolution               :  Nearest Common Node
  Enable Input Delay Default Clock           :  No
  Enable Preset / Clear Arcs                 :  No
  Disable Flight Delays                      :  No
  Ignore I/O Paths                           :  No
  Timing Early Launch at Borrowing Latches   :  No
  Borrow Time for Max Delay Exceptions       :  Yes
  Merge Timing Exceptions                    :  Yes
  Inter-SLR Compensation                     :  Conservative

  Corner  Analyze    Analyze    
  Name    Max Paths  Min Paths  
  ------  ---------  ---------  
  Slow    Yes        Yes        
  Fast    Yes        Yes        


------------------------------------------------------------------------------------------------
| Report Methodology
| ------------------
------------------------------------------------------------------------------------------------

No report available as report_methodology has not been run prior. Run report_methodology on the current design for the summary of methodology violations.



check_timing report

Table of Contents
-----------------
1. checking no_clock (0)
2. checking constant_clock (0)
3. checking pulse_width_clock (0)
4. checking unconstrained_internal_endpoints (0)
5. checking no_input_delay (588)
6. checking no_output_delay (651)
7. checking multiple_clock (0)
8. checking generated_clocks (0)
9. checking loops (0)
10. checking partial_input_delay (0)
11. checking partial_output_delay (0)
12. checking latch_loops (0)

1. checking no_clock (0)
------------------------
 There are 0 register/latch pins with no clock.


2. checking constant_clock (0)
------------------------------
 There are 0 register/latch pins with constant_clock.


3. checking pulse_width_clock (0)
---------------------------------
 There are 0 register/latch pins which need pulse_width check


4. checking unconstrained_internal_endpoints (0)
------------------------------------------------
 There are 0 pins that are not constrained for maximum delay.

 There are 0 pins that are not constrained for maximum delay due to constant clock.


5. checking no_input_delay (588)
--------------------------------
 There are 588 input ports with no input delay specified. (HIGH)

 There are 0 input ports with no input delay but user has a false path constraint.


6. checking no_output_delay (651)
---------------------------------
 There are 651 ports with no output delay specified. (HIGH)

 There are 0 ports with no output delay but user has a false path constraint

 There are 0 ports with no output delay but with a timing clock defined on it or propagating through it


7. checking multiple_clock (0)
------------------------------
 There are 0 register/latch pins with multiple clocks.


8. checking generated_clocks (0)
--------------------------------
 There are 0 generated clocks that are not connected to a clock source.


9. checking loops (0)
---------------------
 There are 0 combinational loops in the design.


10. checking partial_input_delay (0)
------------------------------------
 There are 0 input ports with partial input delay specified.


11. checking partial_output_delay (0)
-------------------------------------
 There are 0 ports with partial output delay specified.


12. checking latch_loops (0)
----------------------------
 There are 0 combinational latch loops in the design through latch input



------------------------------------------------------------------------------------------------
| Design Timing Summary
| ---------------------
------------------------------------------------------------------------------------------------

    WNS(ns)      TNS(ns)  TNS Failing Endpoints  TNS Total Endpoints      WHS(ns)      THS(ns)  THS Failing Endpoints  THS Total Endpoints     WPWS(ns)     TPWS(ns)  TPWS Failing Endpoints  TPWS Total Endpoints  
    -------      -------  ---------------------  -------------------      -------      -------  ---------------------  -------------------     --------     --------  ----------------------  --------------------  
      0.077        0.000                      0               171700        0.044        0.000                      0               171700        1.958        0.000                       0                 86407  


All user specified timing constraints are met.


------------------------------------------------------------------------------------------------
| Clock Summary
| -------------
------------------------------------------------------------------------------------------------

Clock  Waveform(ns)         Period(ns)      Frequency(MHz)
-----  ------------         ----------      --------------
clk    {0.000 2.500}        5.000           200.000         


------------------------------------------------------------------------------------------------
| Intra Clock Table
| -----------------
------------------------------------------------------------------------------------------------

Clock             WNS(ns)      TNS(ns)  TNS Failing Endpoints  TNS Total Endpoints      WHS(ns)      THS(ns)  THS Failing Endpoints  THS Total Endpoints     WPWS(ns)     TPWS(ns)  TPWS Failing Endpoints  TPWS Total Endpoints  
-----             -------      -------  ---------------------  -------------------      -------      -------  ---------------------  -------------------     --------     --------  ----------------------  --------------------  
clk                 0.077        0.000                      0               171700        0.044        0.000                      0               171700        1.958        0.000                       0                 86407  


------------------------------------------------------------------------------------------------
| Inter Clock Table
| -----------------
------------------------------------------------------------------------------------------------

From Clock    To Clock          WNS(ns)      TNS(ns)  TNS Failing Endpoints  TNS Total Endpoints      WHS(ns)      THS(ns)  THS Failing Endpoints  THS Total Endpoints  
----------    --------          -------      -------  ---------------------  -------------------      -------      -------  ---------------------  -------------------  


------------------------------------------------------------------------------------------------
| Other Path Groups Table
| -----------------------
------------------------------------------------------------------------------------------------

Path Group    From Clock    To Clock          WNS(ns)      TNS(ns)  TNS Failing Endpoints  TNS Total Endpoints      WHS(ns)      THS(ns)  THS Failing Endpoints  THS Total Endpoints  
----------    ----------    --------          -------      -------  ---------------------  -------------------      -------      -------  ---------------------  -------------------  


------------------------------------------------------------------------------------------------
| Timing Details
| --------------
------------------------------------------------------------------------------------------------


---------------------------------------------------------------------------------------------------
From Clock:  clk
  To Clock:  clk

Setup :            0  Failing Endpoints,  Worst Slack        0.077ns,  Total Violation        0.000ns
Hold  :            0  Failing Endpoints,  Worst Slack        0.044ns,  Total Violation        0.000ns
PW    :            0  Failing Endpoints,  Worst Slack        1.958ns,  Total Violation        0.000ns
---------------------------------------------------------------------------------------------------


Max Delay Paths
--------------------------------------------------------------------------------------
Slack (MET) :             0.077ns  (required time - arrival time)
  Source:                 u_tiara_core/u_mem/local_rd_reg[42]/C
                            (rising edge-triggered cell FDRE clocked by clk  {rise@0.000ns fall@2.500ns period=5.000ns})
  Destination:            u_tiara_core/u_mem/local_mem_reg[509][43]/CE
                            (rising edge-triggered cell FDRE clocked by clk  {rise@0.000ns fall@2.500ns period=5.000ns})
  Path Group:             clk
  Path Type:              Setup (Max at Slow Process Corner)
  Requirement:            5.000ns  (clk rise@5.000ns - clk rise@0.000ns)
  Data Path Delay:        4.819ns  (logic 0.895ns (18.571%)  route 3.924ns (81.429%))
  Logic Levels:           7  (CARRY8=2 LUT3=1 LUT5=2 LUT6=2)
  Clock Path Skew:        -0.008ns (DCD - SCD + CPR)
    Destination Clock Delay (DCD):    0.020ns = ( 5.020 - 5.000 ) 
    Source Clock Delay      (SCD):    0.028ns
    Clock Pessimism Removal (CPR):    0.000ns
  Clock Uncertainty:      0.035ns  ((TSJ^2 + TIJ^2)^1/2 + DJ) / 2 + PE
    Total System Jitter     (TSJ):    0.071ns
    Total Input Jitter      (TIJ):    0.000ns
    Discrete Jitter          (DJ):    0.000ns
    Phase Error              (PE):    0.000ns

    Location             Delay type                Incr(ns)  Path(ns)    Netlist Resource(s)
  -------------------------------------------------------------------    -------------------
                         (clock clk rise edge)        0.000     0.000 r  
                                                      0.000     0.000 r  clk (IN)
                         net (fo=86421, unset)        0.028     0.028    u_tiara_core/u_mem/clk
    SLICE_X117Y113       FDRE                                         r  u_tiara_core/u_mem/local_rd_reg[42]/C
  -------------------------------------------------------------------    -------------------
    SLICE_X117Y113       FDRE (Prop_CFF_SLICEL_C_Q)
                                                      0.079     0.107 r  u_tiara_core/u_mem/local_rd_reg[42]/Q
                         net (fo=4, routed)           0.853     0.960    u_tiara_core/u_mem/local_rd[42]
    SLICE_X109Y113       LUT3 (Prop_H6LUT_SLICEM_I0_O)
                                                      0.152     1.112 r  u_tiara_core/u_mem/local_mem[178][63]_i_69/O
                         net (fo=1, routed)           0.157     1.269    u_tiara_core/u_mem/local_mem[178][63]_i_69_n_0
    SLICE_X107Y114       LUT6 (Prop_G6LUT_SLICEM_I3_O)
                                                      0.123     1.392 r  u_tiara_core/u_mem/local_mem[178][63]_i_35/O
                         net (fo=1, routed)           0.016     1.408    u_tiara_core/u_mem/local_mem[178][63]_i_35_n_0
    SLICE_X107Y114       CARRY8 (Prop_CARRY8_SLICEM_S[6]_CO[7])
                                                      0.117     1.525 r  u_tiara_core/u_mem/local_mem_reg[178][63]_i_26/CO[7]
                         net (fo=1, routed)           0.026     1.551    u_tiara_core/u_mem/local_mem_reg[178][63]_i_26_n_0
    SLICE_X107Y115       CARRY8 (Prop_CARRY8_SLICEM_CI_CO[5])
                                                      0.077     1.628 r  u_tiara_core/u_mem/local_mem_reg[178][63]_i_9/CO[5]
                         net (fo=12, routed)          0.382     2.009    u_tiara_core/u_mem/local_mem_reg[178][63]_i_9_n_2
    SLICE_X108Y103       LUT6 (Prop_H6LUT_SLICEL_I3_O)
                                                      0.124     2.133 f  u_tiara_core/u_mem/local_mem[178][63]_i_4/O
                         net (fo=133, routed)         0.099     2.232    u_tiara_core/u_mem/local_mem[178][63]_i_4_n_0
    SLICE_X109Y103       LUT5 (Prop_H5LUT_SLICEM_I0_O)
                                                      0.066     2.298 r  u_tiara_core/u_mem/local_mem[470][63]_i_3/O
                         net (fo=64, routed)          1.148     3.447    u_tiara_core/u_mem/local_mem[470][63]_i_3_n_0
    SLICE_X113Y21        LUT5 (Prop_D5LUT_SLICEL_I0_O)
                                                      0.157     3.604 r  u_tiara_core/u_mem/local_mem[509][63]_i_1/O
                         net (fo=64, routed)          1.244     4.847    u_tiara_core/u_mem/local_mem[509][63]_i_1_n_0
    SLICE_X131Y16        FDRE                                         r  u_tiara_core/u_mem/local_mem_reg[509][43]/CE
  -------------------------------------------------------------------    -------------------

                         (clock clk rise edge)        5.000     5.000 r  
                                                      0.000     5.000 r  clk (IN)
                         net (fo=86421, unset)        0.020     5.020    u_tiara_core/u_mem/clk
    SLICE_X131Y16        FDRE                                         r  u_tiara_core/u_mem/local_mem_reg[509][43]/C
                         clock pessimism              0.000     5.020    
                         clock uncertainty           -0.035     4.985    
    SLICE_X131Y16        FDRE (Setup_EFF_SLICEL_C_CE)
                                                     -0.060     4.925    u_tiara_core/u_mem/local_mem_reg[509][43]
  -------------------------------------------------------------------
                         required time                          4.925    
                         arrival time                          -4.847    
  -------------------------------------------------------------------
                         slack                                  0.077    





Min Delay Paths
--------------------------------------------------------------------------------------
Slack (MET) :             0.044ns  (arrival time - required time)
  Source:                 u_tiara_axil/done_sticky_reg/C
                            (rising edge-triggered cell FDRE clocked by clk  {rise@0.000ns fall@2.500ns period=5.000ns})
  Destination:            u_tiara_axil/done_sticky_reg/D
                            (rising edge-triggered cell FDRE clocked by clk  {rise@0.000ns fall@2.500ns period=5.000ns})
  Path Group:             clk
  Path Type:              Hold (Min at Fast Process Corner)
  Requirement:            0.000ns  (clk rise@0.000ns - clk rise@0.000ns)
  Data Path Delay:        0.096ns  (logic 0.054ns (56.196%)  route 0.042ns (43.804%))
  Logic Levels:           1  (LUT4=1)
  Clock Path Skew:        0.006ns (DCD - SCD - CPR)
    Destination Clock Delay (DCD):    0.019ns
    Source Clock Delay      (SCD):    0.013ns
    Clock Pessimism Removal (CPR):    -0.000ns

    Location             Delay type                Incr(ns)  Path(ns)    Netlist Resource(s)
  -------------------------------------------------------------------    -------------------
                         (clock clk rise edge)        0.000     0.000 r  
                                                      0.000     0.000 r  clk (IN)
                         net (fo=86421, unset)        0.013     0.013    u_tiara_axil/clk
    SLICE_X78Y230        FDRE                                         r  u_tiara_axil/done_sticky_reg/C
  -------------------------------------------------------------------    -------------------
    SLICE_X78Y230        FDRE (Prop_HFF_SLICEL_C_Q)
                                                      0.039     0.052 r  u_tiara_axil/done_sticky_reg/Q
                         net (fo=2, routed)           0.025     0.077    u_tiara_axil/done_sticky
    SLICE_X78Y230        LUT4 (Prop_H6LUT_SLICEL_I3_O)
                                                      0.015     0.092 r  u_tiara_axil/done_sticky_i_1/O
                         net (fo=1, routed)           0.017     0.109    u_tiara_axil/done_sticky_i_1_n_0
    SLICE_X78Y230        FDRE                                         r  u_tiara_axil/done_sticky_reg/D
  -------------------------------------------------------------------    -------------------

                         (clock clk rise edge)        0.000     0.000 r  
                                                      0.000     0.000 r  clk (IN)
                         net (fo=86421, unset)        0.019     0.019    u_tiara_axil/clk
    SLICE_X78Y230        FDRE                                         r  u_tiara_axil/done_sticky_reg/C
                         clock pessimism              0.000     0.019    
    SLICE_X78Y230        FDRE (Hold_HFF_SLICEL_C_D)
                                                      0.046     0.065    u_tiara_axil/done_sticky_reg
  -------------------------------------------------------------------
                         required time                         -0.065    
                         arrival time                           0.109    
  -------------------------------------------------------------------
                         slack                                  0.044    





Pulse Width Checks
--------------------------------------------------------------------------------------
Clock Name:         clk
Waveform(ns):       { 0.000 2.500 }
Period(ns):         5.000
Sources:            { clk }

Check Type        Corner  Lib Pin             Reference Pin  Required(ns)  Actual(ns)  Slack(ns)  Location      Pin
Min Period        n/a     RAMB36E2/CLKARDCLK  n/a            1.569         5.000       3.431      RAMB36_X5Y38  u_tiara_core/u_mp/u_istore/mem_reg_bram_0/CLKARDCLK
Low Pulse Width   Slow    RAMB36E2/CLKARDCLK  n/a            0.542         2.500       1.958      RAMB36_X5Y38  u_tiara_core/u_mp/u_istore/mem_reg_bram_0/CLKARDCLK
High Pulse Width  Slow    RAMB36E2/CLKARDCLK  n/a            0.542         2.500       1.958      RAMB36_X5Y38  u_tiara_core/u_mp/u_istore/mem_reg_bram_0/CLKARDCLK



