Copyright 1986-2022 Xilinx, Inc. All Rights Reserved. Copyright 2022-2025 Advanced Micro Devices, Inc. All Rights Reserved.
-------------------------------------------------------------------------------------------------------------------------------------------------------------------------------------------------------------------------------------------------------------------------------------------
| Tool Version      : Vivado v.2025.2 (lin64) Build 6299465 Fri Nov 14 12:34:56 MST 2025
| Date              : Fri Jun  5 12:51:09 2026
| Host              : ubuntu running 64-bit Ubuntu 22.04.5 LTS
| Command           : report_timing -from [get_cells -hierarchical -filter {NAME =~ *u_mp/* || NAME =~ *u_disp/*}] -to [get_cells -hierarchical -filter {NAME =~ *u_mp/* || NAME =~ *u_disp/*}] -max_paths 10 -nworst 10 -file /home/ubuntu/Tiara/synth_322_fp/timing_core_only_322_fp.rpt
| Design            : tiara_synth_top
| Device            : xcu50-fsvh2104
| Speed File        : -2  PRODUCTION 1.30 05-01-2022
| Design State      : Routed
| Temperature Grade : E
-------------------------------------------------------------------------------------------------------------------------------------------------------------------------------------------------------------------------------------------------------------------------------------------

Timing Report

Slack (VIOLATED) :        -0.857ns  (required time - arrival time)
  Source:                 u_mp/iw0_reg[50]/C
                            (rising edge-triggered cell FDCE clocked by clk  {rise@0.000ns fall@1.551ns period=3.103ns})
  Destination:            u_mp/u_ls/sRemain_reg[4][11]/D
                            (rising edge-triggered cell FDRE clocked by clk  {rise@0.000ns fall@1.551ns period=3.103ns})
  Path Group:             clk
  Path Type:              Setup (Max at Slow Process Corner)
  Requirement:            3.103ns  (clk rise@3.103ns - clk rise@0.000ns)
  Data Path Delay:        3.940ns  (logic 0.983ns (24.947%)  route 2.957ns (75.053%))
  Logic Levels:           10  (CARRY8=1 LUT3=1 LUT5=2 LUT6=5 MUXF7=1)
  Clock Path Skew:        -0.009ns (DCD - SCD + CPR)
    Destination Clock Delay (DCD):    0.021ns = ( 3.124 - 3.103 ) 
    Source Clock Delay      (SCD):    0.030ns
    Clock Pessimism Removal (CPR):    0.000ns
  Clock Uncertainty:      0.035ns  ((TSJ^2 + TIJ^2)^1/2 + DJ) / 2 + PE
    Total System Jitter     (TSJ):    0.071ns
    Total Input Jitter      (TIJ):    0.000ns
    Discrete Jitter          (DJ):    0.000ns
    Phase Error              (PE):    0.000ns

    Location             Delay type                Incr(ns)  Path(ns)    PBlock               Netlist Resource(s)
  -------------------------------------------------------------------    ----------------------------------------
                         (clock clk rise edge)        0.000     0.000 r                       
                                                      0.000     0.000 r                       clk (IN)
                         net (fo=84936, unset)        0.030     0.030                         u_mp/clk
    SLICE_X97Y300        FDCE                                         r  pb_core              u_mp/iw0_reg[50]/C
  -------------------------------------------------------------------    ----------------------------------------
    SLICE_X97Y300        FDCE (Prop_AFF_SLICEM_C_Q)
                                                      0.077     0.107 r  pb_core              u_mp/iw0_reg[50]/Q
                         net (fo=256, routed)         0.672     0.779                         u_mp/u_rf/cur_atom_exp_reg[0][50]
    SLICE_X103Y309       LUT6 (Prop_G6LUT_SLICEL_I2_O)
                                                      0.149     0.928 f  pb_core              u_mp/u_rf/mul_a[49]_i_4/O
                         net (fo=1, routed)           0.094     1.022                         u_mp/u_rf/mul_a[49]_i_4_n_0
    SLICE_X103Y309       LUT6 (Prop_H6LUT_SLICEL_I3_O)
                                                      0.124     1.146 f  pb_core              u_mp/u_rf/mul_a[49]_i_1/O
                         net (fo=32, routed)          0.520     1.666                         u_mp/u_rf/rf_ra[49]
    SLICE_X99Y304        LUT3 (Prop_A6LUT_SLICEM_I1_O)
                                                      0.038     1.704 r  pb_core              u_mp/u_rf/sBegin[7][9]_i_18/O
                         net (fo=1, routed)           0.013     1.717                         u_mp/u_rf/sBegin[7][9]_i_18_n_0
    SLICE_X99Y304        CARRY8 (Prop_CARRY8_SLICEM_S[0]_CO[5])
                                                      0.201     1.918 r  pb_core              u_mp/u_rf/sBegin_reg[7][9]_i_8/CO[5]
                         net (fo=35, routed)          0.233     2.152                         u_mp/u_rf/ls_push1
    SLICE_X99Y309        LUT6 (Prop_D6LUT_SLICEM_I2_O)
                                                      0.037     2.189 r  pb_core              u_mp/u_rf/pc[8]_i_6/O
                         net (fo=11, routed)          0.227     2.415                         u_mp/u_rf/iw0_reg[63]
    SLICE_X99Y316        LUT5 (Prop_F6LUT_SLICEM_I4_O)
                                                      0.037     2.452 r  pb_core              u_mp/u_rf/pc[5]_i_3/O
                         net (fo=3, routed)           0.216     2.668                         u_mp/u_rf/pc_reg[5]_0
    SLICE_X100Y315       LUT6 (Prop_E6LUT_SLICEM_I2_O)
                                                      0.052     2.720 r  pb_core              u_mp/u_rf/sRemain[6][0]_i_12/O
                         net (fo=1, routed)           0.119     2.839                         u_mp/u_ls/sp_reg[0]_2
    SLICE_X102Y315       LUT6 (Prop_F6LUT_SLICEM_I5_O)
                                                      0.148     2.987 r  pb_core              u_mp/u_ls/sRemain[6][0]_i_3/O
                         net (fo=33, routed)          0.414     3.402                         u_mp/u_ls/sRemain[6][0]_i_3_n_0
    SLICE_X103Y315       LUT5 (Prop_D6LUT_SLICEL_I3_O)
                                                      0.050     3.452 r  pb_core              u_mp/u_ls/sRemain[6][11]_i_2/O
                         net (fo=1, routed)           0.009     3.461                         u_mp/u_rf/sRemain_reg[6][11]
    SLICE_X103Y315       MUXF7 (Prop_F7MUX_CD_SLICEL_I0_O)
                                                      0.070     3.531 r  pb_core              u_mp/u_rf/sRemain_reg[6][11]_i_1/O
                         net (fo=8, routed)           0.440     3.970                         u_mp/u_ls/sRemain_reg[6][31]_0[10]
    SLICE_X106Y315       FDRE                                         r  pb_core              u_mp/u_ls/sRemain_reg[4][11]/D
  -------------------------------------------------------------------    ----------------------------------------

                         (clock clk rise edge)        3.103     3.103 r                       
                                                      0.000     3.103 r                       clk (IN)
                         net (fo=84936, unset)        0.021     3.124                         u_mp/u_ls/clk
    SLICE_X106Y315       FDRE                                         r  pb_core              u_mp/u_ls/sRemain_reg[4][11]/C
                         clock pessimism              0.000     3.124                           
                         clock uncertainty           -0.035     3.089                           
    SLICE_X106Y315       FDRE (Setup_HFF_SLICEM_C_D)
                                                      0.025     3.114    pb_core                u_mp/u_ls/sRemain_reg[4][11]
  -------------------------------------------------------------------
                         required time                          3.114                           
                         arrival time                          -3.970                           
  -------------------------------------------------------------------
                         slack                                 -0.857                           

Slack (VIOLATED) :        -0.857ns  (required time - arrival time)
  Source:                 u_mp/iw0_reg[50]/C
                            (rising edge-triggered cell FDCE clocked by clk  {rise@0.000ns fall@1.551ns period=3.103ns})
  Destination:            u_mp/u_ls/sRemain_reg[4][11]/D
                            (rising edge-triggered cell FDRE clocked by clk  {rise@0.000ns fall@1.551ns period=3.103ns})
  Path Group:             clk
  Path Type:              Setup (Max at Slow Process Corner)
  Requirement:            3.103ns  (clk rise@3.103ns - clk rise@0.000ns)
  Data Path Delay:        3.940ns  (logic 0.983ns (24.947%)  route 2.957ns (75.053%))
  Logic Levels:           10  (CARRY8=1 LUT3=1 LUT5=2 LUT6=5 MUXF7=1)
  Clock Path Skew:        -0.009ns (DCD - SCD + CPR)
    Destination Clock Delay (DCD):    0.021ns = ( 3.124 - 3.103 ) 
    Source Clock Delay      (SCD):    0.030ns
    Clock Pessimism Removal (CPR):    0.000ns
  Clock Uncertainty:      0.035ns  ((TSJ^2 + TIJ^2)^1/2 + DJ) / 2 + PE
    Total System Jitter     (TSJ):    0.071ns
    Total Input Jitter      (TIJ):    0.000ns
    Discrete Jitter          (DJ):    0.000ns
    Phase Error              (PE):    0.000ns

    Location             Delay type                Incr(ns)  Path(ns)    PBlock               Netlist Resource(s)
  -------------------------------------------------------------------    ----------------------------------------
                         (clock clk rise edge)        0.000     0.000 r                       
                                                      0.000     0.000 r                       clk (IN)
                         net (fo=84936, unset)        0.030     0.030                         u_mp/clk
    SLICE_X97Y300        FDCE                                         r  pb_core              u_mp/iw0_reg[50]/C
  -------------------------------------------------------------------    ----------------------------------------
    SLICE_X97Y300        FDCE (Prop_AFF_SLICEM_C_Q)
                                                      0.077     0.107 f  pb_core              u_mp/iw0_reg[50]/Q
                         net (fo=256, routed)         0.672     0.779                         u_mp/u_rf/cur_atom_exp_reg[0][50]
    SLICE_X103Y309       LUT6 (Prop_G6LUT_SLICEL_I2_O)
                                                      0.149     0.928 f  pb_core              u_mp/u_rf/mul_a[49]_i_4/O
                         net (fo=1, routed)           0.094     1.022                         u_mp/u_rf/mul_a[49]_i_4_n_0
    SLICE_X103Y309       LUT6 (Prop_H6LUT_SLICEL_I3_O)
                                                      0.124     1.146 f  pb_core              u_mp/u_rf/mul_a[49]_i_1/O
                         net (fo=32, routed)          0.520     1.666                         u_mp/u_rf/rf_ra[49]
    SLICE_X99Y304        LUT3 (Prop_A6LUT_SLICEM_I1_O)
                                                      0.038     1.704 r  pb_core              u_mp/u_rf/sBegin[7][9]_i_18/O
                         net (fo=1, routed)           0.013     1.717                         u_mp/u_rf/sBegin[7][9]_i_18_n_0
    SLICE_X99Y304        CARRY8 (Prop_CARRY8_SLICEM_S[0]_CO[5])
                                                      0.201     1.918 r  pb_core              u_mp/u_rf/sBegin_reg[7][9]_i_8/CO[5]
                         net (fo=35, routed)          0.233     2.152                         u_mp/u_rf/ls_push1
    SLICE_X99Y309        LUT6 (Prop_D6LUT_SLICEM_I2_O)
                                                      0.037     2.189 r  pb_core              u_mp/u_rf/pc[8]_i_6/O
                         net (fo=11, routed)          0.227     2.415                         u_mp/u_rf/iw0_reg[63]
    SLICE_X99Y316        LUT5 (Prop_F6LUT_SLICEM_I4_O)
                                                      0.037     2.452 r  pb_core              u_mp/u_rf/pc[5]_i_3/O
                         net (fo=3, routed)           0.216     2.668                         u_mp/u_rf/pc_reg[5]_0
    SLICE_X100Y315       LUT6 (Prop_E6LUT_SLICEM_I2_O)
                                                      0.052     2.720 r  pb_core              u_mp/u_rf/sRemain[6][0]_i_12/O
                         net (fo=1, routed)           0.119     2.839                         u_mp/u_ls/sp_reg[0]_2
    SLICE_X102Y315       LUT6 (Prop_F6LUT_SLICEM_I5_O)
                                                      0.148     2.987 r  pb_core              u_mp/u_ls/sRemain[6][0]_i_3/O
                         net (fo=33, routed)          0.414     3.402                         u_mp/u_ls/sRemain[6][0]_i_3_n_0
    SLICE_X103Y315       LUT5 (Prop_D6LUT_SLICEL_I3_O)
                                                      0.050     3.452 r  pb_core              u_mp/u_ls/sRemain[6][11]_i_2/O
                         net (fo=1, routed)           0.009     3.461                         u_mp/u_rf/sRemain_reg[6][11]
    SLICE_X103Y315       MUXF7 (Prop_F7MUX_CD_SLICEL_I0_O)
                                                      0.070     3.531 r  pb_core              u_mp/u_rf/sRemain_reg[6][11]_i_1/O
                         net (fo=8, routed)           0.440     3.970                         u_mp/u_ls/sRemain_reg[6][31]_0[10]
    SLICE_X106Y315       FDRE                                         r  pb_core              u_mp/u_ls/sRemain_reg[4][11]/D
  -------------------------------------------------------------------    ----------------------------------------

                         (clock clk rise edge)        3.103     3.103 r                       
                                                      0.000     3.103 r                       clk (IN)
                         net (fo=84936, unset)        0.021     3.124                         u_mp/u_ls/clk
    SLICE_X106Y315       FDRE                                         r  pb_core              u_mp/u_ls/sRemain_reg[4][11]/C
                         clock pessimism              0.000     3.124                           
                         clock uncertainty           -0.035     3.089                           
    SLICE_X106Y315       FDRE (Setup_HFF_SLICEM_C_D)
                                                      0.025     3.114    pb_core                u_mp/u_ls/sRemain_reg[4][11]
  -------------------------------------------------------------------
                         required time                          3.114                           
                         arrival time                          -3.970                           
  -------------------------------------------------------------------
                         slack                                 -0.857                           

Slack (VIOLATED) :        -0.857ns  (required time - arrival time)
  Source:                 u_mp/iw0_reg[50]/C
                            (rising edge-triggered cell FDCE clocked by clk  {rise@0.000ns fall@1.551ns period=3.103ns})
  Destination:            u_mp/u_ls/sRemain_reg[4][11]/D
                            (rising edge-triggered cell FDRE clocked by clk  {rise@0.000ns fall@1.551ns period=3.103ns})
  Path Group:             clk
  Path Type:              Setup (Max at Slow Process Corner)
  Requirement:            3.103ns  (clk rise@3.103ns - clk rise@0.000ns)
  Data Path Delay:        3.940ns  (logic 0.983ns (24.947%)  route 2.957ns (75.053%))
  Logic Levels:           10  (CARRY8=1 LUT3=1 LUT5=2 LUT6=5 MUXF7=1)
  Clock Path Skew:        -0.009ns (DCD - SCD + CPR)
    Destination Clock Delay (DCD):    0.021ns = ( 3.124 - 3.103 ) 
    Source Clock Delay      (SCD):    0.030ns
    Clock Pessimism Removal (CPR):    0.000ns
  Clock Uncertainty:      0.035ns  ((TSJ^2 + TIJ^2)^1/2 + DJ) / 2 + PE
    Total System Jitter     (TSJ):    0.071ns
    Total Input Jitter      (TIJ):    0.000ns
    Discrete Jitter          (DJ):    0.000ns
    Phase Error              (PE):    0.000ns

    Location             Delay type                Incr(ns)  Path(ns)    PBlock               Netlist Resource(s)
  -------------------------------------------------------------------    ----------------------------------------
                         (clock clk rise edge)        0.000     0.000 r                       
                                                      0.000     0.000 r                       clk (IN)
                         net (fo=84936, unset)        0.030     0.030                         u_mp/clk
    SLICE_X97Y300        FDCE                                         r  pb_core              u_mp/iw0_reg[50]/C
  -------------------------------------------------------------------    ----------------------------------------
    SLICE_X97Y300        FDCE (Prop_AFF_SLICEM_C_Q)
                                                      0.077     0.107 r  pb_core              u_mp/iw0_reg[50]/Q
                         net (fo=256, routed)         0.672     0.779                         u_mp/u_rf/cur_atom_exp_reg[0][50]
    SLICE_X103Y309       LUT6 (Prop_G6LUT_SLICEL_I2_O)
                                                      0.149     0.928 f  pb_core              u_mp/u_rf/mul_a[49]_i_4/O
                         net (fo=1, routed)           0.094     1.022                         u_mp/u_rf/mul_a[49]_i_4_n_0
    SLICE_X103Y309       LUT6 (Prop_H6LUT_SLICEL_I3_O)
                                                      0.124     1.146 f  pb_core              u_mp/u_rf/mul_a[49]_i_1/O
                         net (fo=32, routed)          0.520     1.666                         u_mp/u_rf/rf_ra[49]
    SLICE_X99Y304        LUT3 (Prop_A6LUT_SLICEM_I1_O)
                                                      0.038     1.704 r  pb_core              u_mp/u_rf/sBegin[7][9]_i_18/O
                         net (fo=1, routed)           0.013     1.717                         u_mp/u_rf/sBegin[7][9]_i_18_n_0
    SLICE_X99Y304        CARRY8 (Prop_CARRY8_SLICEM_S[0]_CO[5])
                                                      0.201     1.918 f  pb_core              u_mp/u_rf/sBegin_reg[7][9]_i_8/CO[5]
                         net (fo=35, routed)          0.233     2.152                         u_mp/u_rf/ls_push1
    SLICE_X99Y309        LUT6 (Prop_D6LUT_SLICEM_I2_O)
                                                      0.037     2.189 f  pb_core              u_mp/u_rf/pc[8]_i_6/O
                         net (fo=11, routed)          0.227     2.415                         u_mp/u_rf/iw0_reg[63]
    SLICE_X99Y316        LUT5 (Prop_F6LUT_SLICEM_I4_O)
                                                      0.037     2.452 r  pb_core              u_mp/u_rf/pc[5]_i_3/O
                         net (fo=3, routed)           0.216     2.668                         u_mp/u_rf/pc_reg[5]_0
    SLICE_X100Y315       LUT6 (Prop_E6LUT_SLICEM_I2_O)
                                                      0.052     2.720 r  pb_core              u_mp/u_rf/sRemain[6][0]_i_12/O
                         net (fo=1, routed)           0.119     2.839                         u_mp/u_ls/sp_reg[0]_2
    SLICE_X102Y315       LUT6 (Prop_F6LUT_SLICEM_I5_O)
                                                      0.148     2.987 r  pb_core              u_mp/u_ls/sRemain[6][0]_i_3/O
                         net (fo=33, routed)          0.414     3.402                         u_mp/u_ls/sRemain[6][0]_i_3_n_0
    SLICE_X103Y315       LUT5 (Prop_D6LUT_SLICEL_I3_O)
                                                      0.050     3.452 r  pb_core              u_mp/u_ls/sRemain[6][11]_i_2/O
                         net (fo=1, routed)           0.009     3.461                         u_mp/u_rf/sRemain_reg[6][11]
    SLICE_X103Y315       MUXF7 (Prop_F7MUX_CD_SLICEL_I0_O)
                                                      0.070     3.531 r  pb_core              u_mp/u_rf/sRemain_reg[6][11]_i_1/O
                         net (fo=8, routed)           0.440     3.970                         u_mp/u_ls/sRemain_reg[6][31]_0[10]
    SLICE_X106Y315       FDRE                                         r  pb_core              u_mp/u_ls/sRemain_reg[4][11]/D
  -------------------------------------------------------------------    ----------------------------------------

                         (clock clk rise edge)        3.103     3.103 r                       
                                                      0.000     3.103 r                       clk (IN)
                         net (fo=84936, unset)        0.021     3.124                         u_mp/u_ls/clk
    SLICE_X106Y315       FDRE                                         r  pb_core              u_mp/u_ls/sRemain_reg[4][11]/C
                         clock pessimism              0.000     3.124                           
                         clock uncertainty           -0.035     3.089                           
    SLICE_X106Y315       FDRE (Setup_HFF_SLICEM_C_D)
                                                      0.025     3.114    pb_core                u_mp/u_ls/sRemain_reg[4][11]
  -------------------------------------------------------------------
                         required time                          3.114                           
                         arrival time                          -3.970                           
  -------------------------------------------------------------------
                         slack                                 -0.857                           

Slack (VIOLATED) :        -0.857ns  (required time - arrival time)
  Source:                 u_mp/iw0_reg[50]/C
                            (rising edge-triggered cell FDCE clocked by clk  {rise@0.000ns fall@1.551ns period=3.103ns})
  Destination:            u_mp/u_ls/sRemain_reg[4][11]/D
                            (rising edge-triggered cell FDRE clocked by clk  {rise@0.000ns fall@1.551ns period=3.103ns})
  Path Group:             clk
  Path Type:              Setup (Max at Slow Process Corner)
  Requirement:            3.103ns  (clk rise@3.103ns - clk rise@0.000ns)
  Data Path Delay:        3.940ns  (logic 0.983ns (24.947%)  route 2.957ns (75.053%))
  Logic Levels:           10  (CARRY8=1 LUT3=1 LUT5=2 LUT6=5 MUXF7=1)
  Clock Path Skew:        -0.009ns (DCD - SCD + CPR)
    Destination Clock Delay (DCD):    0.021ns = ( 3.124 - 3.103 ) 
    Source Clock Delay      (SCD):    0.030ns
    Clock Pessimism Removal (CPR):    0.000ns
  Clock Uncertainty:      0.035ns  ((TSJ^2 + TIJ^2)^1/2 + DJ) / 2 + PE
    Total System Jitter     (TSJ):    0.071ns
    Total Input Jitter      (TIJ):    0.000ns
    Discrete Jitter          (DJ):    0.000ns
    Phase Error              (PE):    0.000ns

    Location             Delay type                Incr(ns)  Path(ns)    PBlock               Netlist Resource(s)
  -------------------------------------------------------------------    ----------------------------------------
                         (clock clk rise edge)        0.000     0.000 r                       
                                                      0.000     0.000 r                       clk (IN)
                         net (fo=84936, unset)        0.030     0.030                         u_mp/clk
    SLICE_X97Y300        FDCE                                         r  pb_core              u_mp/iw0_reg[50]/C
  -------------------------------------------------------------------    ----------------------------------------
    SLICE_X97Y300        FDCE (Prop_AFF_SLICEM_C_Q)
                                                      0.077     0.107 f  pb_core              u_mp/iw0_reg[50]/Q
                         net (fo=256, routed)         0.672     0.779                         u_mp/u_rf/cur_atom_exp_reg[0][50]
    SLICE_X103Y309       LUT6 (Prop_G6LUT_SLICEL_I2_O)
                                                      0.149     0.928 f  pb_core              u_mp/u_rf/mul_a[49]_i_4/O
                         net (fo=1, routed)           0.094     1.022                         u_mp/u_rf/mul_a[49]_i_4_n_0
    SLICE_X103Y309       LUT6 (Prop_H6LUT_SLICEL_I3_O)
                                                      0.124     1.146 f  pb_core              u_mp/u_rf/mul_a[49]_i_1/O
                         net (fo=32, routed)          0.520     1.666                         u_mp/u_rf/rf_ra[49]
    SLICE_X99Y304        LUT3 (Prop_A6LUT_SLICEM_I1_O)
                                                      0.038     1.704 r  pb_core              u_mp/u_rf/sBegin[7][9]_i_18/O
                         net (fo=1, routed)           0.013     1.717                         u_mp/u_rf/sBegin[7][9]_i_18_n_0
    SLICE_X99Y304        CARRY8 (Prop_CARRY8_SLICEM_S[0]_CO[5])
                                                      0.201     1.918 f  pb_core              u_mp/u_rf/sBegin_reg[7][9]_i_8/CO[5]
                         net (fo=35, routed)          0.233     2.152                         u_mp/u_rf/ls_push1
    SLICE_X99Y309        LUT6 (Prop_D6LUT_SLICEM_I2_O)
                                                      0.037     2.189 f  pb_core              u_mp/u_rf/pc[8]_i_6/O
                         net (fo=11, routed)          0.227     2.415                         u_mp/u_rf/iw0_reg[63]
    SLICE_X99Y316        LUT5 (Prop_F6LUT_SLICEM_I4_O)
                                                      0.037     2.452 r  pb_core              u_mp/u_rf/pc[5]_i_3/O
                         net (fo=3, routed)           0.216     2.668                         u_mp/u_rf/pc_reg[5]_0
    SLICE_X100Y315       LUT6 (Prop_E6LUT_SLICEM_I2_O)
                                                      0.052     2.720 r  pb_core              u_mp/u_rf/sRemain[6][0]_i_12/O
                         net (fo=1, routed)           0.119     2.839                         u_mp/u_ls/sp_reg[0]_2
    SLICE_X102Y315       LUT6 (Prop_F6LUT_SLICEM_I5_O)
                                                      0.148     2.987 r  pb_core              u_mp/u_ls/sRemain[6][0]_i_3/O
                         net (fo=33, routed)          0.414     3.402                         u_mp/u_ls/sRemain[6][0]_i_3_n_0
    SLICE_X103Y315       LUT5 (Prop_D6LUT_SLICEL_I3_O)
                                                      0.050     3.452 r  pb_core              u_mp/u_ls/sRemain[6][11]_i_2/O
                         net (fo=1, routed)           0.009     3.461                         u_mp/u_rf/sRemain_reg[6][11]
    SLICE_X103Y315       MUXF7 (Prop_F7MUX_CD_SLICEL_I0_O)
                                                      0.070     3.531 r  pb_core              u_mp/u_rf/sRemain_reg[6][11]_i_1/O
                         net (fo=8, routed)           0.440     3.970                         u_mp/u_ls/sRemain_reg[6][31]_0[10]
    SLICE_X106Y315       FDRE                                         r  pb_core              u_mp/u_ls/sRemain_reg[4][11]/D
  -------------------------------------------------------------------    ----------------------------------------

                         (clock clk rise edge)        3.103     3.103 r                       
                                                      0.000     3.103 r                       clk (IN)
                         net (fo=84936, unset)        0.021     3.124                         u_mp/u_ls/clk
    SLICE_X106Y315       FDRE                                         r  pb_core              u_mp/u_ls/sRemain_reg[4][11]/C
                         clock pessimism              0.000     3.124                           
                         clock uncertainty           -0.035     3.089                           
    SLICE_X106Y315       FDRE (Setup_HFF_SLICEM_C_D)
                                                      0.025     3.114    pb_core                u_mp/u_ls/sRemain_reg[4][11]
  -------------------------------------------------------------------
                         required time                          3.114                           
                         arrival time                          -3.970                           
  -------------------------------------------------------------------
                         slack                                 -0.857                           

Slack (VIOLATED) :        -0.857ns  (required time - arrival time)
  Source:                 u_mp/iw0_reg[50]/C
                            (rising edge-triggered cell FDCE clocked by clk  {rise@0.000ns fall@1.551ns period=3.103ns})
  Destination:            u_mp/u_ls/sRemain_reg[4][11]/D
                            (rising edge-triggered cell FDRE clocked by clk  {rise@0.000ns fall@1.551ns period=3.103ns})
  Path Group:             clk
  Path Type:              Setup (Max at Slow Process Corner)
  Requirement:            3.103ns  (clk rise@3.103ns - clk rise@0.000ns)
  Data Path Delay:        3.940ns  (logic 0.983ns (24.947%)  route 2.957ns (75.053%))
  Logic Levels:           10  (CARRY8=1 LUT3=1 LUT5=2 LUT6=5 MUXF7=1)
  Clock Path Skew:        -0.009ns (DCD - SCD + CPR)
    Destination Clock Delay (DCD):    0.021ns = ( 3.124 - 3.103 ) 
    Source Clock Delay      (SCD):    0.030ns
    Clock Pessimism Removal (CPR):    0.000ns
  Clock Uncertainty:      0.035ns  ((TSJ^2 + TIJ^2)^1/2 + DJ) / 2 + PE
    Total System Jitter     (TSJ):    0.071ns
    Total Input Jitter      (TIJ):    0.000ns
    Discrete Jitter          (DJ):    0.000ns
    Phase Error              (PE):    0.000ns

    Location             Delay type                Incr(ns)  Path(ns)    PBlock               Netlist Resource(s)
  -------------------------------------------------------------------    ----------------------------------------
                         (clock clk rise edge)        0.000     0.000 r                       
                                                      0.000     0.000 r                       clk (IN)
                         net (fo=84936, unset)        0.030     0.030                         u_mp/clk
    SLICE_X97Y300        FDCE                                         r  pb_core              u_mp/iw0_reg[50]/C
  -------------------------------------------------------------------    ----------------------------------------
    SLICE_X97Y300        FDCE (Prop_AFF_SLICEM_C_Q)
                                                      0.077     0.107 r  pb_core              u_mp/iw0_reg[50]/Q
                         net (fo=256, routed)         0.672     0.779                         u_mp/u_rf/cur_atom_exp_reg[0][50]
    SLICE_X103Y309       LUT6 (Prop_G6LUT_SLICEL_I2_O)
                                                      0.149     0.928 f  pb_core              u_mp/u_rf/mul_a[49]_i_4/O
                         net (fo=1, routed)           0.094     1.022                         u_mp/u_rf/mul_a[49]_i_4_n_0
    SLICE_X103Y309       LUT6 (Prop_H6LUT_SLICEL_I3_O)
                                                      0.124     1.146 f  pb_core              u_mp/u_rf/mul_a[49]_i_1/O
                         net (fo=32, routed)          0.520     1.666                         u_mp/u_rf/rf_ra[49]
    SLICE_X99Y304        LUT3 (Prop_A6LUT_SLICEM_I1_O)
                                                      0.038     1.704 r  pb_core              u_mp/u_rf/sBegin[7][9]_i_18/O
                         net (fo=1, routed)           0.013     1.717                         u_mp/u_rf/sBegin[7][9]_i_18_n_0
    SLICE_X99Y304        CARRY8 (Prop_CARRY8_SLICEM_S[0]_CO[5])
                                                      0.201     1.918 r  pb_core              u_mp/u_rf/sBegin_reg[7][9]_i_8/CO[5]
                         net (fo=35, routed)          0.233     2.152                         u_mp/u_rf/ls_push1
    SLICE_X99Y309        LUT6 (Prop_D6LUT_SLICEM_I2_O)
                                                      0.037     2.189 r  pb_core              u_mp/u_rf/pc[8]_i_6/O
                         net (fo=11, routed)          0.227     2.415                         u_mp/u_rf/iw0_reg[63]
    SLICE_X99Y316        LUT5 (Prop_F6LUT_SLICEM_I4_O)
                                                      0.037     2.452 r  pb_core              u_mp/u_rf/pc[5]_i_3/O
                         net (fo=3, routed)           0.216     2.668                         u_mp/u_rf/pc_reg[5]_0
    SLICE_X100Y315       LUT6 (Prop_E6LUT_SLICEM_I2_O)
                                                      0.052     2.720 f  pb_core              u_mp/u_rf/sRemain[6][0]_i_12/O
                         net (fo=1, routed)           0.119     2.839                         u_mp/u_ls/sp_reg[0]_2
    SLICE_X102Y315       LUT6 (Prop_F6LUT_SLICEM_I5_O)
                                                      0.148     2.987 f  pb_core              u_mp/u_ls/sRemain[6][0]_i_3/O
                         net (fo=33, routed)          0.414     3.402                         u_mp/u_ls/sRemain[6][0]_i_3_n_0
    SLICE_X103Y315       LUT5 (Prop_D6LUT_SLICEL_I3_O)
                                                      0.050     3.452 r  pb_core              u_mp/u_ls/sRemain[6][11]_i_2/O
                         net (fo=1, routed)           0.009     3.461                         u_mp/u_rf/sRemain_reg[6][11]
    SLICE_X103Y315       MUXF7 (Prop_F7MUX_CD_SLICEL_I0_O)
                                                      0.070     3.531 r  pb_core              u_mp/u_rf/sRemain_reg[6][11]_i_1/O
                         net (fo=8, routed)           0.440     3.970                         u_mp/u_ls/sRemain_reg[6][31]_0[10]
    SLICE_X106Y315       FDRE                                         r  pb_core              u_mp/u_ls/sRemain_reg[4][11]/D
  -------------------------------------------------------------------    ----------------------------------------

                         (clock clk rise edge)        3.103     3.103 r                       
                                                      0.000     3.103 r                       clk (IN)
                         net (fo=84936, unset)        0.021     3.124                         u_mp/u_ls/clk
    SLICE_X106Y315       FDRE                                         r  pb_core              u_mp/u_ls/sRemain_reg[4][11]/C
                         clock pessimism              0.000     3.124                           
                         clock uncertainty           -0.035     3.089                           
    SLICE_X106Y315       FDRE (Setup_HFF_SLICEM_C_D)
                                                      0.025     3.114    pb_core                u_mp/u_ls/sRemain_reg[4][11]
  -------------------------------------------------------------------
                         required time                          3.114                           
                         arrival time                          -3.970                           
  -------------------------------------------------------------------
                         slack                                 -0.857                           

Slack (VIOLATED) :        -0.857ns  (required time - arrival time)
  Source:                 u_mp/iw0_reg[50]/C
                            (rising edge-triggered cell FDCE clocked by clk  {rise@0.000ns fall@1.551ns period=3.103ns})
  Destination:            u_mp/u_ls/sRemain_reg[4][11]/D
                            (rising edge-triggered cell FDRE clocked by clk  {rise@0.000ns fall@1.551ns period=3.103ns})
  Path Group:             clk
  Path Type:              Setup (Max at Slow Process Corner)
  Requirement:            3.103ns  (clk rise@3.103ns - clk rise@0.000ns)
  Data Path Delay:        3.940ns  (logic 0.983ns (24.947%)  route 2.957ns (75.053%))
  Logic Levels:           10  (CARRY8=1 LUT3=1 LUT5=2 LUT6=5 MUXF7=1)
  Clock Path Skew:        -0.009ns (DCD - SCD + CPR)
    Destination Clock Delay (DCD):    0.021ns = ( 3.124 - 3.103 ) 
    Source Clock Delay      (SCD):    0.030ns
    Clock Pessimism Removal (CPR):    0.000ns
  Clock Uncertainty:      0.035ns  ((TSJ^2 + TIJ^2)^1/2 + DJ) / 2 + PE
    Total System Jitter     (TSJ):    0.071ns
    Total Input Jitter      (TIJ):    0.000ns
    Discrete Jitter          (DJ):    0.000ns
    Phase Error              (PE):    0.000ns

    Location             Delay type                Incr(ns)  Path(ns)    PBlock               Netlist Resource(s)
  -------------------------------------------------------------------    ----------------------------------------
                         (clock clk rise edge)        0.000     0.000 r                       
                                                      0.000     0.000 r                       clk (IN)
                         net (fo=84936, unset)        0.030     0.030                         u_mp/clk
    SLICE_X97Y300        FDCE                                         r  pb_core              u_mp/iw0_reg[50]/C
  -------------------------------------------------------------------    ----------------------------------------
    SLICE_X97Y300        FDCE (Prop_AFF_SLICEM_C_Q)
                                                      0.077     0.107 f  pb_core              u_mp/iw0_reg[50]/Q
                         net (fo=256, routed)         0.672     0.779                         u_mp/u_rf/cur_atom_exp_reg[0][50]
    SLICE_X103Y309       LUT6 (Prop_G6LUT_SLICEL_I2_O)
                                                      0.149     0.928 f  pb_core              u_mp/u_rf/mul_a[49]_i_4/O
                         net (fo=1, routed)           0.094     1.022                         u_mp/u_rf/mul_a[49]_i_4_n_0
    SLICE_X103Y309       LUT6 (Prop_H6LUT_SLICEL_I3_O)
                                                      0.124     1.146 f  pb_core              u_mp/u_rf/mul_a[49]_i_1/O
                         net (fo=32, routed)          0.520     1.666                         u_mp/u_rf/rf_ra[49]
    SLICE_X99Y304        LUT3 (Prop_A6LUT_SLICEM_I1_O)
                                                      0.038     1.704 r  pb_core              u_mp/u_rf/sBegin[7][9]_i_18/O
                         net (fo=1, routed)           0.013     1.717                         u_mp/u_rf/sBegin[7][9]_i_18_n_0
    SLICE_X99Y304        CARRY8 (Prop_CARRY8_SLICEM_S[0]_CO[5])
                                                      0.201     1.918 r  pb_core              u_mp/u_rf/sBegin_reg[7][9]_i_8/CO[5]
                         net (fo=35, routed)          0.233     2.152                         u_mp/u_rf/ls_push1
    SLICE_X99Y309        LUT6 (Prop_D6LUT_SLICEM_I2_O)
                                                      0.037     2.189 r  pb_core              u_mp/u_rf/pc[8]_i_6/O
                         net (fo=11, routed)          0.227     2.415                         u_mp/u_rf/iw0_reg[63]
    SLICE_X99Y316        LUT5 (Prop_F6LUT_SLICEM_I4_O)
                                                      0.037     2.452 r  pb_core              u_mp/u_rf/pc[5]_i_3/O
                         net (fo=3, routed)           0.216     2.668                         u_mp/u_rf/pc_reg[5]_0
    SLICE_X100Y315       LUT6 (Prop_E6LUT_SLICEM_I2_O)
                                                      0.052     2.720 f  pb_core              u_mp/u_rf/sRemain[6][0]_i_12/O
                         net (fo=1, routed)           0.119     2.839                         u_mp/u_ls/sp_reg[0]_2
    SLICE_X102Y315       LUT6 (Prop_F6LUT_SLICEM_I5_O)
                                                      0.148     2.987 f  pb_core              u_mp/u_ls/sRemain[6][0]_i_3/O
                         net (fo=33, routed)          0.414     3.402                         u_mp/u_ls/sRemain[6][0]_i_3_n_0
    SLICE_X103Y315       LUT5 (Prop_D6LUT_SLICEL_I3_O)
                                                      0.050     3.452 r  pb_core              u_mp/u_ls/sRemain[6][11]_i_2/O
                         net (fo=1, routed)           0.009     3.461                         u_mp/u_rf/sRemain_reg[6][11]
    SLICE_X103Y315       MUXF7 (Prop_F7MUX_CD_SLICEL_I0_O)
                                                      0.070     3.531 r  pb_core              u_mp/u_rf/sRemain_reg[6][11]_i_1/O
                         net (fo=8, routed)           0.440     3.970                         u_mp/u_ls/sRemain_reg[6][31]_0[10]
    SLICE_X106Y315       FDRE                                         r  pb_core              u_mp/u_ls/sRemain_reg[4][11]/D
  -------------------------------------------------------------------    ----------------------------------------

                         (clock clk rise edge)        3.103     3.103 r                       
                                                      0.000     3.103 r                       clk (IN)
                         net (fo=84936, unset)        0.021     3.124                         u_mp/u_ls/clk
    SLICE_X106Y315       FDRE                                         r  pb_core              u_mp/u_ls/sRemain_reg[4][11]/C
                         clock pessimism              0.000     3.124                           
                         clock uncertainty           -0.035     3.089                           
    SLICE_X106Y315       FDRE (Setup_HFF_SLICEM_C_D)
                                                      0.025     3.114    pb_core                u_mp/u_ls/sRemain_reg[4][11]
  -------------------------------------------------------------------
                         required time                          3.114                           
                         arrival time                          -3.970                           
  -------------------------------------------------------------------
                         slack                                 -0.857                           

Slack (VIOLATED) :        -0.857ns  (required time - arrival time)
  Source:                 u_mp/iw0_reg[50]/C
                            (rising edge-triggered cell FDCE clocked by clk  {rise@0.000ns fall@1.551ns period=3.103ns})
  Destination:            u_mp/u_ls/sRemain_reg[4][11]/D
                            (rising edge-triggered cell FDRE clocked by clk  {rise@0.000ns fall@1.551ns period=3.103ns})
  Path Group:             clk
  Path Type:              Setup (Max at Slow Process Corner)
  Requirement:            3.103ns  (clk rise@3.103ns - clk rise@0.000ns)
  Data Path Delay:        3.940ns  (logic 0.983ns (24.947%)  route 2.957ns (75.053%))
  Logic Levels:           10  (CARRY8=1 LUT3=1 LUT5=2 LUT6=5 MUXF7=1)
  Clock Path Skew:        -0.009ns (DCD - SCD + CPR)
    Destination Clock Delay (DCD):    0.021ns = ( 3.124 - 3.103 ) 
    Source Clock Delay      (SCD):    0.030ns
    Clock Pessimism Removal (CPR):    0.000ns
  Clock Uncertainty:      0.035ns  ((TSJ^2 + TIJ^2)^1/2 + DJ) / 2 + PE
    Total System Jitter     (TSJ):    0.071ns
    Total Input Jitter      (TIJ):    0.000ns
    Discrete Jitter          (DJ):    0.000ns
    Phase Error              (PE):    0.000ns

    Location             Delay type                Incr(ns)  Path(ns)    PBlock               Netlist Resource(s)
  -------------------------------------------------------------------    ----------------------------------------
                         (clock clk rise edge)        0.000     0.000 r                       
                                                      0.000     0.000 r                       clk (IN)
                         net (fo=84936, unset)        0.030     0.030                         u_mp/clk
    SLICE_X97Y300        FDCE                                         r  pb_core              u_mp/iw0_reg[50]/C
  -------------------------------------------------------------------    ----------------------------------------
    SLICE_X97Y300        FDCE (Prop_AFF_SLICEM_C_Q)
                                                      0.077     0.107 r  pb_core              u_mp/iw0_reg[50]/Q
                         net (fo=256, routed)         0.672     0.779                         u_mp/u_rf/cur_atom_exp_reg[0][50]
    SLICE_X103Y309       LUT6 (Prop_G6LUT_SLICEL_I2_O)
                                                      0.149     0.928 f  pb_core              u_mp/u_rf/mul_a[49]_i_4/O
                         net (fo=1, routed)           0.094     1.022                         u_mp/u_rf/mul_a[49]_i_4_n_0
    SLICE_X103Y309       LUT6 (Prop_H6LUT_SLICEL_I3_O)
                                                      0.124     1.146 f  pb_core              u_mp/u_rf/mul_a[49]_i_1/O
                         net (fo=32, routed)          0.520     1.666                         u_mp/u_rf/rf_ra[49]
    SLICE_X99Y304        LUT3 (Prop_A6LUT_SLICEM_I1_O)
                                                      0.038     1.704 r  pb_core              u_mp/u_rf/sBegin[7][9]_i_18/O
                         net (fo=1, routed)           0.013     1.717                         u_mp/u_rf/sBegin[7][9]_i_18_n_0
    SLICE_X99Y304        CARRY8 (Prop_CARRY8_SLICEM_S[0]_CO[5])
                                                      0.201     1.918 f  pb_core              u_mp/u_rf/sBegin_reg[7][9]_i_8/CO[5]
                         net (fo=35, routed)          0.233     2.152                         u_mp/u_rf/ls_push1
    SLICE_X99Y309        LUT6 (Prop_D6LUT_SLICEM_I2_O)
                                                      0.037     2.189 f  pb_core              u_mp/u_rf/pc[8]_i_6/O
                         net (fo=11, routed)          0.227     2.415                         u_mp/u_rf/iw0_reg[63]
    SLICE_X99Y316        LUT5 (Prop_F6LUT_SLICEM_I4_O)
                                                      0.037     2.452 r  pb_core              u_mp/u_rf/pc[5]_i_3/O
                         net (fo=3, routed)           0.216     2.668                         u_mp/u_rf/pc_reg[5]_0
    SLICE_X100Y315       LUT6 (Prop_E6LUT_SLICEM_I2_O)
                                                      0.052     2.720 f  pb_core              u_mp/u_rf/sRemain[6][0]_i_12/O
                         net (fo=1, routed)           0.119     2.839                         u_mp/u_ls/sp_reg[0]_2
    SLICE_X102Y315       LUT6 (Prop_F6LUT_SLICEM_I5_O)
                                                      0.148     2.987 f  pb_core              u_mp/u_ls/sRemain[6][0]_i_3/O
                         net (fo=33, routed)          0.414     3.402                         u_mp/u_ls/sRemain[6][0]_i_3_n_0
    SLICE_X103Y315       LUT5 (Prop_D6LUT_SLICEL_I3_O)
                                                      0.050     3.452 r  pb_core              u_mp/u_ls/sRemain[6][11]_i_2/O
                         net (fo=1, routed)           0.009     3.461                         u_mp/u_rf/sRemain_reg[6][11]
    SLICE_X103Y315       MUXF7 (Prop_F7MUX_CD_SLICEL_I0_O)
                                                      0.070     3.531 r  pb_core              u_mp/u_rf/sRemain_reg[6][11]_i_1/O
                         net (fo=8, routed)           0.440     3.970                         u_mp/u_ls/sRemain_reg[6][31]_0[10]
    SLICE_X106Y315       FDRE                                         r  pb_core              u_mp/u_ls/sRemain_reg[4][11]/D
  -------------------------------------------------------------------    ----------------------------------------

                         (clock clk rise edge)        3.103     3.103 r                       
                                                      0.000     3.103 r                       clk (IN)
                         net (fo=84936, unset)        0.021     3.124                         u_mp/u_ls/clk
    SLICE_X106Y315       FDRE                                         r  pb_core              u_mp/u_ls/sRemain_reg[4][11]/C
                         clock pessimism              0.000     3.124                           
                         clock uncertainty           -0.035     3.089                           
    SLICE_X106Y315       FDRE (Setup_HFF_SLICEM_C_D)
                                                      0.025     3.114    pb_core                u_mp/u_ls/sRemain_reg[4][11]
  -------------------------------------------------------------------
                         required time                          3.114                           
                         arrival time                          -3.970                           
  -------------------------------------------------------------------
                         slack                                 -0.857                           

Slack (VIOLATED) :        -0.857ns  (required time - arrival time)
  Source:                 u_mp/iw0_reg[50]/C
                            (rising edge-triggered cell FDCE clocked by clk  {rise@0.000ns fall@1.551ns period=3.103ns})
  Destination:            u_mp/u_ls/sRemain_reg[4][11]/D
                            (rising edge-triggered cell FDRE clocked by clk  {rise@0.000ns fall@1.551ns period=3.103ns})
  Path Group:             clk
  Path Type:              Setup (Max at Slow Process Corner)
  Requirement:            3.103ns  (clk rise@3.103ns - clk rise@0.000ns)
  Data Path Delay:        3.940ns  (logic 0.983ns (24.947%)  route 2.957ns (75.053%))
  Logic Levels:           10  (CARRY8=1 LUT3=1 LUT5=2 LUT6=5 MUXF7=1)
  Clock Path Skew:        -0.009ns (DCD - SCD + CPR)
    Destination Clock Delay (DCD):    0.021ns = ( 3.124 - 3.103 ) 
    Source Clock Delay      (SCD):    0.030ns
    Clock Pessimism Removal (CPR):    0.000ns
  Clock Uncertainty:      0.035ns  ((TSJ^2 + TIJ^2)^1/2 + DJ) / 2 + PE
    Total System Jitter     (TSJ):    0.071ns
    Total Input Jitter      (TIJ):    0.000ns
    Discrete Jitter          (DJ):    0.000ns
    Phase Error              (PE):    0.000ns

    Location             Delay type                Incr(ns)  Path(ns)    PBlock               Netlist Resource(s)
  -------------------------------------------------------------------    ----------------------------------------
                         (clock clk rise edge)        0.000     0.000 r                       
                                                      0.000     0.000 r                       clk (IN)
                         net (fo=84936, unset)        0.030     0.030                         u_mp/clk
    SLICE_X97Y300        FDCE                                         r  pb_core              u_mp/iw0_reg[50]/C
  -------------------------------------------------------------------    ----------------------------------------
    SLICE_X97Y300        FDCE (Prop_AFF_SLICEM_C_Q)
                                                      0.077     0.107 f  pb_core              u_mp/iw0_reg[50]/Q
                         net (fo=256, routed)         0.672     0.779                         u_mp/u_rf/cur_atom_exp_reg[0][50]
    SLICE_X103Y309       LUT6 (Prop_G6LUT_SLICEL_I2_O)
                                                      0.149     0.928 f  pb_core              u_mp/u_rf/mul_a[49]_i_4/O
                         net (fo=1, routed)           0.094     1.022                         u_mp/u_rf/mul_a[49]_i_4_n_0
    SLICE_X103Y309       LUT6 (Prop_H6LUT_SLICEL_I3_O)
                                                      0.124     1.146 f  pb_core              u_mp/u_rf/mul_a[49]_i_1/O
                         net (fo=32, routed)          0.520     1.666                         u_mp/u_rf/rf_ra[49]
    SLICE_X99Y304        LUT3 (Prop_A6LUT_SLICEM_I1_O)
                                                      0.038     1.704 r  pb_core              u_mp/u_rf/sBegin[7][9]_i_18/O
                         net (fo=1, routed)           0.013     1.717                         u_mp/u_rf/sBegin[7][9]_i_18_n_0
    SLICE_X99Y304        CARRY8 (Prop_CARRY8_SLICEM_S[0]_CO[5])
                                                      0.201     1.918 f  pb_core              u_mp/u_rf/sBegin_reg[7][9]_i_8/CO[5]
                         net (fo=35, routed)          0.233     2.152                         u_mp/u_rf/ls_push1
    SLICE_X99Y309        LUT6 (Prop_D6LUT_SLICEM_I2_O)
                                                      0.037     2.189 f  pb_core              u_mp/u_rf/pc[8]_i_6/O
                         net (fo=11, routed)          0.227     2.415                         u_mp/u_rf/iw0_reg[63]
    SLICE_X99Y316        LUT5 (Prop_F6LUT_SLICEM_I4_O)
                                                      0.037     2.452 r  pb_core              u_mp/u_rf/pc[5]_i_3/O
                         net (fo=3, routed)           0.216     2.668                         u_mp/u_rf/pc_reg[5]_0
    SLICE_X100Y315       LUT6 (Prop_E6LUT_SLICEM_I2_O)
                                                      0.052     2.720 f  pb_core              u_mp/u_rf/sRemain[6][0]_i_12/O
                         net (fo=1, routed)           0.119     2.839                         u_mp/u_ls/sp_reg[0]_2
    SLICE_X102Y315       LUT6 (Prop_F6LUT_SLICEM_I5_O)
                                                      0.148     2.987 f  pb_core              u_mp/u_ls/sRemain[6][0]_i_3/O
                         net (fo=33, routed)          0.414     3.402                         u_mp/u_ls/sRemain[6][0]_i_3_n_0
    SLICE_X103Y315       LUT5 (Prop_D6LUT_SLICEL_I3_O)
                                                      0.050     3.452 r  pb_core              u_mp/u_ls/sRemain[6][11]_i_2/O
                         net (fo=1, routed)           0.009     3.461                         u_mp/u_rf/sRemain_reg[6][11]
    SLICE_X103Y315       MUXF7 (Prop_F7MUX_CD_SLICEL_I0_O)
                                                      0.070     3.531 r  pb_core              u_mp/u_rf/sRemain_reg[6][11]_i_1/O
                         net (fo=8, routed)           0.440     3.970                         u_mp/u_ls/sRemain_reg[6][31]_0[10]
    SLICE_X106Y315       FDRE                                         r  pb_core              u_mp/u_ls/sRemain_reg[4][11]/D
  -------------------------------------------------------------------    ----------------------------------------

                         (clock clk rise edge)        3.103     3.103 r                       
                                                      0.000     3.103 r                       clk (IN)
                         net (fo=84936, unset)        0.021     3.124                         u_mp/u_ls/clk
    SLICE_X106Y315       FDRE                                         r  pb_core              u_mp/u_ls/sRemain_reg[4][11]/C
                         clock pessimism              0.000     3.124                           
                         clock uncertainty           -0.035     3.089                           
    SLICE_X106Y315       FDRE (Setup_HFF_SLICEM_C_D)
                                                      0.025     3.114    pb_core                u_mp/u_ls/sRemain_reg[4][11]
  -------------------------------------------------------------------
                         required time                          3.114                           
                         arrival time                          -3.970                           
  -------------------------------------------------------------------
                         slack                                 -0.857                           

Slack (VIOLATED) :        -0.857ns  (required time - arrival time)
  Source:                 u_mp/iw0_reg[50]/C
                            (rising edge-triggered cell FDCE clocked by clk  {rise@0.000ns fall@1.551ns period=3.103ns})
  Destination:            u_mp/u_ls/sRemain_reg[4][11]/D
                            (rising edge-triggered cell FDRE clocked by clk  {rise@0.000ns fall@1.551ns period=3.103ns})
  Path Group:             clk
  Path Type:              Setup (Max at Slow Process Corner)
  Requirement:            3.103ns  (clk rise@3.103ns - clk rise@0.000ns)
  Data Path Delay:        3.940ns  (logic 0.983ns (24.947%)  route 2.957ns (75.053%))
  Logic Levels:           10  (CARRY8=1 LUT3=1 LUT5=2 LUT6=5 MUXF7=1)
  Clock Path Skew:        -0.009ns (DCD - SCD + CPR)
    Destination Clock Delay (DCD):    0.021ns = ( 3.124 - 3.103 ) 
    Source Clock Delay      (SCD):    0.030ns
    Clock Pessimism Removal (CPR):    0.000ns
  Clock Uncertainty:      0.035ns  ((TSJ^2 + TIJ^2)^1/2 + DJ) / 2 + PE
    Total System Jitter     (TSJ):    0.071ns
    Total Input Jitter      (TIJ):    0.000ns
    Discrete Jitter          (DJ):    0.000ns
    Phase Error              (PE):    0.000ns

    Location             Delay type                Incr(ns)  Path(ns)    PBlock               Netlist Resource(s)
  -------------------------------------------------------------------    ----------------------------------------
                         (clock clk rise edge)        0.000     0.000 r                       
                                                      0.000     0.000 r                       clk (IN)
                         net (fo=84936, unset)        0.030     0.030                         u_mp/clk
    SLICE_X97Y300        FDCE                                         r  pb_core              u_mp/iw0_reg[50]/C
  -------------------------------------------------------------------    ----------------------------------------
    SLICE_X97Y300        FDCE (Prop_AFF_SLICEM_C_Q)
                                                      0.077     0.107 r  pb_core              u_mp/iw0_reg[50]/Q
                         net (fo=256, routed)         0.672     0.779                         u_mp/u_rf/cur_atom_exp_reg[0][50]
    SLICE_X103Y309       LUT6 (Prop_G6LUT_SLICEL_I2_O)
                                                      0.149     0.928 r  pb_core              u_mp/u_rf/mul_a[49]_i_4/O
                         net (fo=1, routed)           0.094     1.022                         u_mp/u_rf/mul_a[49]_i_4_n_0
    SLICE_X103Y309       LUT6 (Prop_H6LUT_SLICEL_I3_O)
                                                      0.124     1.146 r  pb_core              u_mp/u_rf/mul_a[49]_i_1/O
                         net (fo=32, routed)          0.520     1.666                         u_mp/u_rf/rf_ra[49]
    SLICE_X99Y304        LUT3 (Prop_A6LUT_SLICEM_I1_O)
                                                      0.038     1.704 f  pb_core              u_mp/u_rf/sBegin[7][9]_i_18/O
                         net (fo=1, routed)           0.013     1.717                         u_mp/u_rf/sBegin[7][9]_i_18_n_0
    SLICE_X99Y304        CARRY8 (Prop_CARRY8_SLICEM_S[0]_CO[5])
                                                      0.201     1.918 f  pb_core              u_mp/u_rf/sBegin_reg[7][9]_i_8/CO[5]
                         net (fo=35, routed)          0.233     2.152                         u_mp/u_rf/ls_push1
    SLICE_X99Y309        LUT6 (Prop_D6LUT_SLICEM_I2_O)
                                                      0.037     2.189 f  pb_core              u_mp/u_rf/pc[8]_i_6/O
                         net (fo=11, routed)          0.227     2.415                         u_mp/u_rf/iw0_reg[63]
    SLICE_X99Y316        LUT5 (Prop_F6LUT_SLICEM_I4_O)
                                                      0.037     2.452 r  pb_core              u_mp/u_rf/pc[5]_i_3/O
                         net (fo=3, routed)           0.216     2.668                         u_mp/u_rf/pc_reg[5]_0
    SLICE_X100Y315       LUT6 (Prop_E6LUT_SLICEM_I2_O)
                                                      0.052     2.720 f  pb_core              u_mp/u_rf/sRemain[6][0]_i_12/O
                         net (fo=1, routed)           0.119     2.839                         u_mp/u_ls/sp_reg[0]_2
    SLICE_X102Y315       LUT6 (Prop_F6LUT_SLICEM_I5_O)
                                                      0.148     2.987 f  pb_core              u_mp/u_ls/sRemain[6][0]_i_3/O
                         net (fo=33, routed)          0.414     3.402                         u_mp/u_ls/sRemain[6][0]_i_3_n_0
    SLICE_X103Y315       LUT5 (Prop_D6LUT_SLICEL_I3_O)
                                                      0.050     3.452 r  pb_core              u_mp/u_ls/sRemain[6][11]_i_2/O
                         net (fo=1, routed)           0.009     3.461                         u_mp/u_rf/sRemain_reg[6][11]
    SLICE_X103Y315       MUXF7 (Prop_F7MUX_CD_SLICEL_I0_O)
                                                      0.070     3.531 r  pb_core              u_mp/u_rf/sRemain_reg[6][11]_i_1/O
                         net (fo=8, routed)           0.440     3.970                         u_mp/u_ls/sRemain_reg[6][31]_0[10]
    SLICE_X106Y315       FDRE                                         r  pb_core              u_mp/u_ls/sRemain_reg[4][11]/D
  -------------------------------------------------------------------    ----------------------------------------

                         (clock clk rise edge)        3.103     3.103 r                       
                                                      0.000     3.103 r                       clk (IN)
                         net (fo=84936, unset)        0.021     3.124                         u_mp/u_ls/clk
    SLICE_X106Y315       FDRE                                         r  pb_core              u_mp/u_ls/sRemain_reg[4][11]/C
                         clock pessimism              0.000     3.124                           
                         clock uncertainty           -0.035     3.089                           
    SLICE_X106Y315       FDRE (Setup_HFF_SLICEM_C_D)
                                                      0.025     3.114    pb_core                u_mp/u_ls/sRemain_reg[4][11]
  -------------------------------------------------------------------
                         required time                          3.114                           
                         arrival time                          -3.970                           
  -------------------------------------------------------------------
                         slack                                 -0.857                           

Slack (VIOLATED) :        -0.857ns  (required time - arrival time)
  Source:                 u_mp/iw0_reg[50]/C
                            (rising edge-triggered cell FDCE clocked by clk  {rise@0.000ns fall@1.551ns period=3.103ns})
  Destination:            u_mp/u_ls/sRemain_reg[4][11]/D
                            (rising edge-triggered cell FDRE clocked by clk  {rise@0.000ns fall@1.551ns period=3.103ns})
  Path Group:             clk
  Path Type:              Setup (Max at Slow Process Corner)
  Requirement:            3.103ns  (clk rise@3.103ns - clk rise@0.000ns)
  Data Path Delay:        3.940ns  (logic 0.983ns (24.947%)  route 2.957ns (75.053%))
  Logic Levels:           10  (CARRY8=1 LUT3=1 LUT5=2 LUT6=5 MUXF7=1)
  Clock Path Skew:        -0.009ns (DCD - SCD + CPR)
    Destination Clock Delay (DCD):    0.021ns = ( 3.124 - 3.103 ) 
    Source Clock Delay      (SCD):    0.030ns
    Clock Pessimism Removal (CPR):    0.000ns
  Clock Uncertainty:      0.035ns  ((TSJ^2 + TIJ^2)^1/2 + DJ) / 2 + PE
    Total System Jitter     (TSJ):    0.071ns
    Total Input Jitter      (TIJ):    0.000ns
    Discrete Jitter          (DJ):    0.000ns
    Phase Error              (PE):    0.000ns

    Location             Delay type                Incr(ns)  Path(ns)    PBlock               Netlist Resource(s)
  -------------------------------------------------------------------    ----------------------------------------
                         (clock clk rise edge)        0.000     0.000 r                       
                                                      0.000     0.000 r                       clk (IN)
                         net (fo=84936, unset)        0.030     0.030                         u_mp/clk
    SLICE_X97Y300        FDCE                                         r  pb_core              u_mp/iw0_reg[50]/C
  -------------------------------------------------------------------    ----------------------------------------
    SLICE_X97Y300        FDCE (Prop_AFF_SLICEM_C_Q)
                                                      0.077     0.107 f  pb_core              u_mp/iw0_reg[50]/Q
                         net (fo=256, routed)         0.672     0.779                         u_mp/u_rf/cur_atom_exp_reg[0][50]
    SLICE_X103Y309       LUT6 (Prop_G6LUT_SLICEL_I2_O)
                                                      0.149     0.928 r  pb_core              u_mp/u_rf/mul_a[49]_i_4/O
                         net (fo=1, routed)           0.094     1.022                         u_mp/u_rf/mul_a[49]_i_4_n_0
    SLICE_X103Y309       LUT6 (Prop_H6LUT_SLICEL_I3_O)
                                                      0.124     1.146 r  pb_core              u_mp/u_rf/mul_a[49]_i_1/O
                         net (fo=32, routed)          0.520     1.666                         u_mp/u_rf/rf_ra[49]
    SLICE_X99Y304        LUT3 (Prop_A6LUT_SLICEM_I1_O)
                                                      0.038     1.704 f  pb_core              u_mp/u_rf/sBegin[7][9]_i_18/O
                         net (fo=1, routed)           0.013     1.717                         u_mp/u_rf/sBegin[7][9]_i_18_n_0
    SLICE_X99Y304        CARRY8 (Prop_CARRY8_SLICEM_S[0]_CO[5])
                                                      0.201     1.918 f  pb_core              u_mp/u_rf/sBegin_reg[7][9]_i_8/CO[5]
                         net (fo=35, routed)          0.233     2.152                         u_mp/u_rf/ls_push1
    SLICE_X99Y309        LUT6 (Prop_D6LUT_SLICEM_I2_O)
                                                      0.037     2.189 f  pb_core              u_mp/u_rf/pc[8]_i_6/O
                         net (fo=11, routed)          0.227     2.415                         u_mp/u_rf/iw0_reg[63]
    SLICE_X99Y316        LUT5 (Prop_F6LUT_SLICEM_I4_O)
                                                      0.037     2.452 r  pb_core              u_mp/u_rf/pc[5]_i_3/O
                         net (fo=3, routed)           0.216     2.668                         u_mp/u_rf/pc_reg[5]_0
    SLICE_X100Y315       LUT6 (Prop_E6LUT_SLICEM_I2_O)
                                                      0.052     2.720 f  pb_core              u_mp/u_rf/sRemain[6][0]_i_12/O
                         net (fo=1, routed)           0.119     2.839                         u_mp/u_ls/sp_reg[0]_2
    SLICE_X102Y315       LUT6 (Prop_F6LUT_SLICEM_I5_O)
                                                      0.148     2.987 f  pb_core              u_mp/u_ls/sRemain[6][0]_i_3/O
                         net (fo=33, routed)          0.414     3.402                         u_mp/u_ls/sRemain[6][0]_i_3_n_0
    SLICE_X103Y315       LUT5 (Prop_D6LUT_SLICEL_I3_O)
                                                      0.050     3.452 r  pb_core              u_mp/u_ls/sRemain[6][11]_i_2/O
                         net (fo=1, routed)           0.009     3.461                         u_mp/u_rf/sRemain_reg[6][11]
    SLICE_X103Y315       MUXF7 (Prop_F7MUX_CD_SLICEL_I0_O)
                                                      0.070     3.531 r  pb_core              u_mp/u_rf/sRemain_reg[6][11]_i_1/O
                         net (fo=8, routed)           0.440     3.970                         u_mp/u_ls/sRemain_reg[6][31]_0[10]
    SLICE_X106Y315       FDRE                                         r  pb_core              u_mp/u_ls/sRemain_reg[4][11]/D
  -------------------------------------------------------------------    ----------------------------------------

                         (clock clk rise edge)        3.103     3.103 r                       
                                                      0.000     3.103 r                       clk (IN)
                         net (fo=84936, unset)        0.021     3.124                         u_mp/u_ls/clk
    SLICE_X106Y315       FDRE                                         r  pb_core              u_mp/u_ls/sRemain_reg[4][11]/C
                         clock pessimism              0.000     3.124                           
                         clock uncertainty           -0.035     3.089                           
    SLICE_X106Y315       FDRE (Setup_HFF_SLICEM_C_D)
                                                      0.025     3.114    pb_core                u_mp/u_ls/sRemain_reg[4][11]
  -------------------------------------------------------------------
                         required time                          3.114                           
                         arrival time                          -3.970                           
  -------------------------------------------------------------------
                         slack                                 -0.857                           




