Copyright 1986-2022 Xilinx, Inc. All Rights Reserved. Copyright 2022-2025 Advanced Micro Devices, Inc. All Rights Reserved.
--------------------------------------------------------------------------------------------------------------------------------------------------
| Tool Version      : Vivado v.2025.2 (lin64) Build 6299465 Fri Nov 14 12:34:56 MST 2025
| Date              : Fri Jun  5 12:51:09 2026
| Host              : ubuntu running 64-bit Ubuntu 22.04.5 LTS
| Command           : report_timing -max_paths 5 -file /home/ubuntu/Tiara/synth_322_fp/timing_worst_overall_322_fp.rpt
| Design            : tiara_synth_top
| Device            : xcu50-fsvh2104
| Speed File        : -2  PRODUCTION 1.30 05-01-2022
| Design State      : Routed
| Temperature Grade : E
--------------------------------------------------------------------------------------------------------------------------------------------------

Timing Report

Slack (VIOLATED) :        -1.009ns  (required time - arrival time)
  Source:                 u_mem/peer_rd_reg[4]/C
                            (rising edge-triggered cell FDRE clocked by clk  {rise@0.000ns fall@1.551ns period=3.103ns})
  Destination:            u_mem/local_mem_reg[835][60]/CE
                            (rising edge-triggered cell FDRE clocked by clk  {rise@0.000ns fall@1.551ns period=3.103ns})
  Path Group:             clk
  Path Type:              Setup (Max at Slow Process Corner)
  Requirement:            3.103ns  (clk rise@3.103ns - clk rise@0.000ns)
  Data Path Delay:        4.008ns  (logic 0.707ns (17.639%)  route 3.301ns (82.361%))
  Logic Levels:           7  (CARRY8=3 LUT3=1 LUT6=3)
  Clock Path Skew:        -0.007ns (DCD - SCD + CPR)
    Destination Clock Delay (DCD):    0.021ns = ( 3.124 - 3.103 ) 
    Source Clock Delay      (SCD):    0.028ns
    Clock Pessimism Removal (CPR):    0.000ns
  Clock Uncertainty:      0.035ns  ((TSJ^2 + TIJ^2)^1/2 + DJ) / 2 + PE
    Total System Jitter     (TSJ):    0.071ns
    Total Input Jitter      (TIJ):    0.000ns
    Discrete Jitter          (DJ):    0.000ns
    Phase Error              (PE):    0.000ns

    Location             Delay type                Incr(ns)  Path(ns)    PBlock               Netlist Resource(s)
  -------------------------------------------------------------------    ----------------------------------------
                         (clock clk rise edge)        0.000     0.000 r                       
                                                      0.000     0.000 r                       clk (IN)
                         net (fo=84936, unset)        0.028     0.028                         u_mem/clk
    SLICE_X84Y379        FDRE                                         r  pb_core              u_mem/peer_rd_reg[4]/C
  -------------------------------------------------------------------    ----------------------------------------
    SLICE_X84Y379        FDRE (Prop_CFF_SLICEL_C_Q)
                                                      0.079     0.107 r  pb_core              u_mem/peer_rd_reg[4]/Q
                         net (fo=4, routed)           0.277     0.384                         u_mem/peer_rd[4]
    SLICE_X86Y384        LUT3 (Prop_B6LUT_SLICEL_I2_O)
                                                      0.090     0.474 r  pb_core              u_mem/local_mem[178][63]_i_109/O
                         net (fo=1, routed)           0.213     0.687                         u_mem/local_mem[178][63]_i_109_n_0
    SLICE_X85Y385        LUT6 (Prop_B6LUT_SLICEM_I4_O)
                                                      0.125     0.812 r  pb_core              u_mem/local_mem[178][63]_i_63/O
                         net (fo=1, routed)           0.016     0.828                         u_mem/local_mem[178][63]_i_63_n_0
    SLICE_X85Y385        CARRY8 (Prop_CARRY8_SLICEM_S[1]_CO[7])
                                                      0.190     1.018 r  pb_core              u_mem/local_mem_reg[178][63]_i_33/CO[7]
                         net (fo=1, routed)           0.026     1.044                         u_mem/local_mem_reg[178][63]_i_33_n_0
    SLICE_X85Y386        CARRY8 (Prop_CARRY8_SLICEM_CI_CO[7])
                                                      0.015     1.059 r  pb_core              u_mem/local_mem_reg[178][63]_i_26/CO[7]
                         net (fo=1, routed)           0.026     1.085                         u_mem/local_mem_reg[178][63]_i_26_n_0
    SLICE_X85Y387        CARRY8 (Prop_CARRY8_SLICEM_CI_CO[5])
                                                      0.077     1.162 r  pb_core              u_mem/local_mem_reg[178][63]_i_9/CO[5]
                         net (fo=12, routed)          0.431     1.593                         u_mem/local_mem_reg[178][63]_i_9_n_2
    SLICE_X86Y413        LUT6 (Prop_A6LUT_SLICEL_I3_O)
                                                      0.035     1.628 f  pb_core              u_mem/local_mem[844][63]_i_3/O
                         net (fo=118, routed)         1.127     2.755                         u_mem/local_mem[844][63]_i_3_n_0
    SLICE_X117Y414       LUT6 (Prop_C6LUT_SLICEL_I0_O)
                                                      0.096     2.851 r  pb_core              u_mem/local_mem[835][63]_i_1/O
                         net (fo=64, routed)          1.186     4.036                         u_mem/local_mem[835][63]_i_1_n_0
    SLICE_X114Y403       FDRE                                         r  pb_core              u_mem/local_mem_reg[835][60]/CE
  -------------------------------------------------------------------    ----------------------------------------

                         (clock clk rise edge)        3.103     3.103 r                       
                                                      0.000     3.103 r                       clk (IN)
                         net (fo=84936, unset)        0.021     3.124                         u_mem/clk
    SLICE_X114Y403       FDRE                                         r  pb_core              u_mem/local_mem_reg[835][60]/C
                         clock pessimism              0.000     3.124                           
                         clock uncertainty           -0.035     3.089                           
    SLICE_X114Y403       FDRE (Setup_EFF_SLICEM_C_CE)
                                                     -0.061     3.028    pb_core                u_mem/local_mem_reg[835][60]
  -------------------------------------------------------------------
                         required time                          3.028                           
                         arrival time                          -4.036                           
  -------------------------------------------------------------------
                         slack                                 -1.009                           

Slack (VIOLATED) :        -0.979ns  (required time - arrival time)
  Source:                 u_mem/peer_rd_reg[4]/C
                            (rising edge-triggered cell FDRE clocked by clk  {rise@0.000ns fall@1.551ns period=3.103ns})
  Destination:            u_mem/local_mem_reg[883][6]/CE
                            (rising edge-triggered cell FDRE clocked by clk  {rise@0.000ns fall@1.551ns period=3.103ns})
  Path Group:             clk
  Path Type:              Setup (Max at Slow Process Corner)
  Requirement:            3.103ns  (clk rise@3.103ns - clk rise@0.000ns)
  Data Path Delay:        3.979ns  (logic 0.647ns (16.258%)  route 3.332ns (83.742%))
  Logic Levels:           7  (CARRY8=3 LUT3=1 LUT6=3)
  Clock Path Skew:        -0.008ns (DCD - SCD + CPR)
    Destination Clock Delay (DCD):    0.020ns = ( 3.123 - 3.103 ) 
    Source Clock Delay      (SCD):    0.028ns
    Clock Pessimism Removal (CPR):    0.000ns
  Clock Uncertainty:      0.035ns  ((TSJ^2 + TIJ^2)^1/2 + DJ) / 2 + PE
    Total System Jitter     (TSJ):    0.071ns
    Total Input Jitter      (TIJ):    0.000ns
    Discrete Jitter          (DJ):    0.000ns
    Phase Error              (PE):    0.000ns

    Location             Delay type                Incr(ns)  Path(ns)    PBlock               Netlist Resource(s)
  -------------------------------------------------------------------    ----------------------------------------
                         (clock clk rise edge)        0.000     0.000 r                       
                                                      0.000     0.000 r                       clk (IN)
                         net (fo=84936, unset)        0.028     0.028                         u_mem/clk
    SLICE_X84Y379        FDRE                                         r  pb_core              u_mem/peer_rd_reg[4]/C
  -------------------------------------------------------------------    ----------------------------------------
    SLICE_X84Y379        FDRE (Prop_CFF_SLICEL_C_Q)
                                                      0.079     0.107 r  pb_core              u_mem/peer_rd_reg[4]/Q
                         net (fo=4, routed)           0.277     0.384                         u_mem/peer_rd[4]
    SLICE_X86Y384        LUT3 (Prop_B6LUT_SLICEL_I2_O)
                                                      0.090     0.474 r  pb_core              u_mem/local_mem[178][63]_i_109/O
                         net (fo=1, routed)           0.213     0.687                         u_mem/local_mem[178][63]_i_109_n_0
    SLICE_X85Y385        LUT6 (Prop_B6LUT_SLICEM_I4_O)
                                                      0.125     0.812 r  pb_core              u_mem/local_mem[178][63]_i_63/O
                         net (fo=1, routed)           0.016     0.828                         u_mem/local_mem[178][63]_i_63_n_0
    SLICE_X85Y385        CARRY8 (Prop_CARRY8_SLICEM_S[1]_CO[7])
                                                      0.190     1.018 r  pb_core              u_mem/local_mem_reg[178][63]_i_33/CO[7]
                         net (fo=1, routed)           0.026     1.044                         u_mem/local_mem_reg[178][63]_i_33_n_0
    SLICE_X85Y386        CARRY8 (Prop_CARRY8_SLICEM_CI_CO[7])
                                                      0.015     1.059 r  pb_core              u_mem/local_mem_reg[178][63]_i_26/CO[7]
                         net (fo=1, routed)           0.026     1.085                         u_mem/local_mem_reg[178][63]_i_26_n_0
    SLICE_X85Y387        CARRY8 (Prop_CARRY8_SLICEM_CI_CO[5])
                                                      0.077     1.162 r  pb_core              u_mem/local_mem_reg[178][63]_i_9/CO[5]
                         net (fo=12, routed)          0.431     1.593                         u_mem/local_mem_reg[178][63]_i_9_n_2
    SLICE_X86Y413        LUT6 (Prop_A6LUT_SLICEL_I3_O)
                                                      0.035     1.628 f  pb_core              u_mem/local_mem[844][63]_i_3/O
                         net (fo=118, routed)         1.376     3.004                         u_mem/local_mem[844][63]_i_3_n_0
    SLICE_X117Y434       LUT6 (Prop_H6LUT_SLICEL_I0_O)
                                                      0.036     3.040 r  pb_core              u_mem/local_mem[883][63]_i_1/O
                         net (fo=64, routed)          0.968     4.007                         u_mem/local_mem[883][63]_i_1_n_0
    SLICE_X108Y453       FDRE                                         r  pb_core              u_mem/local_mem_reg[883][6]/CE
  -------------------------------------------------------------------    ----------------------------------------

                         (clock clk rise edge)        3.103     3.103 r                       
                                                      0.000     3.103 r                       clk (IN)
                         net (fo=84936, unset)        0.020     3.123                         u_mem/clk
    SLICE_X108Y453       FDRE                                         r  pb_core              u_mem/local_mem_reg[883][6]/C
                         clock pessimism              0.000     3.123                           
                         clock uncertainty           -0.035     3.088                           
    SLICE_X108Y453       FDRE (Setup_DFF2_SLICEL_C_CE)
                                                     -0.059     3.029    pb_core                u_mem/local_mem_reg[883][6]
  -------------------------------------------------------------------
                         required time                          3.029                           
                         arrival time                          -4.007                           
  -------------------------------------------------------------------
                         slack                                 -0.979                           

Slack (VIOLATED) :        -0.979ns  (required time - arrival time)
  Source:                 u_mem/peer_rd_reg[4]/C
                            (rising edge-triggered cell FDRE clocked by clk  {rise@0.000ns fall@1.551ns period=3.103ns})
  Destination:            u_mem/local_mem_reg[883][8]/CE
                            (rising edge-triggered cell FDRE clocked by clk  {rise@0.000ns fall@1.551ns period=3.103ns})
  Path Group:             clk
  Path Type:              Setup (Max at Slow Process Corner)
  Requirement:            3.103ns  (clk rise@3.103ns - clk rise@0.000ns)
  Data Path Delay:        3.979ns  (logic 0.647ns (16.258%)  route 3.332ns (83.742%))
  Logic Levels:           7  (CARRY8=3 LUT3=1 LUT6=3)
  Clock Path Skew:        -0.008ns (DCD - SCD + CPR)
    Destination Clock Delay (DCD):    0.020ns = ( 3.123 - 3.103 ) 
    Source Clock Delay      (SCD):    0.028ns
    Clock Pessimism Removal (CPR):    0.000ns
  Clock Uncertainty:      0.035ns  ((TSJ^2 + TIJ^2)^1/2 + DJ) / 2 + PE
    Total System Jitter     (TSJ):    0.071ns
    Total Input Jitter      (TIJ):    0.000ns
    Discrete Jitter          (DJ):    0.000ns
    Phase Error              (PE):    0.000ns

    Location             Delay type                Incr(ns)  Path(ns)    PBlock               Netlist Resource(s)
  -------------------------------------------------------------------    ----------------------------------------
                         (clock clk rise edge)        0.000     0.000 r                       
                                                      0.000     0.000 r                       clk (IN)
                         net (fo=84936, unset)        0.028     0.028                         u_mem/clk
    SLICE_X84Y379        FDRE                                         r  pb_core              u_mem/peer_rd_reg[4]/C
  -------------------------------------------------------------------    ----------------------------------------
    SLICE_X84Y379        FDRE (Prop_CFF_SLICEL_C_Q)
                                                      0.079     0.107 r  pb_core              u_mem/peer_rd_reg[4]/Q
                         net (fo=4, routed)           0.277     0.384                         u_mem/peer_rd[4]
    SLICE_X86Y384        LUT3 (Prop_B6LUT_SLICEL_I2_O)
                                                      0.090     0.474 r  pb_core              u_mem/local_mem[178][63]_i_109/O
                         net (fo=1, routed)           0.213     0.687                         u_mem/local_mem[178][63]_i_109_n_0
    SLICE_X85Y385        LUT6 (Prop_B6LUT_SLICEM_I4_O)
                                                      0.125     0.812 r  pb_core              u_mem/local_mem[178][63]_i_63/O
                         net (fo=1, routed)           0.016     0.828                         u_mem/local_mem[178][63]_i_63_n_0
    SLICE_X85Y385        CARRY8 (Prop_CARRY8_SLICEM_S[1]_CO[7])
                                                      0.190     1.018 r  pb_core              u_mem/local_mem_reg[178][63]_i_33/CO[7]
                         net (fo=1, routed)           0.026     1.044                         u_mem/local_mem_reg[178][63]_i_33_n_0
    SLICE_X85Y386        CARRY8 (Prop_CARRY8_SLICEM_CI_CO[7])
                                                      0.015     1.059 r  pb_core              u_mem/local_mem_reg[178][63]_i_26/CO[7]
                         net (fo=1, routed)           0.026     1.085                         u_mem/local_mem_reg[178][63]_i_26_n_0
    SLICE_X85Y387        CARRY8 (Prop_CARRY8_SLICEM_CI_CO[5])
                                                      0.077     1.162 r  pb_core              u_mem/local_mem_reg[178][63]_i_9/CO[5]
                         net (fo=12, routed)          0.431     1.593                         u_mem/local_mem_reg[178][63]_i_9_n_2
    SLICE_X86Y413        LUT6 (Prop_A6LUT_SLICEL_I3_O)
                                                      0.035     1.628 f  pb_core              u_mem/local_mem[844][63]_i_3/O
                         net (fo=118, routed)         1.376     3.004                         u_mem/local_mem[844][63]_i_3_n_0
    SLICE_X117Y434       LUT6 (Prop_H6LUT_SLICEL_I0_O)
                                                      0.036     3.040 r  pb_core              u_mem/local_mem[883][63]_i_1/O
                         net (fo=64, routed)          0.968     4.007                         u_mem/local_mem[883][63]_i_1_n_0
    SLICE_X108Y453       FDRE                                         r  pb_core              u_mem/local_mem_reg[883][8]/CE
  -------------------------------------------------------------------    ----------------------------------------

                         (clock clk rise edge)        3.103     3.103 r                       
                                                      0.000     3.103 r                       clk (IN)
                         net (fo=84936, unset)        0.020     3.123                         u_mem/clk
    SLICE_X108Y453       FDRE                                         r  pb_core              u_mem/local_mem_reg[883][8]/C
                         clock pessimism              0.000     3.123                           
                         clock uncertainty           -0.035     3.088                           
    SLICE_X108Y453       FDRE (Setup_CFF2_SLICEL_C_CE)
                                                     -0.059     3.029    pb_core                u_mem/local_mem_reg[883][8]
  -------------------------------------------------------------------
                         required time                          3.029                           
                         arrival time                          -4.007                           
  -------------------------------------------------------------------
                         slack                                 -0.979                           

Slack (VIOLATED) :        -0.959ns  (required time - arrival time)
  Source:                 u_mem/peer_rd_reg[4]/C
                            (rising edge-triggered cell FDRE clocked by clk  {rise@0.000ns fall@1.551ns period=3.103ns})
  Destination:            u_mem/local_mem_reg[839][59]/CE
                            (rising edge-triggered cell FDRE clocked by clk  {rise@0.000ns fall@1.551ns period=3.103ns})
  Path Group:             clk
  Path Type:              Setup (Max at Slow Process Corner)
  Requirement:            3.103ns  (clk rise@3.103ns - clk rise@0.000ns)
  Data Path Delay:        3.959ns  (logic 0.648ns (16.366%)  route 3.311ns (83.634%))
  Logic Levels:           7  (CARRY8=3 LUT3=1 LUT6=3)
  Clock Path Skew:        -0.008ns (DCD - SCD + CPR)
    Destination Clock Delay (DCD):    0.020ns = ( 3.123 - 3.103 ) 
    Source Clock Delay      (SCD):    0.028ns
    Clock Pessimism Removal (CPR):    0.000ns
  Clock Uncertainty:      0.035ns  ((TSJ^2 + TIJ^2)^1/2 + DJ) / 2 + PE
    Total System Jitter     (TSJ):    0.071ns
    Total Input Jitter      (TIJ):    0.000ns
    Discrete Jitter          (DJ):    0.000ns
    Phase Error              (PE):    0.000ns

    Location             Delay type                Incr(ns)  Path(ns)    PBlock               Netlist Resource(s)
  -------------------------------------------------------------------    ----------------------------------------
                         (clock clk rise edge)        0.000     0.000 r                       
                                                      0.000     0.000 r                       clk (IN)
                         net (fo=84936, unset)        0.028     0.028                         u_mem/clk
    SLICE_X84Y379        FDRE                                         r  pb_core              u_mem/peer_rd_reg[4]/C
  -------------------------------------------------------------------    ----------------------------------------
    SLICE_X84Y379        FDRE (Prop_CFF_SLICEL_C_Q)
                                                      0.079     0.107 r  pb_core              u_mem/peer_rd_reg[4]/Q
                         net (fo=4, routed)           0.277     0.384                         u_mem/peer_rd[4]
    SLICE_X86Y384        LUT3 (Prop_B6LUT_SLICEL_I2_O)
                                                      0.090     0.474 r  pb_core              u_mem/local_mem[178][63]_i_109/O
                         net (fo=1, routed)           0.213     0.687                         u_mem/local_mem[178][63]_i_109_n_0
    SLICE_X85Y385        LUT6 (Prop_B6LUT_SLICEM_I4_O)
                                                      0.125     0.812 r  pb_core              u_mem/local_mem[178][63]_i_63/O
                         net (fo=1, routed)           0.016     0.828                         u_mem/local_mem[178][63]_i_63_n_0
    SLICE_X85Y385        CARRY8 (Prop_CARRY8_SLICEM_S[1]_CO[7])
                                                      0.190     1.018 r  pb_core              u_mem/local_mem_reg[178][63]_i_33/CO[7]
                         net (fo=1, routed)           0.026     1.044                         u_mem/local_mem_reg[178][63]_i_33_n_0
    SLICE_X85Y386        CARRY8 (Prop_CARRY8_SLICEM_CI_CO[7])
                                                      0.015     1.059 r  pb_core              u_mem/local_mem_reg[178][63]_i_26/CO[7]
                         net (fo=1, routed)           0.026     1.085                         u_mem/local_mem_reg[178][63]_i_26_n_0
    SLICE_X85Y387        CARRY8 (Prop_CARRY8_SLICEM_CI_CO[5])
                                                      0.077     1.162 r  pb_core              u_mem/local_mem_reg[178][63]_i_9/CO[5]
                         net (fo=12, routed)          0.431     1.593                         u_mem/local_mem_reg[178][63]_i_9_n_2
    SLICE_X86Y413        LUT6 (Prop_A6LUT_SLICEL_I3_O)
                                                      0.035     1.628 f  pb_core              u_mem/local_mem[844][63]_i_3/O
                         net (fo=118, routed)         1.339     2.966                         u_mem/local_mem[844][63]_i_3_n_0
    SLICE_X118Y404       LUT6 (Prop_G6LUT_SLICEM_I0_O)
                                                      0.037     3.003 r  pb_core              u_mem/local_mem[839][63]_i_1/O
                         net (fo=64, routed)          0.984     3.987                         u_mem/local_mem[839][63]_i_1_n_0
    SLICE_X112Y401       FDRE                                         r  pb_core              u_mem/local_mem_reg[839][59]/CE
  -------------------------------------------------------------------    ----------------------------------------

                         (clock clk rise edge)        3.103     3.103 r                       
                                                      0.000     3.103 r                       clk (IN)
                         net (fo=84936, unset)        0.020     3.123                         u_mem/clk
    SLICE_X112Y401       FDRE                                         r  pb_core              u_mem/local_mem_reg[839][59]/C
                         clock pessimism              0.000     3.123                           
                         clock uncertainty           -0.035     3.088                           
    SLICE_X112Y401       FDRE (Setup_DFF2_SLICEL_C_CE)
                                                     -0.059     3.029    pb_core                u_mem/local_mem_reg[839][59]
  -------------------------------------------------------------------
                         required time                          3.029                           
                         arrival time                          -3.987                           
  -------------------------------------------------------------------
                         slack                                 -0.959                           

Slack (VIOLATED) :        -0.955ns  (required time - arrival time)
  Source:                 u_mem/peer_rd_reg[4]/C
                            (rising edge-triggered cell FDRE clocked by clk  {rise@0.000ns fall@1.551ns period=3.103ns})
  Destination:            u_mem/local_mem_reg[839][16]/CE
                            (rising edge-triggered cell FDRE clocked by clk  {rise@0.000ns fall@1.551ns period=3.103ns})
  Path Group:             clk
  Path Type:              Setup (Max at Slow Process Corner)
  Requirement:            3.103ns  (clk rise@3.103ns - clk rise@0.000ns)
  Data Path Delay:        3.955ns  (logic 0.648ns (16.384%)  route 3.307ns (83.616%))
  Logic Levels:           7  (CARRY8=3 LUT3=1 LUT6=3)
  Clock Path Skew:        -0.008ns (DCD - SCD + CPR)
    Destination Clock Delay (DCD):    0.020ns = ( 3.123 - 3.103 ) 
    Source Clock Delay      (SCD):    0.028ns
    Clock Pessimism Removal (CPR):    0.000ns
  Clock Uncertainty:      0.035ns  ((TSJ^2 + TIJ^2)^1/2 + DJ) / 2 + PE
    Total System Jitter     (TSJ):    0.071ns
    Total Input Jitter      (TIJ):    0.000ns
    Discrete Jitter          (DJ):    0.000ns
    Phase Error              (PE):    0.000ns

    Location             Delay type                Incr(ns)  Path(ns)    PBlock               Netlist Resource(s)
  -------------------------------------------------------------------    ----------------------------------------
                         (clock clk rise edge)        0.000     0.000 r                       
                                                      0.000     0.000 r                       clk (IN)
                         net (fo=84936, unset)        0.028     0.028                         u_mem/clk
    SLICE_X84Y379        FDRE                                         r  pb_core              u_mem/peer_rd_reg[4]/C
  -------------------------------------------------------------------    ----------------------------------------
    SLICE_X84Y379        FDRE (Prop_CFF_SLICEL_C_Q)
                                                      0.079     0.107 r  pb_core              u_mem/peer_rd_reg[4]/Q
                         net (fo=4, routed)           0.277     0.384                         u_mem/peer_rd[4]
    SLICE_X86Y384        LUT3 (Prop_B6LUT_SLICEL_I2_O)
                                                      0.090     0.474 r  pb_core              u_mem/local_mem[178][63]_i_109/O
                         net (fo=1, routed)           0.213     0.687                         u_mem/local_mem[178][63]_i_109_n_0
    SLICE_X85Y385        LUT6 (Prop_B6LUT_SLICEM_I4_O)
                                                      0.125     0.812 r  pb_core              u_mem/local_mem[178][63]_i_63/O
                         net (fo=1, routed)           0.016     0.828                         u_mem/local_mem[178][63]_i_63_n_0
    SLICE_X85Y385        CARRY8 (Prop_CARRY8_SLICEM_S[1]_CO[7])
                                                      0.190     1.018 r  pb_core              u_mem/local_mem_reg[178][63]_i_33/CO[7]
                         net (fo=1, routed)           0.026     1.044                         u_mem/local_mem_reg[178][63]_i_33_n_0
    SLICE_X85Y386        CARRY8 (Prop_CARRY8_SLICEM_CI_CO[7])
                                                      0.015     1.059 r  pb_core              u_mem/local_mem_reg[178][63]_i_26/CO[7]
                         net (fo=1, routed)           0.026     1.085                         u_mem/local_mem_reg[178][63]_i_26_n_0
    SLICE_X85Y387        CARRY8 (Prop_CARRY8_SLICEM_CI_CO[5])
                                                      0.077     1.162 r  pb_core              u_mem/local_mem_reg[178][63]_i_9/CO[5]
                         net (fo=12, routed)          0.431     1.593                         u_mem/local_mem_reg[178][63]_i_9_n_2
    SLICE_X86Y413        LUT6 (Prop_A6LUT_SLICEL_I3_O)
                                                      0.035     1.628 f  pb_core              u_mem/local_mem[844][63]_i_3/O
                         net (fo=118, routed)         1.339     2.966                         u_mem/local_mem[844][63]_i_3_n_0
    SLICE_X118Y404       LUT6 (Prop_G6LUT_SLICEM_I0_O)
                                                      0.037     3.003 r  pb_core              u_mem/local_mem[839][63]_i_1/O
                         net (fo=64, routed)          0.980     3.983                         u_mem/local_mem[839][63]_i_1_n_0
    SLICE_X110Y404       FDRE                                         r  pb_core              u_mem/local_mem_reg[839][16]/CE
  -------------------------------------------------------------------    ----------------------------------------

                         (clock clk rise edge)        3.103     3.103 r                       
                                                      0.000     3.103 r                       clk (IN)
                         net (fo=84936, unset)        0.020     3.123                         u_mem/clk
    SLICE_X110Y404       FDRE                                         r  pb_core              u_mem/local_mem_reg[839][16]/C
                         clock pessimism              0.000     3.123                           
                         clock uncertainty           -0.035     3.088                           
    SLICE_X110Y404       FDRE (Setup_EFF_SLICEL_C_CE)
                                                     -0.060     3.028    pb_core                u_mem/local_mem_reg[839][16]
  -------------------------------------------------------------------
                         required time                          3.028                           
                         arrival time                          -3.983                           
  -------------------------------------------------------------------
                         slack                                 -0.955                           




