Copyright 1986-2022 Xilinx, Inc. All Rights Reserved. Copyright 2022-2025 Advanced Micro Devices, Inc. All Rights Reserved.
--------------------------------------------------------------------------------------------------------------------------------------------------
| Tool Version      : Vivado v.2025.2 (lin64) Build 6299465 Fri Nov 14 12:34:56 MST 2025
| Date              : Fri Jun  5 12:51:05 2026
| Host              : ubuntu running 64-bit Ubuntu 22.04.5 LTS
| Command           : report_timing_summary -file /home/ubuntu/Tiara/synth_322_fp/timing_post_route_322_fp.rpt -warn_on_violation
| Design            : tiara_synth_top
| Device            : xcu50-fsvh2104
| Speed File        : -2  PRODUCTION 1.30 05-01-2022
| Design State      : Routed
| Temperature Grade : E
--------------------------------------------------------------------------------------------------------------------------------------------------

Timing Summary Report

------------------------------------------------------------------------------------------------
| Timer Settings
| --------------
------------------------------------------------------------------------------------------------

  Enable Multi Corner Analysis               :  Yes
  Enable Pessimism Removal                   :  Yes
  Pessimism Removal Resolution               :  Nearest Common Node
  Enable Input Delay Default Clock           :  No
  Enable Preset / Clear Arcs                 :  No
  Disable Flight Delays                      :  No
  Ignore I/O Paths                           :  No
  Timing Early Launch at Borrowing Latches   :  No
  Borrow Time for Max Delay Exceptions       :  Yes
  Merge Timing Exceptions                    :  Yes
  Inter-SLR Compensation                     :  Conservative

  Corner  Analyze    Analyze    
  Name    Max Paths  Min Paths  
  ------  ---------  ---------  
  Slow    Yes        Yes        
  Fast    Yes        Yes        


------------------------------------------------------------------------------------------------
| Report Methodology
| ------------------
------------------------------------------------------------------------------------------------

No report available as report_methodology has not been run prior. Run report_methodology on the current design for the summary of methodology violations.



check_timing report

Table of Contents
-----------------
1. checking no_clock (0)
2. checking constant_clock (0)
3. checking pulse_width_clock (0)
4. checking unconstrained_internal_endpoints (0)
5. checking no_input_delay (11)
6. checking no_output_delay (0)
7. checking multiple_clock (0)
8. checking generated_clocks (0)
9. checking loops (0)
10. checking partial_input_delay (588)
11. checking partial_output_delay (291)
12. checking latch_loops (0)

1. checking no_clock (0)
------------------------
 There are 0 register/latch pins with no clock.


2. checking constant_clock (0)
------------------------------
 There are 0 register/latch pins with constant_clock.


3. checking pulse_width_clock (0)
---------------------------------
 There are 0 register/latch pins which need pulse_width check


4. checking unconstrained_internal_endpoints (0)
------------------------------------------------
 There are 0 pins that are not constrained for maximum delay.

 There are 0 pins that are not constrained for maximum delay due to constant clock.


5. checking no_input_delay (11)
-------------------------------
 There are 10 input ports with no input delay specified. (HIGH)

 There is 1 input port with no input delay but user has a false path constraint. (MEDIUM)


6. checking no_output_delay (0)
-------------------------------
 There are 0 ports with no output delay specified.

 There are 0 ports with no output delay but user has a false path constraint

 There are 0 ports with no output delay but with a timing clock defined on it or propagating through it


7. checking multiple_clock (0)
------------------------------
 There are 0 register/latch pins with multiple clocks.


8. checking generated_clocks (0)
--------------------------------
 There are 0 generated clocks that are not connected to a clock source.


9. checking loops (0)
---------------------
 There are 0 combinational loops in the design.


10. checking partial_input_delay (588)
--------------------------------------
 There are 588 input ports with partial input delay specified. (HIGH)


11. checking partial_output_delay (291)
---------------------------------------
 There are 291 ports with partial output delay specified. (HIGH)


12. checking latch_loops (0)
----------------------------
 There are 0 combinational latch loops in the design through latch input



------------------------------------------------------------------------------------------------
| Design Timing Summary
| ---------------------
------------------------------------------------------------------------------------------------

    WNS(ns)      TNS(ns)  TNS Failing Endpoints  TNS Total Endpoints      WHS(ns)      THS(ns)  THS Failing Endpoints  THS Total Endpoints     WPWS(ns)     TPWS(ns)  TPWS Failing Endpoints  TPWS Total Endpoints  
    -------      -------  ---------------------  -------------------      -------      -------  ---------------------  -------------------     --------     --------  ----------------------  --------------------  
     -1.009   -21938.891                  83712               170037        0.046        0.000                      0               169399        1.009        0.000                       0                 84922  


Timing constraints are not met.


------------------------------------------------------------------------------------------------
| Clock Summary
| -------------
------------------------------------------------------------------------------------------------

Clock  Waveform(ns)         Period(ns)      Frequency(MHz)
-----  ------------         ----------      --------------
clk    {0.000 1.551}        3.103           322.269         


------------------------------------------------------------------------------------------------
| Intra Clock Table
| -----------------
------------------------------------------------------------------------------------------------

Clock             WNS(ns)      TNS(ns)  TNS Failing Endpoints  TNS Total Endpoints      WHS(ns)      THS(ns)  THS Failing Endpoints  THS Total Endpoints     WPWS(ns)     TPWS(ns)  TPWS Failing Endpoints  TPWS Total Endpoints  
-----             -------      -------  ---------------------  -------------------      -------      -------  ---------------------  -------------------     --------     --------  ----------------------  --------------------  
clk                -1.009   -21938.891                  83712               170037        0.046        0.000                      0               169399        1.009        0.000                       0                 84922  


------------------------------------------------------------------------------------------------
| Inter Clock Table
| -----------------
------------------------------------------------------------------------------------------------

From Clock    To Clock          WNS(ns)      TNS(ns)  TNS Failing Endpoints  TNS Total Endpoints      WHS(ns)      THS(ns)  THS Failing Endpoints  THS Total Endpoints  
----------    --------          -------      -------  ---------------------  -------------------      -------      -------  ---------------------  -------------------  


------------------------------------------------------------------------------------------------
| Other Path Groups Table
| -----------------------
------------------------------------------------------------------------------------------------

Path Group    From Clock    To Clock          WNS(ns)      TNS(ns)  TNS Failing Endpoints  TNS Total Endpoints      WHS(ns)      THS(ns)  THS Failing Endpoints  THS Total Endpoints  
----------    ----------    --------          -------      -------  ---------------------  -------------------      -------      -------  ---------------------  -------------------  


------------------------------------------------------------------------------------------------
| Timing Details
| --------------
------------------------------------------------------------------------------------------------


---------------------------------------------------------------------------------------------------
From Clock:  clk
  To Clock:  clk

Setup :        83712  Failing Endpoints,  Worst Slack       -1.009ns,  Total Violation   -21938.891ns
Hold  :            0  Failing Endpoints,  Worst Slack        0.046ns,  Total Violation        0.000ns
PW    :            0  Failing Endpoints,  Worst Slack        1.009ns,  Total Violation        0.000ns
---------------------------------------------------------------------------------------------------


Max Delay Paths
--------------------------------------------------------------------------------------
Slack (VIOLATED) :        -1.009ns  (required time - arrival time)
  Source:                 u_mem/peer_rd_reg[4]/C
                            (rising edge-triggered cell FDRE clocked by clk  {rise@0.000ns fall@1.551ns period=3.103ns})
  Destination:            u_mem/local_mem_reg[835][60]/CE
                            (rising edge-triggered cell FDRE clocked by clk  {rise@0.000ns fall@1.551ns period=3.103ns})
  Path Group:             clk
  Path Type:              Setup (Max at Slow Process Corner)
  Requirement:            3.103ns  (clk rise@3.103ns - clk rise@0.000ns)
  Data Path Delay:        4.008ns  (logic 0.707ns (17.639%)  route 3.301ns (82.361%))
  Logic Levels:           7  (CARRY8=3 LUT3=1 LUT6=3)
  Clock Path Skew:        -0.007ns (DCD - SCD + CPR)
    Destination Clock Delay (DCD):    0.021ns = ( 3.124 - 3.103 ) 
    Source Clock Delay      (SCD):    0.028ns
    Clock Pessimism Removal (CPR):    0.000ns
  Clock Uncertainty:      0.035ns  ((TSJ^2 + TIJ^2)^1/2 + DJ) / 2 + PE
    Total System Jitter     (TSJ):    0.071ns
    Total Input Jitter      (TIJ):    0.000ns
    Discrete Jitter          (DJ):    0.000ns
    Phase Error              (PE):    0.000ns

    Location             Delay type                Incr(ns)  Path(ns)    PBlock               Netlist Resource(s)
  -------------------------------------------------------------------    ----------------------------------------
                         (clock clk rise edge)        0.000     0.000 r                       
                                                      0.000     0.000 r                       clk (IN)
                         net (fo=84936, unset)        0.028     0.028                         u_mem/clk
    SLICE_X84Y379        FDRE                                         r  pb_core              u_mem/peer_rd_reg[4]/C
  -------------------------------------------------------------------    ----------------------------------------
    SLICE_X84Y379        FDRE (Prop_CFF_SLICEL_C_Q)
                                                      0.079     0.107 r  pb_core              u_mem/peer_rd_reg[4]/Q
                         net (fo=4, routed)           0.277     0.384                         u_mem/peer_rd[4]
    SLICE_X86Y384        LUT3 (Prop_B6LUT_SLICEL_I2_O)
                                                      0.090     0.474 r  pb_core              u_mem/local_mem[178][63]_i_109/O
                         net (fo=1, routed)           0.213     0.687                         u_mem/local_mem[178][63]_i_109_n_0
    SLICE_X85Y385        LUT6 (Prop_B6LUT_SLICEM_I4_O)
                                                      0.125     0.812 r  pb_core              u_mem/local_mem[178][63]_i_63/O
                         net (fo=1, routed)           0.016     0.828                         u_mem/local_mem[178][63]_i_63_n_0
    SLICE_X85Y385        CARRY8 (Prop_CARRY8_SLICEM_S[1]_CO[7])
                                                      0.190     1.018 r  pb_core              u_mem/local_mem_reg[178][63]_i_33/CO[7]
                         net (fo=1, routed)           0.026     1.044                         u_mem/local_mem_reg[178][63]_i_33_n_0
    SLICE_X85Y386        CARRY8 (Prop_CARRY8_SLICEM_CI_CO[7])
                                                      0.015     1.059 r  pb_core              u_mem/local_mem_reg[178][63]_i_26/CO[7]
                         net (fo=1, routed)           0.026     1.085                         u_mem/local_mem_reg[178][63]_i_26_n_0
    SLICE_X85Y387        CARRY8 (Prop_CARRY8_SLICEM_CI_CO[5])
                                                      0.077     1.162 r  pb_core              u_mem/local_mem_reg[178][63]_i_9/CO[5]
                         net (fo=12, routed)          0.431     1.593                         u_mem/local_mem_reg[178][63]_i_9_n_2
    SLICE_X86Y413        LUT6 (Prop_A6LUT_SLICEL_I3_O)
                                                      0.035     1.628 f  pb_core              u_mem/local_mem[844][63]_i_3/O
                         net (fo=118, routed)         1.127     2.755                         u_mem/local_mem[844][63]_i_3_n_0
    SLICE_X117Y414       LUT6 (Prop_C6LUT_SLICEL_I0_O)
                                                      0.096     2.851 r  pb_core              u_mem/local_mem[835][63]_i_1/O
                         net (fo=64, routed)          1.186     4.036                         u_mem/local_mem[835][63]_i_1_n_0
    SLICE_X114Y403       FDRE                                         r  pb_core              u_mem/local_mem_reg[835][60]/CE
  -------------------------------------------------------------------    ----------------------------------------

                         (clock clk rise edge)        3.103     3.103 r                       
                                                      0.000     3.103 r                       clk (IN)
                         net (fo=84936, unset)        0.021     3.124                         u_mem/clk
    SLICE_X114Y403       FDRE                                         r  pb_core              u_mem/local_mem_reg[835][60]/C
                         clock pessimism              0.000     3.124                           
                         clock uncertainty           -0.035     3.089                           
    SLICE_X114Y403       FDRE (Setup_EFF_SLICEM_C_CE)
                                                     -0.061     3.028    pb_core                u_mem/local_mem_reg[835][60]
  -------------------------------------------------------------------
                         required time                          3.028                           
                         arrival time                          -4.036                           
  -------------------------------------------------------------------
                         slack                                 -1.009                           





Min Delay Paths
--------------------------------------------------------------------------------------
Slack (MET) :             0.046ns  (arrival time - required time)
  Source:                 u_mem/cnt_reg[9]/C
                            (rising edge-triggered cell FDCE clocked by clk  {rise@0.000ns fall@1.551ns period=3.103ns})
  Destination:            u_mem/cnt_reg[9]/D
                            (rising edge-triggered cell FDCE clocked by clk  {rise@0.000ns fall@1.551ns period=3.103ns})
  Path Group:             clk
  Path Type:              Hold (Min at Fast Process Corner)
  Requirement:            0.000ns  (clk rise@0.000ns - clk rise@0.000ns)
  Data Path Delay:        0.098ns  (logic 0.053ns (54.257%)  route 0.045ns (45.743%))
  Logic Levels:           1  (LUT6=1)
  Clock Path Skew:        0.006ns (DCD - SCD - CPR)
    Destination Clock Delay (DCD):    0.018ns
    Source Clock Delay      (SCD):    0.012ns
    Clock Pessimism Removal (CPR):    -0.000ns

    Location             Delay type                Incr(ns)  Path(ns)    PBlock               Netlist Resource(s)
  -------------------------------------------------------------------    ----------------------------------------
                         (clock clk rise edge)        0.000     0.000 r                       
                                                      0.000     0.000 r                       clk (IN)
                         net (fo=84936, unset)        0.012     0.012                         u_mem/clk
    SLICE_X96Y339        FDCE                                         r  pb_core              u_mem/cnt_reg[9]/C
  -------------------------------------------------------------------    ----------------------------------------
    SLICE_X96Y339        FDCE (Prop_CFF_SLICEL_C_Q)
                                                      0.039     0.051 r  pb_core              u_mem/cnt_reg[9]/Q
                         net (fo=3, routed)           0.028     0.079                         u_mem/cnt_reg_n_0_[9]
    SLICE_X96Y339        LUT6 (Prop_C6LUT_SLICEL_I0_O)
                                                      0.014     0.093 r  pb_core              u_mem/cnt[9]_i_1/O
                         net (fo=1, routed)           0.017     0.110                         u_mem/cnt[9]_i_1_n_0
    SLICE_X96Y339        FDCE                                         r  pb_core              u_mem/cnt_reg[9]/D
  -------------------------------------------------------------------    ----------------------------------------

                         (clock clk rise edge)        0.000     0.000 r                       
                                                      0.000     0.000 r                       clk (IN)
                         net (fo=84936, unset)        0.018     0.018                         u_mem/clk
    SLICE_X96Y339        FDCE                                         r  pb_core              u_mem/cnt_reg[9]/C
                         clock pessimism              0.000     0.018                           
    SLICE_X96Y339        FDCE (Hold_CFF_SLICEL_C_D)
                                                      0.046     0.064    pb_core                u_mem/cnt_reg[9]
  -------------------------------------------------------------------
                         required time                         -0.064                           
                         arrival time                           0.110                           
  -------------------------------------------------------------------
                         slack                                  0.046                           





Pulse Width Checks
--------------------------------------------------------------------------------------
Clock Name:         clk
Waveform(ns):       { 0.000 1.551 }
Period(ns):         3.103
Sources:            { clk }

Check Type        Corner  Lib Pin             Reference Pin  Required(ns)  Actual(ns)  Slack(ns)  Location      Pin
Min Period        n/a     RAMB36E2/CLKARDCLK  n/a            1.569         3.103       1.534      RAMB36_X5Y61  u_mp/u_istore/mem_reg_bram_0/CLKARDCLK
Low Pulse Width   Slow    RAMB36E2/CLKARDCLK  n/a            0.542         1.551       1.009      RAMB36_X5Y61  u_mp/u_istore/mem_reg_bram_0/CLKARDCLK
High Pulse Width  Slow    RAMB36E2/CLKARDCLK  n/a            0.542         1.551       1.009      RAMB36_X5Y61  u_mp/u_istore/mem_reg_bram_0/CLKARDCLK



