Copyright 1986-2022 Xilinx, Inc. All Rights Reserved. Copyright 2022-2025 Advanced Micro Devices, Inc. All Rights Reserved.
---------------------------------------------------------------------------------------------------------------------------------------------
| Tool Version : Vivado v.2025.2 (lin64) Build 6299465 Fri Nov 14 12:34:56 MST 2025
| Date         : Sun May  3 14:48:56 2026
| Host         : ubuntu running 64-bit Ubuntu 22.04.5 LTS
| Command      : report_utilization -hierarchical -file /home/ubuntu/Tiara/synth_app/util_hier_post_synth.rpt
| Design       : mqnic_app_block
| Device       : xcu50-fsvh2104-2-e
| Speed File   : -2
| Design State : Synthesized
---------------------------------------------------------------------------------------------------------------------------------------------

Utilization Design Information

Table of Contents
-----------------
1. Utilization by Hierarchy

1. Utilization by Hierarchy
---------------------------

+---------------------+------------------+------------+------------+---------+------+-------+--------+--------+------+------------+
|       Instance      |      Module      | Total LUTs | Logic LUTs | LUTRAMs | SRLs |  FFs  | RAMB36 | RAMB18 | URAM | DSP Blocks |
+---------------------+------------------+------------+------------+---------+------+-------+--------+--------+------+------------+
| mqnic_app_block     |            (top) |      28279 |      28279 |       0 |    0 | 85491 |      2 |      0 |    0 |         10 |
|   (mqnic_app_block) |            (top) |          0 |          0 |       0 |    0 |     3 |      0 |      0 |    0 |          0 |
|   u_tiara_axil      | tiara_axil_slave |        327 |        327 |       0 |    0 |   933 |      0 |      0 |    0 |          0 |
|   u_tiara_core      |  tiara_synth_top |      27952 |      27952 |       0 |    0 | 84555 |      2 |      0 |    0 |         10 |
|     u_disp          | tiara_dispatcher |        196 |        196 |       0 |    0 |   518 |      0 |      0 |    0 |          0 |
|     u_mem           | tiara_mem_simple |      24763 |      24763 |       0 |    0 | 82350 |      0 |      0 |    0 |          0 |
|     u_mp            |         tiara_mp |       2993 |       2993 |       0 |    0 |  1687 |      2 |      0 |    0 |         10 |
|       (u_mp)        |         tiara_mp |         79 |         79 |       0 |    0 |   127 |      0 |      0 |    0 |          0 |
|       u_alu         |        tiara_alu |         51 |         51 |       0 |    0 |   179 |      0 |      0 |    0 |         10 |
|       u_ls          | tiara_loop_stack |        327 |        327 |       0 |    0 |   420 |      0 |      0 |    0 |          0 |
|       u_rf          |    tiara_regfile |       2520 |       2520 |       0 |    0 |   960 |      0 |      0 |    0 |          0 |
+---------------------+------------------+------------+------------+---------+------+-------+--------+--------+------+------------+


