Copyright 1986-2022 Xilinx, Inc. All Rights Reserved. Copyright 2022-2025 Advanced Micro Devices, Inc. All Rights Reserved.
--------------------------------------------------------------------------------------------------------------------------------------------------
| Tool Version      : Vivado v.2025.2 (lin64) Build 6299465 Fri Nov 14 12:34:56 MST 2025
| Date              : Fri Jun  5 12:29:18 2026
| Host              : ubuntu running 64-bit Ubuntu 22.04.5 LTS
| Command           : report_timing_summary -file /home/ubuntu/Tiara/synth_322/timing_post_route_322.rpt -warn_on_violation
| Design            : tiara_synth_top
| Device            : xcu50-fsvh2104
| Speed File        : -2  PRODUCTION 1.30 05-01-2022
| Design State      : Routed
| Temperature Grade : E
--------------------------------------------------------------------------------------------------------------------------------------------------

Timing Summary Report

------------------------------------------------------------------------------------------------
| Timer Settings
| --------------
------------------------------------------------------------------------------------------------

  Enable Multi Corner Analysis               :  Yes
  Enable Pessimism Removal                   :  Yes
  Pessimism Removal Resolution               :  Nearest Common Node
  Enable Input Delay Default Clock           :  No
  Enable Preset / Clear Arcs                 :  No
  Disable Flight Delays                      :  No
  Ignore I/O Paths                           :  No
  Timing Early Launch at Borrowing Latches   :  No
  Borrow Time for Max Delay Exceptions       :  Yes
  Merge Timing Exceptions                    :  Yes
  Inter-SLR Compensation                     :  Conservative

  Corner  Analyze    Analyze    
  Name    Max Paths  Min Paths  
  ------  ---------  ---------  
  Slow    Yes        Yes        
  Fast    Yes        Yes        


------------------------------------------------------------------------------------------------
| Report Methodology
| ------------------
------------------------------------------------------------------------------------------------

No report available as report_methodology has not been run prior. Run report_methodology on the current design for the summary of methodology violations.



check_timing report

Table of Contents
-----------------
1. checking no_clock (0)
2. checking constant_clock (0)
3. checking pulse_width_clock (0)
4. checking unconstrained_internal_endpoints (0)
5. checking no_input_delay (11)
6. checking no_output_delay (0)
7. checking multiple_clock (0)
8. checking generated_clocks (0)
9. checking loops (0)
10. checking partial_input_delay (588)
11. checking partial_output_delay (291)
12. checking latch_loops (0)

1. checking no_clock (0)
------------------------
 There are 0 register/latch pins with no clock.


2. checking constant_clock (0)
------------------------------
 There are 0 register/latch pins with constant_clock.


3. checking pulse_width_clock (0)
---------------------------------
 There are 0 register/latch pins which need pulse_width check


4. checking unconstrained_internal_endpoints (0)
------------------------------------------------
 There are 0 pins that are not constrained for maximum delay.

 There are 0 pins that are not constrained for maximum delay due to constant clock.


5. checking no_input_delay (11)
-------------------------------
 There are 10 input ports with no input delay specified. (HIGH)

 There is 1 input port with no input delay but user has a false path constraint. (MEDIUM)


6. checking no_output_delay (0)
-------------------------------
 There are 0 ports with no output delay specified.

 There are 0 ports with no output delay but user has a false path constraint

 There are 0 ports with no output delay but with a timing clock defined on it or propagating through it


7. checking multiple_clock (0)
------------------------------
 There are 0 register/latch pins with multiple clocks.


8. checking generated_clocks (0)
--------------------------------
 There are 0 generated clocks that are not connected to a clock source.


9. checking loops (0)
---------------------
 There are 0 combinational loops in the design.


10. checking partial_input_delay (588)
--------------------------------------
 There are 588 input ports with partial input delay specified. (HIGH)


11. checking partial_output_delay (291)
---------------------------------------
 There are 291 ports with partial output delay specified. (HIGH)


12. checking latch_loops (0)
----------------------------
 There are 0 combinational latch loops in the design through latch input



------------------------------------------------------------------------------------------------
| Design Timing Summary
| ---------------------
------------------------------------------------------------------------------------------------

    WNS(ns)      TNS(ns)  TNS Failing Endpoints  TNS Total Endpoints      WHS(ns)      THS(ns)  THS Failing Endpoints  THS Total Endpoints     WPWS(ns)     TPWS(ns)  TPWS Failing Endpoints  TPWS Total Endpoints  
    -------      -------  ---------------------  -------------------      -------      -------  ---------------------  -------------------     --------     --------  ----------------------  --------------------  
     -1.084   -41001.340                 109257               170057        0.052        0.000                      0               169419        1.009        0.000                       0                 84932  


Timing constraints are not met.


------------------------------------------------------------------------------------------------
| Clock Summary
| -------------
------------------------------------------------------------------------------------------------

Clock  Waveform(ns)         Period(ns)      Frequency(MHz)
-----  ------------         ----------      --------------
clk    {0.000 1.551}        3.103           322.269         


------------------------------------------------------------------------------------------------
| Intra Clock Table
| -----------------
------------------------------------------------------------------------------------------------

Clock             WNS(ns)      TNS(ns)  TNS Failing Endpoints  TNS Total Endpoints      WHS(ns)      THS(ns)  THS Failing Endpoints  THS Total Endpoints     WPWS(ns)     TPWS(ns)  TPWS Failing Endpoints  TPWS Total Endpoints  
-----             -------      -------  ---------------------  -------------------      -------      -------  ---------------------  -------------------     --------     --------  ----------------------  --------------------  
clk                -1.084   -41001.340                 109257               170057        0.052        0.000                      0               169419        1.009        0.000                       0                 84932  


------------------------------------------------------------------------------------------------
| Inter Clock Table
| -----------------
------------------------------------------------------------------------------------------------

From Clock    To Clock          WNS(ns)      TNS(ns)  TNS Failing Endpoints  TNS Total Endpoints      WHS(ns)      THS(ns)  THS Failing Endpoints  THS Total Endpoints  
----------    --------          -------      -------  ---------------------  -------------------      -------      -------  ---------------------  -------------------  


------------------------------------------------------------------------------------------------
| Other Path Groups Table
| -----------------------
------------------------------------------------------------------------------------------------

Path Group    From Clock    To Clock          WNS(ns)      TNS(ns)  TNS Failing Endpoints  TNS Total Endpoints      WHS(ns)      THS(ns)  THS Failing Endpoints  THS Total Endpoints  
----------    ----------    --------          -------      -------  ---------------------  -------------------      -------      -------  ---------------------  -------------------  


------------------------------------------------------------------------------------------------
| Timing Details
| --------------
------------------------------------------------------------------------------------------------


---------------------------------------------------------------------------------------------------
From Clock:  clk
  To Clock:  clk

Setup :       109257  Failing Endpoints,  Worst Slack       -1.084ns,  Total Violation   -41001.342ns
Hold  :            0  Failing Endpoints,  Worst Slack        0.052ns,  Total Violation        0.000ns
PW    :            0  Failing Endpoints,  Worst Slack        1.009ns,  Total Violation        0.000ns
---------------------------------------------------------------------------------------------------


Max Delay Paths
--------------------------------------------------------------------------------------
Slack (VIOLATED) :        -1.084ns  (required time - arrival time)
  Source:                 u_mem/peer_rd_reg[57]/C
                            (rising edge-triggered cell FDRE clocked by clk  {rise@0.000ns fall@1.551ns period=3.103ns})
  Destination:            u_mem/local_mem_reg[404][12]/CE
                            (rising edge-triggered cell FDRE clocked by clk  {rise@0.000ns fall@1.551ns period=3.103ns})
  Path Group:             clk
  Path Type:              Setup (Max at Slow Process Corner)
  Requirement:            3.103ns  (clk rise@3.103ns - clk rise@0.000ns)
  Data Path Delay:        4.085ns  (logic 0.779ns (19.072%)  route 3.306ns (80.928%))
  Logic Levels:           6  (CARRY8=1 LUT3=1 LUT5=2 LUT6=2)
  Clock Path Skew:        -0.007ns (DCD - SCD + CPR)
    Destination Clock Delay (DCD):    0.021ns = ( 3.124 - 3.103 ) 
    Source Clock Delay      (SCD):    0.028ns
    Clock Pessimism Removal (CPR):    0.000ns
  Clock Uncertainty:      0.035ns  ((TSJ^2 + TIJ^2)^1/2 + DJ) / 2 + PE
    Total System Jitter     (TSJ):    0.071ns
    Total Input Jitter      (TIJ):    0.000ns
    Discrete Jitter          (DJ):    0.000ns
    Phase Error              (PE):    0.000ns

    Location             Delay type                Incr(ns)  Path(ns)    Netlist Resource(s)
  -------------------------------------------------------------------    -------------------
                         (clock clk rise edge)        0.000     0.000 r  
                                                      0.000     0.000 r  clk (IN)
                         net (fo=84946, unset)        0.028     0.028    u_mem/clk
    SLICE_X84Y373        FDRE                                         r  u_mem/peer_rd_reg[57]/C
  -------------------------------------------------------------------    -------------------
    SLICE_X84Y373        FDRE (Prop_CFF_SLICEL_C_Q)
                                                      0.079     0.107 r  u_mem/peer_rd_reg[57]/Q
                         net (fo=4, routed)           0.595     0.702    u_mem/peer_rd[57]
    SLICE_X102Y361       LUT3 (Prop_F5LUT_SLICEM_I2_O)
                                                      0.166     0.868 r  u_mem/local_mem[178][63]_i_46/O
                         net (fo=1, routed)           0.149     1.017    u_mem/read_word[57]
    SLICE_X100Y361       LUT6 (Prop_D6LUT_SLICEM_I3_O)
                                                      0.099     1.116 r  u_mem/local_mem[178][63]_i_29/O
                         net (fo=1, routed)           0.025     1.141    u_mem/local_mem[178][63]_i_29_n_0
    SLICE_X100Y361       CARRY8 (Prop_CARRY8_SLICEM_S[3]_CO[5])
                                                      0.146     1.287 r  u_mem/local_mem_reg[178][63]_i_9/CO[5]
                         net (fo=12, routed)          0.230     1.517    u_mem/local_mem_reg[178][63]_i_9_n_2
    SLICE_X102Y363       LUT6 (Prop_A6LUT_SLICEM_I3_O)
                                                      0.100     1.617 f  u_mem/local_mem[178][63]_i_4/O
                         net (fo=166, routed)         0.086     1.702    u_mem/local_mem[178][63]_i_4_n_0
    SLICE_X102Y363       LUT5 (Prop_C6LUT_SLICEM_I0_O)
                                                      0.037     1.739 r  u_mem/local_mem[434][63]_i_3/O
                         net (fo=62, routed)          1.159     2.899    u_mem/local_mem[434][63]_i_3_n_0
    SLICE_X107Y442       LUT5 (Prop_H6LUT_SLICEM_I0_O)
                                                      0.152     3.051 r  u_mem/local_mem[404][63]_i_1/O
                         net (fo=64, routed)          1.062     4.113    u_mem/local_mem[404][63]_i_1_n_0
    SLICE_X118Y460       FDRE                                         r  u_mem/local_mem_reg[404][12]/CE
  -------------------------------------------------------------------    -------------------

                         (clock clk rise edge)        3.103     3.103 r  
                                                      0.000     3.103 r  clk (IN)
                         net (fo=84946, unset)        0.021     3.124    u_mem/clk
    SLICE_X118Y460       FDRE                                         r  u_mem/local_mem_reg[404][12]/C
                         clock pessimism              0.000     3.124    
                         clock uncertainty           -0.035     3.089    
    SLICE_X118Y460       FDRE (Setup_DFF2_SLICEM_C_CE)
                                                     -0.060     3.029    u_mem/local_mem_reg[404][12]
  -------------------------------------------------------------------
                         required time                          3.029    
                         arrival time                          -4.113    
  -------------------------------------------------------------------
                         slack                                 -1.084    





Min Delay Paths
--------------------------------------------------------------------------------------
Slack (MET) :             0.052ns  (arrival time - required time)
  Source:                 u_mp/inflight_reg[1]/C
                            (rising edge-triggered cell FDCE clocked by clk  {rise@0.000ns fall@1.551ns period=3.103ns})
  Destination:            u_mp/inflight_reg[2]/D
                            (rising edge-triggered cell FDCE clocked by clk  {rise@0.000ns fall@1.551ns period=3.103ns})
  Path Group:             clk
  Path Type:              Hold (Min at Fast Process Corner)
  Requirement:            0.000ns  (clk rise@0.000ns - clk rise@0.000ns)
  Data Path Delay:        0.105ns  (logic 0.072ns (68.779%)  route 0.033ns (31.221%))
  Logic Levels:           1  (LUT5=1)
  Clock Path Skew:        0.006ns (DCD - SCD - CPR)
    Destination Clock Delay (DCD):    0.018ns
    Source Clock Delay      (SCD):    0.012ns
    Clock Pessimism Removal (CPR):    -0.000ns

    Location             Delay type                Incr(ns)  Path(ns)    Netlist Resource(s)
  -------------------------------------------------------------------    -------------------
                         (clock clk rise edge)        0.000     0.000 r  
                                                      0.000     0.000 r  clk (IN)
                         net (fo=84946, unset)        0.012     0.012    u_mp/clk
    SLICE_X66Y326        FDCE                                         r  u_mp/inflight_reg[1]/C
  -------------------------------------------------------------------    -------------------
    SLICE_X66Y326        FDCE (Prop_DFF_SLICEL_C_Q)
                                                      0.039     0.051 r  u_mp/inflight_reg[1]/Q
                         net (fo=9, routed)           0.027     0.078    u_mp/inflight_reg_n_0_[1]
    SLICE_X66Y326        LUT5 (Prop_D5LUT_SLICEL_I1_O)
                                                      0.033     0.111 r  u_mp/inflight[2]_i_1/O
                         net (fo=1, routed)           0.006     0.117    u_mp/inflight[2]
    SLICE_X66Y326        FDCE                                         r  u_mp/inflight_reg[2]/D
  -------------------------------------------------------------------    -------------------

                         (clock clk rise edge)        0.000     0.000 r  
                                                      0.000     0.000 r  clk (IN)
                         net (fo=84946, unset)        0.018     0.018    u_mp/clk
    SLICE_X66Y326        FDCE                                         r  u_mp/inflight_reg[2]/C
                         clock pessimism              0.000     0.018    
    SLICE_X66Y326        FDCE (Hold_DFF2_SLICEL_C_D)
                                                      0.047     0.065    u_mp/inflight_reg[2]
  -------------------------------------------------------------------
                         required time                         -0.065    
                         arrival time                           0.117    
  -------------------------------------------------------------------
                         slack                                  0.052    





Pulse Width Checks
--------------------------------------------------------------------------------------
Clock Name:         clk
Waveform(ns):       { 0.000 1.551 }
Period(ns):         3.103
Sources:            { clk }

Check Type        Corner  Lib Pin             Reference Pin  Required(ns)  Actual(ns)  Slack(ns)  Location      Pin
Min Period        n/a     RAMB36E2/CLKARDCLK  n/a            1.569         3.103       1.534      RAMB36_X4Y60  u_mp/u_istore/mem_reg_bram_0/CLKARDCLK
Low Pulse Width   Slow    RAMB36E2/CLKARDCLK  n/a            0.542         1.551       1.009      RAMB36_X4Y60  u_mp/u_istore/mem_reg_bram_0/CLKARDCLK
High Pulse Width  Slow    RAMB36E2/CLKARDCLK  n/a            0.542         1.551       1.009      RAMB36_X4Y60  u_mp/u_istore/mem_reg_bram_0/CLKARDCLK



