Copyright 1986-2022 Xilinx, Inc. All Rights Reserved. Copyright 2022-2025 Advanced Micro Devices, Inc. All Rights Reserved.
--------------------------------------------------------------------------------------------------------------------------------------------------
| Tool Version      : Vivado v.2025.2 (lin64) Build 6299465 Fri Nov 14 12:34:56 MST 2025
| Date              : Sun May  3 08:23:32 2026
| Host              : ubuntu running 64-bit Ubuntu 22.04.5 LTS
| Command           : report_timing_summary -file /home/ubuntu/Tiara/synth/timing_post_synth.rpt -warn_on_violation
| Design            : tiara_synth_top
| Device            : xcu50-fsvh2104
| Speed File        : -2  PRODUCTION 1.30 05-01-2022
| Design State      : Synthesized
| Temperature Grade : E
--------------------------------------------------------------------------------------------------------------------------------------------------

Timing Summary Report

------------------------------------------------------------------------------------------------
| Timer Settings
| --------------
------------------------------------------------------------------------------------------------

  Enable Multi Corner Analysis               :  Yes
  Enable Pessimism Removal                   :  Yes
  Pessimism Removal Resolution               :  Nearest Common Node
  Enable Input Delay Default Clock           :  No
  Enable Preset / Clear Arcs                 :  No
  Disable Flight Delays                      :  No
  Ignore I/O Paths                           :  No
  Timing Early Launch at Borrowing Latches   :  No
  Borrow Time for Max Delay Exceptions       :  Yes
  Merge Timing Exceptions                    :  Yes
  Inter-SLR Compensation                     :  Conservative

  Corner  Analyze    Analyze    
  Name    Max Paths  Min Paths  
  ------  ---------  ---------  
  Slow    Yes        Yes        
  Fast    Yes        Yes        


------------------------------------------------------------------------------------------------
| Report Methodology
| ------------------
------------------------------------------------------------------------------------------------

No report available as report_methodology has not been run prior. Run report_methodology on the current design for the summary of methodology violations.



check_timing report

Table of Contents
-----------------
1. checking no_clock (0)
2. checking constant_clock (0)
3. checking pulse_width_clock (0)
4. checking unconstrained_internal_endpoints (0)
5. checking no_input_delay (0)
6. checking no_output_delay (0)
7. checking multiple_clock (0)
8. checking generated_clocks (0)
9. checking loops (0)
10. checking partial_input_delay (588)
11. checking partial_output_delay (291)
12. checking latch_loops (0)

1. checking no_clock (0)
------------------------
 There are 0 register/latch pins with no clock.


2. checking constant_clock (0)
------------------------------
 There are 0 register/latch pins with constant_clock.


3. checking pulse_width_clock (0)
---------------------------------
 There are 0 register/latch pins which need pulse_width check


4. checking unconstrained_internal_endpoints (0)
------------------------------------------------
 There are 0 pins that are not constrained for maximum delay.

 There are 0 pins that are not constrained for maximum delay due to constant clock.


5. checking no_input_delay (0)
------------------------------
 There are 0 input ports with no input delay specified.

 There are 0 input ports with no input delay but user has a false path constraint.


6. checking no_output_delay (0)
-------------------------------
 There are 0 ports with no output delay specified.

 There are 0 ports with no output delay but user has a false path constraint

 There are 0 ports with no output delay but with a timing clock defined on it or propagating through it


7. checking multiple_clock (0)
------------------------------
 There are 0 register/latch pins with multiple clocks.


8. checking generated_clocks (0)
--------------------------------
 There are 0 generated clocks that are not connected to a clock source.


9. checking loops (0)
---------------------
 There are 0 combinational loops in the design.


10. checking partial_input_delay (588)
--------------------------------------
 There are 588 input ports with partial input delay specified. (HIGH)


11. checking partial_output_delay (291)
---------------------------------------
 There are 291 ports with partial output delay specified. (HIGH)


12. checking latch_loops (0)
----------------------------
 There are 0 combinational latch loops in the design through latch input



------------------------------------------------------------------------------------------------
| Design Timing Summary
| ---------------------
------------------------------------------------------------------------------------------------

    WNS(ns)      TNS(ns)  TNS Failing Endpoints  TNS Total Endpoints      WHS(ns)      THS(ns)  THS Failing Endpoints  THS Total Endpoints     WPWS(ns)     TPWS(ns)  TPWS Failing Endpoints  TPWS Total Endpoints  
    -------      -------  ---------------------  -------------------      -------      -------  ---------------------  -------------------     --------     --------  ----------------------  --------------------  
      1.187        0.000                      0               169313        0.058        0.000                      0               168675        1.958        0.000                       0                 84573  


All user specified timing constraints are met.


------------------------------------------------------------------------------------------------
| Clock Summary
| -------------
------------------------------------------------------------------------------------------------

Clock  Waveform(ns)         Period(ns)      Frequency(MHz)
-----  ------------         ----------      --------------
clk    {0.000 2.500}        5.000           200.000         


------------------------------------------------------------------------------------------------
| Intra Clock Table
| -----------------
------------------------------------------------------------------------------------------------

Clock             WNS(ns)      TNS(ns)  TNS Failing Endpoints  TNS Total Endpoints      WHS(ns)      THS(ns)  THS Failing Endpoints  THS Total Endpoints     WPWS(ns)     TPWS(ns)  TPWS Failing Endpoints  TPWS Total Endpoints  
-----             -------      -------  ---------------------  -------------------      -------      -------  ---------------------  -------------------     --------     --------  ----------------------  --------------------  
clk                 1.187        0.000                      0               169313        0.058        0.000                      0               168675        1.958        0.000                       0                 84573  


------------------------------------------------------------------------------------------------
| Inter Clock Table
| -----------------
------------------------------------------------------------------------------------------------

From Clock    To Clock          WNS(ns)      TNS(ns)  TNS Failing Endpoints  TNS Total Endpoints      WHS(ns)      THS(ns)  THS Failing Endpoints  THS Total Endpoints  
----------    --------          -------      -------  ---------------------  -------------------      -------      -------  ---------------------  -------------------  


------------------------------------------------------------------------------------------------
| Other Path Groups Table
| -----------------------
------------------------------------------------------------------------------------------------

Path Group    From Clock    To Clock          WNS(ns)      TNS(ns)  TNS Failing Endpoints  TNS Total Endpoints      WHS(ns)      THS(ns)  THS Failing Endpoints  THS Total Endpoints  
----------    ----------    --------          -------      -------  ---------------------  -------------------      -------      -------  ---------------------  -------------------  


------------------------------------------------------------------------------------------------
| Timing Details
| --------------
------------------------------------------------------------------------------------------------


---------------------------------------------------------------------------------------------------
From Clock:  clk
  To Clock:  clk

Setup :            0  Failing Endpoints,  Worst Slack        1.187ns,  Total Violation        0.000ns
Hold  :            0  Failing Endpoints,  Worst Slack        0.058ns,  Total Violation        0.000ns
PW    :            0  Failing Endpoints,  Worst Slack        1.958ns,  Total Violation        0.000ns
---------------------------------------------------------------------------------------------------


Max Delay Paths
--------------------------------------------------------------------------------------
Slack (MET) :             1.187ns  (required time - arrival time)
  Source:                 u_mp/u_alu/mul_b_reg[15]/C
                            (rising edge-triggered cell FDCE clocked by clk  {rise@0.000ns fall@2.500ns period=5.000ns})
  Destination:            u_mp/u_alu/mul_pipe0__8/DSP_OUTPUT_INST/ALU_OUT[0]
                            (rising edge-triggered cell DSP_OUTPUT clocked by clk  {rise@0.000ns fall@2.500ns period=5.000ns})
  Path Group:             clk
  Path Type:              Setup (Max at Slow Process Corner)
  Requirement:            5.000ns  (clk rise@5.000ns - clk rise@0.000ns)
  Data Path Delay:        3.763ns  (logic 3.532ns (93.861%)  route 0.231ns (6.139%))
  Logic Levels:           11  (DSP_A_B_DATA=1 DSP_ALU=4 DSP_M_DATA=1 DSP_MULTIPLIER=1 DSP_OUTPUT=3 DSP_PREADD_DATA=1)
  Clock Path Skew:        -0.030ns (DCD - SCD + CPR)
    Destination Clock Delay (DCD):    0.000ns = ( 5.000 - 5.000 ) 
    Source Clock Delay      (SCD):    0.030ns
    Clock Pessimism Removal (CPR):    0.000ns
  Clock Uncertainty:      0.035ns  ((TSJ^2 + TIJ^2)^1/2 + DJ) / 2 + PE
    Total System Jitter     (TSJ):    0.071ns
    Total Input Jitter      (TIJ):    0.000ns
    Discrete Jitter          (DJ):    0.000ns
    Phase Error              (PE):    0.000ns

    Location             Delay type                Incr(ns)  Path(ns)    Netlist Resource(s)
  -------------------------------------------------------------------    -------------------
                         (clock clk rise edge)        0.000     0.000 r  
                                                      0.000     0.000 r  clk (IN)
                         net (fo=84587, unset)        0.030     0.030    u_mp/u_alu/clk
                         FDCE                                         r  u_mp/u_alu/mul_b_reg[15]/C
  -------------------------------------------------------------------    -------------------
                         FDCE (Prop_FDCE_C_Q)         0.078     0.108 f  u_mp/u_alu/mul_b_reg[15]/Q
                         net (fo=4, unplaced)         0.189     0.297    u_mp/u_alu/mul_pipe0__5/B[15]
                         DSP_A_B_DATA (Prop_DSP_A_B_DATA_B[15]_B2_DATA[15])
                                                      0.151     0.448 r  u_mp/u_alu/mul_pipe0__5/DSP_A_B_DATA_INST/B2_DATA[15]
                         net (fo=1, unplaced)         0.000     0.448    u_mp/u_alu/mul_pipe0__5/DSP_A_B_DATA.B2_DATA<15>
                         DSP_PREADD_DATA (Prop_DSP_PREADD_DATA_B2_DATA[15]_B2B1[15])
                                                      0.073     0.521 r  u_mp/u_alu/mul_pipe0__5/DSP_PREADD_DATA_INST/B2B1[15]
                         net (fo=1, unplaced)         0.000     0.521    u_mp/u_alu/mul_pipe0__5/DSP_PREADD_DATA.B2B1<15>
                         DSP_MULTIPLIER (Prop_DSP_MULTIPLIER_B2B1[15]_V[43])
                                                      0.609     1.130 f  u_mp/u_alu/mul_pipe0__5/DSP_MULTIPLIER_INST/V[43]
                         net (fo=1, unplaced)         0.000     1.130    u_mp/u_alu/mul_pipe0__5/DSP_MULTIPLIER.V<43>
                         DSP_M_DATA (Prop_DSP_M_DATA_V[43]_V_DATA[43])
                                                      0.046     1.176 r  u_mp/u_alu/mul_pipe0__5/DSP_M_DATA_INST/V_DATA[43]
                         net (fo=1, unplaced)         0.000     1.176    u_mp/u_alu/mul_pipe0__5/DSP_M_DATA.V_DATA<43>
                         DSP_ALU (Prop_DSP_ALU_V_DATA[43]_ALU_OUT[47])
                                                      0.571     1.747 f  u_mp/u_alu/mul_pipe0__5/DSP_ALU_INST/ALU_OUT[47]
                         net (fo=1, unplaced)         0.000     1.747    u_mp/u_alu/mul_pipe0__5/DSP_ALU.ALU_OUT<47>
                         DSP_OUTPUT (Prop_DSP_OUTPUT_ALU_OUT[47]_PCOUT[47])
                                                      0.122     1.869 r  u_mp/u_alu/mul_pipe0__5/DSP_OUTPUT_INST/PCOUT[47]
                         net (fo=1, unplaced)         0.014     1.883    u_mp/u_alu/mul_pipe0__6/PCIN[47]
                         DSP_ALU (Prop_DSP_ALU_PCIN[47]_ALU_OUT[47])
                                                      0.546     2.429 f  u_mp/u_alu/mul_pipe0__6/DSP_ALU_INST/ALU_OUT[47]
                         net (fo=1, unplaced)         0.000     2.429    u_mp/u_alu/mul_pipe0__6/DSP_ALU.ALU_OUT<47>
                         DSP_OUTPUT (Prop_DSP_OUTPUT_ALU_OUT[47]_PCOUT[47])
                                                      0.122     2.551 r  u_mp/u_alu/mul_pipe0__6/DSP_OUTPUT_INST/PCOUT[47]
                         net (fo=1, unplaced)         0.014     2.565    u_mp/u_alu/mul_pipe0__7/PCIN[47]
                         DSP_ALU (Prop_DSP_ALU_PCIN[47]_ALU_OUT[47])
                                                      0.546     3.111 f  u_mp/u_alu/mul_pipe0__7/DSP_ALU_INST/ALU_OUT[47]
                         net (fo=1, unplaced)         0.000     3.111    u_mp/u_alu/mul_pipe0__7/DSP_ALU.ALU_OUT<47>
                         DSP_OUTPUT (Prop_DSP_OUTPUT_ALU_OUT[47]_PCOUT[47])
                                                      0.122     3.233 r  u_mp/u_alu/mul_pipe0__7/DSP_OUTPUT_INST/PCOUT[47]
                         net (fo=1, unplaced)         0.014     3.247    u_mp/u_alu/mul_pipe0__8/PCIN[47]
                         DSP_ALU (Prop_DSP_ALU_PCIN[47]_ALU_OUT[0])
                                                      0.546     3.793 r  u_mp/u_alu/mul_pipe0__8/DSP_ALU_INST/ALU_OUT[0]
                         net (fo=1, unplaced)         0.000     3.793    u_mp/u_alu/mul_pipe0__8/DSP_ALU.ALU_OUT<0>
                         DSP_OUTPUT                                   r  u_mp/u_alu/mul_pipe0__8/DSP_OUTPUT_INST/ALU_OUT[0]
  -------------------------------------------------------------------    -------------------

                         (clock clk rise edge)        5.000     5.000 r  
                                                      0.000     5.000 r  clk (IN)
                         net (fo=84587, unset)        0.000     5.000    u_mp/u_alu/mul_pipe0__8/CLK
                         DSP_OUTPUT                                   r  u_mp/u_alu/mul_pipe0__8/DSP_OUTPUT_INST/CLK
                         clock pessimism              0.000     5.000    
                         clock uncertainty           -0.035     4.965    
                         DSP_OUTPUT (Setup_DSP_OUTPUT_CLK_ALU_OUT[0])
                                                      0.015     4.980    u_mp/u_alu/mul_pipe0__8/DSP_OUTPUT_INST
  -------------------------------------------------------------------
                         required time                          4.980    
                         arrival time                          -3.793    
  -------------------------------------------------------------------
                         slack                                  1.187    





Min Delay Paths
--------------------------------------------------------------------------------------
Slack (MET) :             0.058ns  (arrival time - required time)
  Source:                 u_mp/instr_retired_reg[16]/C
                            (rising edge-triggered cell FDCE clocked by clk  {rise@0.000ns fall@2.500ns period=5.000ns})
  Destination:            u_mp/instr_retired_reg[16]/D
                            (rising edge-triggered cell FDCE clocked by clk  {rise@0.000ns fall@2.500ns period=5.000ns})
  Path Group:             clk
  Path Type:              Hold (Min at Fast Process Corner)
  Requirement:            0.000ns  (clk rise@0.000ns - clk rise@0.000ns)
  Data Path Delay:        0.110ns  (logic 0.057ns (51.818%)  route 0.053ns (48.182%))
  Logic Levels:           1  (CARRY8=1)
  Clock Path Skew:        0.006ns (DCD - SCD - CPR)
    Destination Clock Delay (DCD):    0.019ns
    Source Clock Delay      (SCD):    0.013ns
    Clock Pessimism Removal (CPR):    -0.000ns

    Location             Delay type                Incr(ns)  Path(ns)    Netlist Resource(s)
  -------------------------------------------------------------------    -------------------
                         (clock clk rise edge)        0.000     0.000 r  
                                                      0.000     0.000 r  clk (IN)
                         net (fo=84587, unset)        0.013     0.013    u_mp/clk
                         FDCE                                         r  u_mp/instr_retired_reg[16]/C
  -------------------------------------------------------------------    -------------------
                         FDCE (Prop_FDCE_C_Q)         0.038     0.051 r  u_mp/instr_retired_reg[16]/Q
                         net (fo=1, unplaced)         0.046     0.097    u_mp/instr_retired[16]
                         CARRY8 (Prop_CARRY8_S[0]_O[0])
                                                      0.019     0.116 r  u_mp/instr_retired_reg[23]_i_1/O[0]
                         net (fo=1, unplaced)         0.007     0.123    u_mp/instr_retired_reg[23]_i_1_n_15
                         FDCE                                         r  u_mp/instr_retired_reg[16]/D
  -------------------------------------------------------------------    -------------------

                         (clock clk rise edge)        0.000     0.000 r  
                                                      0.000     0.000 r  clk (IN)
                         net (fo=84587, unset)        0.019     0.019    u_mp/clk
                         FDCE                                         r  u_mp/instr_retired_reg[16]/C
                         clock pessimism              0.000     0.019    
                         FDCE (Hold_FDCE_C_D)         0.046     0.065    u_mp/instr_retired_reg[16]
  -------------------------------------------------------------------
                         required time                         -0.065    
                         arrival time                           0.123    
  -------------------------------------------------------------------
                         slack                                  0.058    





Pulse Width Checks
--------------------------------------------------------------------------------------
Clock Name:         clk
Waveform(ns):       { 0.000 2.500 }
Period(ns):         5.000
Sources:            { clk }

Check Type        Corner  Lib Pin             Reference Pin  Required(ns)  Actual(ns)  Slack(ns)  Location  Pin
Min Period        n/a     RAMB36E2/CLKARDCLK  n/a            1.569         5.000       3.431                u_mp/u_istore/mem_reg_bram_0/CLKARDCLK
Low Pulse Width   Slow    RAMB36E2/CLKARDCLK  n/a            0.542         2.500       1.958                u_mp/u_istore/mem_reg_bram_0/CLKARDCLK
High Pulse Width  Slow    RAMB36E2/CLKARDCLK  n/a            0.542         2.500       1.958                u_mp/u_istore/mem_reg_bram_0/CLKARDCLK



