------------------------------------------------------------------------------------------------
| Timer Settings
| --------------
------------------------------------------------------------------------------------------------

  Enable Multi Corner Analysis               :  Yes
  Enable Pessimism Removal                   :  Yes
  Pessimism Removal Resolution               :  Nearest Common Node
  Enable Input Delay Default Clock           :  No
  Enable Preset / Clear Arcs                 :  No
  Disable Flight Delays                      :  No
  Ignore I/O Paths                           :  No
  Timing Early Launch at Borrowing Latches   :  No
  Borrow Time for Max Delay Exceptions       :  Yes
  Merge Timing Exceptions                    :  Yes
  Inter-SLR Compensation                     :  Conservative

  Corner  Analyze    Analyze    
  Name    Max Paths  Min Paths  
  ------  ---------  ---------  
  Slow    Yes        Yes        
  Fast    Yes        Yes        


------------------------------------------------------------------------------------------------
| Report Methodology
| ------------------
------------------------------------------------------------------------------------------------

No report available as report_methodology has not been run prior. Run report_methodology on the current design for the summary of methodology violations.



check_timing report

Table of Contents
-----------------
1. checking no_clock (0)
2. checking constant_clock (0)
3. checking pulse_width_clock (0)
4. checking unconstrained_internal_endpoints (0)
5. checking no_input_delay (0)
6. checking no_output_delay (0)
7. checking multiple_clock (0)
8. checking generated_clocks (0)
9. checking loops (0)
10. checking partial_input_delay (588)
11. checking partial_output_delay (291)
12. checking latch_loops (0)

1. checking no_clock (0)
------------------------
 There are 0 register/latch pins with no clock.


2. checking constant_clock (0)
------------------------------
 There are 0 register/latch pins with constant_clock.


3. checking pulse_width_clock (0)
---------------------------------
 There are 0 register/latch pins which need pulse_width check


4. checking unconstrained_internal_endpoints (0)
------------------------------------------------
 There are 0 pins that are not constrained for maximum delay.

 There are 0 pins that are not constrained for maximum delay due to constant clock.


5. checking no_input_delay (0)
------------------------------
 There are 0 input ports with no input delay specified.

 There are 0 input ports with no input delay but user has a false path constraint.


6. checking no_output_delay (0)
-------------------------------
 There are 0 ports with no output delay specified.

 There are 0 ports with no output delay but user has a false path constraint

 There are 0 ports with no output delay but with a timing clock defined on it or propagating through it


7. checking multiple_clock (0)
------------------------------
 There are 0 register/latch pins with multiple clocks.


8. checking generated_clocks (0)
--------------------------------
 There are 0 generated clocks that are not connected to a clock source.


9. checking loops (0)
---------------------
 There are 0 combinational loops in the design.


10. checking partial_input_delay (588)
--------------------------------------
 There are 588 input ports with partial input delay specified. (HIGH)


11. checking partial_output_delay (291)
---------------------------------------
 There are 291 ports with partial output delay specified. (HIGH)


12. checking latch_loops (0)
----------------------------
 There are 0 combinational latch loops in the design through latch input



------------------------------------------------------------------------------------------------
| Design Timing Summary
| ---------------------
------------------------------------------------------------------------------------------------

    WNS(ns)      TNS(ns)  TNS Failing Endpoints  TNS Total Endpoints      WHS(ns)      THS(ns)  THS Failing Endpoints  THS Total Endpoints     WPWS(ns)     TPWS(ns)  TPWS Failing Endpoints  TPWS Total Endpoints  
    -------      -------  ---------------------  -------------------      -------      -------  ---------------------  -------------------     --------     --------  ----------------------  --------------------  
      0.184        0.000                      0               169647        0.042        0.000                      0               169009        1.958        0.000                       0                 84740  


All user specified timing constraints are met.


------------------------------------------------------------------------------------------------
| Clock Summary
| -------------
------------------------------------------------------------------------------------------------

Clock  Waveform(ns)         Period(ns)      Frequency(MHz)
-----  ------------         ----------      --------------
clk    {0.000 2.500}        5.000           200.000         


------------------------------------------------------------------------------------------------
| Intra Clock Table
| -----------------
------------------------------------------------------------------------------------------------

Clock             WNS(ns)      TNS(ns)  TNS Failing Endpoints  TNS Total Endpoints      WHS(ns)      THS(ns)  THS Failing Endpoints  THS Total Endpoints     WPWS(ns)     TPWS(ns)  TPWS Failing Endpoints  TPWS Total Endpoints  
-----             -------      -------  ---------------------  -------------------      -------      -------  ---------------------  -------------------     --------     --------  ----------------------  --------------------  
clk                 0.184        0.000                      0               169647        0.042        0.000                      0               169009        1.958        0.000                       0                 84740  


------------------------------------------------------------------------------------------------
| Inter Clock Table
| -----------------
------------------------------------------------------------------------------------------------

From Clock    To Clock          WNS(ns)      TNS(ns)  TNS Failing Endpoints  TNS Total Endpoints      WHS(ns)      THS(ns)  THS Failing Endpoints  THS Total Endpoints  
----------    --------          -------      -------  ---------------------  -------------------      -------      -------  ---------------------  -------------------  


------------------------------------------------------------------------------------------------
| Other Path Groups Table
| -----------------------
------------------------------------------------------------------------------------------------

Path Group    From Clock    To Clock          WNS(ns)      TNS(ns)  TNS Failing Endpoints  TNS Total Endpoints      WHS(ns)      THS(ns)  THS Failing Endpoints  THS Total Endpoints  
----------    ----------    --------          -------      -------  ---------------------  -------------------      -------      -------  ---------------------  -------------------  


------------------------------------------------------------------------------------------------
| Timing Details
| --------------
------------------------------------------------------------------------------------------------


---------------------------------------------------------------------------------------------------
From Clock:  clk
  To Clock:  clk

Setup :            0  Failing Endpoints,  Worst Slack        0.184ns,  Total Violation        0.000ns
Hold  :            0  Failing Endpoints,  Worst Slack        0.042ns,  Total Violation        0.000ns
PW    :            0  Failing Endpoints,  Worst Slack        1.958ns,  Total Violation        0.000ns
---------------------------------------------------------------------------------------------------


Max Delay Paths
--------------------------------------------------------------------------------------
Slack (MET) :             0.184ns  (required time - arrival time)
  Source:                 u_mem/local_rd_reg[40]/C
                            (rising edge-triggered cell FDRE clocked by clk  {rise@0.000ns fall@2.500ns period=5.000ns})
  Destination:            u_mem/local_mem_reg[577][43]/CE
                            (rising edge-triggered cell FDRE clocked by clk  {rise@0.000ns fall@2.500ns period=5.000ns})
  Path Group:             clk
  Path Type:              Setup (Max at Slow Process Corner)
  Requirement:            5.000ns  (clk rise@5.000ns - clk rise@0.000ns)
  Data Path Delay:        4.712ns  (logic 0.819ns (17.379%)  route 3.893ns (82.621%))
  Logic Levels:           7  (CARRY8=2 LUT3=1 LUT5=2 LUT6=2)
  Clock Path Skew:        -0.007ns (DCD - SCD + CPR)
    Destination Clock Delay (DCD):    0.021ns = ( 5.021 - 5.000 ) 
    Source Clock Delay      (SCD):    0.028ns
    Clock Pessimism Removal (CPR):    0.000ns
  Clock Uncertainty:      0.035ns  ((TSJ^2 + TIJ^2)^1/2 + DJ) / 2 + PE
    Total System Jitter     (TSJ):    0.071ns
    Total Input Jitter      (TIJ):    0.000ns
    Discrete Jitter          (DJ):    0.000ns
    Phase Error              (PE):    0.000ns

    Location             Delay type                Incr(ns)  Path(ns)    Netlist Resource(s)
  -------------------------------------------------------------------    -------------------
                         (clock clk rise edge)        0.000     0.000 r  
                                                      0.000     0.000 r  clk (IN)
                         net (fo=84754, unset)        0.028     0.028    u_mem/clk
    SLICE_X117Y406       FDRE                                         r  u_mem/local_rd_reg[40]/C
  -------------------------------------------------------------------    -------------------
    SLICE_X117Y406       FDRE (Prop_BFF_SLICEL_C_Q)
                                                      0.079     0.107 r  u_mem/local_rd_reg[40]/Q
                         net (fo=4, routed)           0.825     0.932    u_mem/local_rd[40]
    SLICE_X109Y405                                                    r  u_mem/local_mem[178][63]_i_73/I0
    SLICE_X109Y405       LUT3 (Prop_C6LUT_SLICEM_I0_O)
                                                      0.145     1.077 r  u_mem/local_mem[178][63]_i_73/O
                         net (fo=1, routed)           0.190     1.267    u_mem/local_mem[178][63]_i_73_n_0
    SLICE_X110Y408                                                    r  u_mem/local_mem[178][63]_i_36/I4
    SLICE_X110Y408       LUT6 (Prop_F6LUT_SLICEL_I4_O)
                                                      0.123     1.390 r  u_mem/local_mem[178][63]_i_36/O
                         net (fo=1, routed)           0.011     1.401    u_mem/local_mem[178][63]_i_36_n_0
    SLICE_X110Y408                                                    r  u_mem/local_mem_reg[178][63]_i_26/S[5]
    SLICE_X110Y408       CARRY8 (Prop_CARRY8_SLICEL_S[5]_CO[7])
                                                      0.155     1.556 r  u_mem/local_mem_reg[178][63]_i_26/CO[7]
                         net (fo=1, routed)           0.026     1.582    u_mem/local_mem_reg[178][63]_i_26_n_0
    SLICE_X110Y409                                                    r  u_mem/local_mem_reg[178][63]_i_9/CI
    SLICE_X110Y409       CARRY8 (Prop_CARRY8_SLICEL_CI_CO[5])
                                                      0.077     1.659 r  u_mem/local_mem_reg[178][63]_i_9/CO[5]
                         net (fo=12, routed)          0.409     2.069    u_mem/local_mem_reg[178][63]_i_9_n_2
    SLICE_X110Y390                                                    r  u_mem/local_mem[765][63]_i_3/I3
    SLICE_X110Y390       LUT6 (Prop_E6LUT_SLICEL_I3_O)
                                                      0.090     2.159 f  u_mem/local_mem[765][63]_i_3/O
                         net (fo=47, routed)          0.586     2.744    u_mem/local_mem[765][63]_i_3_n_0
    SLICE_X115Y369                                                    f  u_mem/local_mem[577][63]_i_3/I0
    SLICE_X115Y369       LUT5 (Prop_D6LUT_SLICEM_I0_O)
                                                      0.051     2.795 f  u_mem/local_mem[577][63]_i_3/O
                         net (fo=1, routed)           0.089     2.884    u_mem/local_mem[577][63]_i_3_n_0
    SLICE_X116Y369                                                    f  u_mem/local_mem[577][63]_i_1/I4
    SLICE_X116Y369       LUT5 (Prop_H6LUT_SLICEL_I4_O)
                                                      0.099     2.983 r  u_mem/local_mem[577][63]_i_1/O
                         net (fo=64, routed)          1.757     4.740    u_mem/local_mem[577][63]_i_1_n_0
    SLICE_X167Y391       FDRE                                         r  u_mem/local_mem_reg[577][43]/CE
  -------------------------------------------------------------------    -------------------

                         (clock clk rise edge)        5.000     5.000 r  
                                                      0.000     5.000 r  clk (IN)
                         net (fo=84754, unset)        0.021     5.021    u_mem/clk
    SLICE_X167Y391       FDRE                                         r  u_mem/local_mem_reg[577][43]/C
                         clock pessimism              0.000     5.021    
                         clock uncertainty           -0.035     4.986    
    SLICE_X167Y391       FDRE (Setup_HFF2_SLICEM_C_CE)
                                                     -0.061     4.925    u_mem/local_mem_reg[577][43]
  -------------------------------------------------------------------
                         required time                          4.925    
                         arrival time                          -4.740    
  -------------------------------------------------------------------
                         slack                                  0.184    





Min Delay Paths
--------------------------------------------------------------------------------------
Slack (MET) :             0.042ns  (arrival time - required time)
  Source:                 u_mem/cnt_reg[13]/C
                            (rising edge-triggered cell FDCE clocked by clk  {rise@0.000ns fall@2.500ns period=5.000ns})
  Destination:            u_mem/cnt_reg[13]/D
                            (rising edge-triggered cell FDCE clocked by clk  {rise@0.000ns fall@2.500ns period=5.000ns})
  Path Group:             clk
  Path Type:              Hold (Min at Fast Process Corner)
  Requirement:            0.000ns  (clk rise@0.000ns - clk rise@0.000ns)
  Data Path Delay:        0.094ns  (logic 0.054ns (57.540%)  route 0.040ns (42.460%))
  Logic Levels:           1  (LUT6=1)
  Clock Path Skew:        0.006ns (DCD - SCD - CPR)
    Destination Clock Delay (DCD):    0.018ns
    Source Clock Delay      (SCD):    0.012ns
    Clock Pessimism Removal (CPR):    -0.000ns

    Location             Delay type                Incr(ns)  Path(ns)    Netlist Resource(s)
  -------------------------------------------------------------------    -------------------
                         (clock clk rise edge)        0.000     0.000 r  
                                                      0.000     0.000 r  clk (IN)
                         net (fo=84754, unset)        0.012     0.012    u_mem/clk
    SLICE_X89Y372        FDCE                                         r  u_mem/cnt_reg[13]/C
  -------------------------------------------------------------------    -------------------
    SLICE_X89Y372        FDCE (Prop_BFF_SLICEL_C_Q)
                                                      0.039     0.051 r  u_mem/cnt_reg[13]/Q
                         net (fo=4, routed)           0.025     0.076    u_mem/cnt_reg_n_0_[13]
    SLICE_X89Y372                                                     r  u_mem/cnt[13]_i_1/I5
    SLICE_X89Y372        LUT6 (Prop_B6LUT_SLICEL_I5_O)
                                                      0.015     0.091 r  u_mem/cnt[13]_i_1/O
                         net (fo=1, routed)           0.015     0.106    u_mem/cnt[13]_i_1_n_0
    SLICE_X89Y372        FDCE                                         r  u_mem/cnt_reg[13]/D
  -------------------------------------------------------------------    -------------------

                         (clock clk rise edge)        0.000     0.000 r  
                                                      0.000     0.000 r  clk (IN)
                         net (fo=84754, unset)        0.018     0.018    u_mem/clk
    SLICE_X89Y372        FDCE                                         r  u_mem/cnt_reg[13]/C
                         clock pessimism              0.000     0.018    
    SLICE_X89Y372        FDCE (Hold_BFF_SLICEL_C_D)
                                                      0.046     0.064    u_mem/cnt_reg[13]
  -------------------------------------------------------------------
                         required time                         -0.064    
                         arrival time                           0.106    
  -------------------------------------------------------------------
                         slack                                  0.042    





Pulse Width Checks
--------------------------------------------------------------------------------------
Clock Name:         clk
Waveform(ns):       { 0.000 2.500 }
Period(ns):         5.000
Sources:            { clk }

Check Type        Corner  Lib Pin             Reference Pin  Required(ns)  Actual(ns)  Slack(ns)  Location      Pin
Min Period        n/a     RAMB36E2/CLKARDCLK  n/a            1.569         5.000       3.431      RAMB36_X5Y72  u_mp/u_istore/mem_reg_bram_0/CLKARDCLK
Low Pulse Width   Slow    RAMB36E2/CLKARDCLK  n/a            0.542         2.500       1.958      RAMB36_X5Y72  u_mp/u_istore/mem_reg_bram_0/CLKARDCLK
High Pulse Width  Slow    RAMB36E2/CLKARDCLK  n/a            0.542         2.500       1.958      RAMB36_X5Y72  u_mp/u_istore/mem_reg_bram_0/CLKARDCLK



