Copyright 1986-2022 Xilinx, Inc. All Rights Reserved. Copyright 2022-2025 Advanced Micro Devices, Inc. All Rights Reserved.
---------------------------------------------------------------------------------------------------------------------------------------------
| Tool Version : Vivado v.2025.2 (lin64) Build 6299465 Fri Nov 14 12:34:56 MST 2025
| Date         : Sun May  3 16:28:50 2026
| Host         : ubuntu running 64-bit Ubuntu 22.04.5 LTS
| Command      : report_utilization -hierarchical -file /home/ubuntu/Tiara/synth_8mp/util_hier_post_synth.rpt
| Design       : tiara_synth_top_n
| Device       : xcu50-fsvh2104-2-e
| Speed File   : -2
| Design State : Synthesized
---------------------------------------------------------------------------------------------------------------------------------------------

Utilization Design Information

Table of Contents
-----------------
1. Utilization by Hierarchy

1. Utilization by Hierarchy
---------------------------

+-----------------------+---------------------+------------+------------+---------+------+--------+--------+--------+------+------------+
|        Instance       |        Module       | Total LUTs | Logic LUTs | LUTRAMs | SRLs |   FFs  | RAMB36 | RAMB18 | URAM | DSP Blocks |
+-----------------------+---------------------+------------+------------+---------+------+--------+--------+--------+------+------------+
| tiara_synth_top_n     |               (top) |     224465 |     224465 |       0 |    0 | 676765 |     16 |      0 |    0 |         80 |
|   (tiara_synth_top_n) |               (top) |          0 |          0 |       0 |    0 |      0 |      0 |      0 |    0 |          0 |
|   u_array             |      tiara_mp_array |     224465 |     224465 |       0 |    0 | 676765 |     16 |      0 |    0 |         80 |
|     g_mp[0].u_mem     |    tiara_mem_simple |      24764 |      24764 |       0 |    0 |  82350 |      0 |      0 |    0 |          0 |
|     g_mp[0].u_mp      |            tiara_mp |       3076 |       3076 |       0 |    0 |   1696 |      2 |      0 |    0 |         10 |
|       (g_mp[0].u_mp)  |            tiara_mp |        588 |        588 |       0 |    0 |    136 |      0 |      0 |    0 |          0 |
|       u_alu           |        tiara_alu_38 |         43 |         43 |       0 |    0 |    179 |      0 |      0 |    0 |         10 |
|       u_ls            | tiara_loop_stack_40 |        291 |        291 |       0 |    0 |    420 |      0 |      0 |    0 |          0 |
|       u_rf            |    tiara_regfile_41 |       2187 |       2187 |       0 |    0 |    960 |      0 |      0 |    0 |          0 |
|     g_mp[1].u_mem     |  tiara_mem_simple_0 |      24764 |      24764 |       0 |    0 |  82350 |      0 |      0 |    0 |          0 |
|     g_mp[1].u_mp      |          tiara_mp_1 |       3163 |       3163 |       0 |    0 |   1696 |      2 |      0 |    0 |         10 |
|       (g_mp[1].u_mp)  |          tiara_mp_1 |        675 |        675 |       0 |    0 |    136 |      0 |      0 |    0 |          0 |
|       u_alu           |        tiara_alu_34 |         43 |         43 |       0 |    0 |    179 |      0 |      0 |    0 |         10 |
|       u_ls            | tiara_loop_stack_36 |        291 |        291 |       0 |    0 |    420 |      0 |      0 |    0 |          0 |
|       u_rf            |    tiara_regfile_37 |       2187 |       2187 |       0 |    0 |    960 |      0 |      0 |    0 |          0 |
|     g_mp[2].u_mem     |  tiara_mem_simple_2 |      24764 |      24764 |       0 |    0 |  82350 |      0 |      0 |    0 |          0 |
|     g_mp[2].u_mp      |          tiara_mp_3 |       3076 |       3076 |       0 |    0 |   1696 |      2 |      0 |    0 |         10 |
|       (g_mp[2].u_mp)  |          tiara_mp_3 |        588 |        588 |       0 |    0 |    136 |      0 |      0 |    0 |          0 |
|       u_alu           |        tiara_alu_30 |         43 |         43 |       0 |    0 |    179 |      0 |      0 |    0 |         10 |
|       u_ls            | tiara_loop_stack_32 |        291 |        291 |       0 |    0 |    420 |      0 |      0 |    0 |          0 |
|       u_rf            |    tiara_regfile_33 |       2187 |       2187 |       0 |    0 |    960 |      0 |      0 |    0 |          0 |
|     g_mp[3].u_mem     |  tiara_mem_simple_4 |      24764 |      24764 |       0 |    0 |  82350 |      0 |      0 |    0 |          0 |
|     g_mp[3].u_mp      |          tiara_mp_5 |       3107 |       3107 |       0 |    0 |   1696 |      2 |      0 |    0 |         10 |
|       (g_mp[3].u_mp)  |          tiara_mp_5 |        619 |        619 |       0 |    0 |    136 |      0 |      0 |    0 |          0 |
|       u_alu           |        tiara_alu_26 |         43 |         43 |       0 |    0 |    179 |      0 |      0 |    0 |         10 |
|       u_ls            | tiara_loop_stack_28 |        291 |        291 |       0 |    0 |    420 |      0 |      0 |    0 |          0 |
|       u_rf            |    tiara_regfile_29 |       2187 |       2187 |       0 |    0 |    960 |      0 |      0 |    0 |          0 |
|     g_mp[4].u_mem     |  tiara_mem_simple_6 |      24751 |      24751 |       0 |    0 |  82348 |      0 |      0 |    0 |          0 |
|     g_mp[4].u_mp      |          tiara_mp_7 |       3074 |       3074 |       0 |    0 |   1696 |      2 |      0 |    0 |         10 |
|       (g_mp[4].u_mp)  |          tiara_mp_7 |        588 |        588 |       0 |    0 |    136 |      0 |      0 |    0 |          0 |
|       u_alu           |        tiara_alu_22 |         43 |         43 |       0 |    0 |    179 |      0 |      0 |    0 |         10 |
|       u_ls            | tiara_loop_stack_24 |        291 |        291 |       0 |    0 |    420 |      0 |      0 |    0 |          0 |
|       u_rf            |    tiara_regfile_25 |       2185 |       2185 |       0 |    0 |    960 |      0 |      0 |    0 |          0 |
|     g_mp[5].u_mem     |  tiara_mem_simple_8 |      24764 |      24764 |       0 |    0 |  82350 |      0 |      0 |    0 |          0 |
|     g_mp[5].u_mp      |          tiara_mp_9 |       3075 |       3075 |       0 |    0 |   1696 |      2 |      0 |    0 |         10 |
|       (g_mp[5].u_mp)  |          tiara_mp_9 |        587 |        587 |       0 |    0 |    136 |      0 |      0 |    0 |          0 |
|       u_alu           |        tiara_alu_18 |         43 |         43 |       0 |    0 |    179 |      0 |      0 |    0 |         10 |
|       u_ls            | tiara_loop_stack_20 |        291 |        291 |       0 |    0 |    420 |      0 |      0 |    0 |          0 |
|       u_rf            |    tiara_regfile_21 |       2187 |       2187 |       0 |    0 |    960 |      0 |      0 |    0 |          0 |
|     g_mp[6].u_mem     | tiara_mem_simple_10 |      24751 |      24751 |       0 |    0 |  82348 |      0 |      0 |    0 |          0 |
|     g_mp[6].u_mp      |         tiara_mp_11 |       3107 |       3107 |       0 |    0 |   1696 |      2 |      0 |    0 |         10 |
|       (g_mp[6].u_mp)  |         tiara_mp_11 |        621 |        621 |       0 |    0 |    136 |      0 |      0 |    0 |          0 |
|       u_alu           |        tiara_alu_14 |         43 |         43 |       0 |    0 |    179 |      0 |      0 |    0 |         10 |
|       u_ls            | tiara_loop_stack_16 |        291 |        291 |       0 |    0 |    420 |      0 |      0 |    0 |          0 |
|       u_rf            |    tiara_regfile_17 |       2185 |       2185 |       0 |    0 |    960 |      0 |      0 |    0 |          0 |
|     g_mp[7].u_mem     | tiara_mem_simple_12 |      24764 |      24764 |       0 |    0 |  82350 |      0 |      0 |    0 |          0 |
|     g_mp[7].u_mp      |         tiara_mp_13 |       3076 |       3076 |       0 |    0 |   1696 |      2 |      0 |    0 |         10 |
|       (g_mp[7].u_mp)  |         tiara_mp_13 |        588 |        588 |       0 |    0 |    136 |      0 |      0 |    0 |          0 |
|       u_alu           |           tiara_alu |         43 |         43 |       0 |    0 |    179 |      0 |      0 |    0 |         10 |
|       u_ls            |    tiara_loop_stack |        291 |        291 |       0 |    0 |    420 |      0 |      0 |    0 |          0 |
|       u_rf            |       tiara_regfile |       2187 |       2187 |       0 |    0 |    960 |      0 |      0 |    0 |          0 |
|     u_disp            |  tiara_dispatcher_n |       1625 |       1625 |       0 |    0 |   4401 |      0 |      0 |    0 |          0 |
+-----------------------+---------------------+------------+------------+---------+------+--------+--------+--------+------+------------+


