Copyright 1986-2022 Xilinx, Inc. All Rights Reserved. Copyright 2022-2025 Advanced Micro Devices, Inc. All Rights Reserved.
--------------------------------------------------------------------------------------------------------------------------------------------------
| Tool Version      : Vivado v.2025.2 (lin64) Build 6299465 Fri Nov 14 12:34:56 MST 2025
| Date              : Fri Jun  5 14:10:57 2026
| Host              : ubuntu running 64-bit Ubuntu 22.04.5 LTS
| Command           : report_timing_summary -file /home/ubuntu/Tiara/fmax_240.0/timing_summary.rpt -warn_on_violation
| Design            : tiara_synth_top
| Device            : xcu50-fsvh2104
| Speed File        : -2  PRODUCTION 1.30 05-01-2022
| Design State      : Routed
| Temperature Grade : E
--------------------------------------------------------------------------------------------------------------------------------------------------

Timing Summary Report

------------------------------------------------------------------------------------------------
| Timer Settings
| --------------
------------------------------------------------------------------------------------------------

  Enable Multi Corner Analysis               :  Yes
  Enable Pessimism Removal                   :  Yes
  Pessimism Removal Resolution               :  Nearest Common Node
  Enable Input Delay Default Clock           :  No
  Enable Preset / Clear Arcs                 :  No
  Disable Flight Delays                      :  No
  Ignore I/O Paths                           :  No
  Timing Early Launch at Borrowing Latches   :  No
  Borrow Time for Max Delay Exceptions       :  Yes
  Merge Timing Exceptions                    :  Yes
  Inter-SLR Compensation                     :  Conservative

  Corner  Analyze    Analyze    
  Name    Max Paths  Min Paths  
  ------  ---------  ---------  
  Slow    Yes        Yes        
  Fast    Yes        Yes        


------------------------------------------------------------------------------------------------
| Report Methodology
| ------------------
------------------------------------------------------------------------------------------------

No report available as report_methodology has not been run prior. Run report_methodology on the current design for the summary of methodology violations.



check_timing report

Table of Contents
-----------------
1. checking no_clock (0)
2. checking constant_clock (0)
3. checking pulse_width_clock (0)
4. checking unconstrained_internal_endpoints (0)
5. checking no_input_delay (11)
6. checking no_output_delay (0)
7. checking multiple_clock (0)
8. checking generated_clocks (0)
9. checking loops (0)
10. checking partial_input_delay (588)
11. checking partial_output_delay (291)
12. checking latch_loops (0)

1. checking no_clock (0)
------------------------
 There are 0 register/latch pins with no clock.


2. checking constant_clock (0)
------------------------------
 There are 0 register/latch pins with constant_clock.


3. checking pulse_width_clock (0)
---------------------------------
 There are 0 register/latch pins which need pulse_width check


4. checking unconstrained_internal_endpoints (0)
------------------------------------------------
 There are 0 pins that are not constrained for maximum delay.

 There are 0 pins that are not constrained for maximum delay due to constant clock.


5. checking no_input_delay (11)
-------------------------------
 There are 10 input ports with no input delay specified. (HIGH)

 There is 1 input port with no input delay but user has a false path constraint. (MEDIUM)


6. checking no_output_delay (0)
-------------------------------
 There are 0 ports with no output delay specified.

 There are 0 ports with no output delay but user has a false path constraint

 There are 0 ports with no output delay but with a timing clock defined on it or propagating through it


7. checking multiple_clock (0)
------------------------------
 There are 0 register/latch pins with multiple clocks.


8. checking generated_clocks (0)
--------------------------------
 There are 0 generated clocks that are not connected to a clock source.


9. checking loops (0)
---------------------
 There are 0 combinational loops in the design.


10. checking partial_input_delay (588)
--------------------------------------
 There are 588 input ports with partial input delay specified. (HIGH)


11. checking partial_output_delay (291)
---------------------------------------
 There are 291 ports with partial output delay specified. (HIGH)


12. checking latch_loops (0)
----------------------------
 There are 0 combinational latch loops in the design through latch input



------------------------------------------------------------------------------------------------
| Design Timing Summary
| ---------------------
------------------------------------------------------------------------------------------------

    WNS(ns)      TNS(ns)  TNS Failing Endpoints  TNS Total Endpoints      WHS(ns)      THS(ns)  THS Failing Endpoints  THS Total Endpoints     WPWS(ns)     TPWS(ns)  TPWS Failing Endpoints  TPWS Total Endpoints  
    -------      -------  ---------------------  -------------------      -------      -------  ---------------------  -------------------     --------     --------  ----------------------  --------------------  
     -0.285     -448.988                   5656               170027        0.047        0.000                      0               169389        1.541        0.000                       0                 84917  


Timing constraints are not met.


------------------------------------------------------------------------------------------------
| Clock Summary
| -------------
------------------------------------------------------------------------------------------------

Clock  Waveform(ns)         Period(ns)      Frequency(MHz)
-----  ------------         ----------      --------------
clk    {0.000 2.083}        4.167           239.981         


------------------------------------------------------------------------------------------------
| Intra Clock Table
| -----------------
------------------------------------------------------------------------------------------------

Clock             WNS(ns)      TNS(ns)  TNS Failing Endpoints  TNS Total Endpoints      WHS(ns)      THS(ns)  THS Failing Endpoints  THS Total Endpoints     WPWS(ns)     TPWS(ns)  TPWS Failing Endpoints  TPWS Total Endpoints  
-----             -------      -------  ---------------------  -------------------      -------      -------  ---------------------  -------------------     --------     --------  ----------------------  --------------------  
clk                -0.285     -448.988                   5656               170027        0.047        0.000                      0               169389        1.541        0.000                       0                 84917  


------------------------------------------------------------------------------------------------
| Inter Clock Table
| -----------------
------------------------------------------------------------------------------------------------

From Clock    To Clock          WNS(ns)      TNS(ns)  TNS Failing Endpoints  TNS Total Endpoints      WHS(ns)      THS(ns)  THS Failing Endpoints  THS Total Endpoints  
----------    --------          -------      -------  ---------------------  -------------------      -------      -------  ---------------------  -------------------  


------------------------------------------------------------------------------------------------
| Other Path Groups Table
| -----------------------
------------------------------------------------------------------------------------------------

Path Group    From Clock    To Clock          WNS(ns)      TNS(ns)  TNS Failing Endpoints  TNS Total Endpoints      WHS(ns)      THS(ns)  THS Failing Endpoints  THS Total Endpoints  
----------    ----------    --------          -------      -------  ---------------------  -------------------      -------      -------  ---------------------  -------------------  


------------------------------------------------------------------------------------------------
| Timing Details
| --------------
------------------------------------------------------------------------------------------------


---------------------------------------------------------------------------------------------------
From Clock:  clk
  To Clock:  clk

Setup :         5656  Failing Endpoints,  Worst Slack       -0.285ns,  Total Violation     -448.988ns
Hold  :            0  Failing Endpoints,  Worst Slack        0.047ns,  Total Violation        0.000ns
PW    :            0  Failing Endpoints,  Worst Slack        1.541ns,  Total Violation        0.000ns
---------------------------------------------------------------------------------------------------


Max Delay Paths
--------------------------------------------------------------------------------------
Slack (VIOLATED) :        -0.285ns  (required time - arrival time)
  Source:                 u_mem/cur_addr_peer_reg[1]_replica_12/C
                            (rising edge-triggered cell FDCE clocked by clk  {rise@0.000ns fall@2.083ns period=4.167ns})
  Destination:            u_mem/local_rd_reg[30]/D
                            (rising edge-triggered cell FDRE clocked by clk  {rise@0.000ns fall@2.083ns period=4.167ns})
  Path Group:             clk
  Path Type:              Setup (Max at Slow Process Corner)
  Requirement:            4.167ns  (clk rise@4.167ns - clk rise@0.000ns)
  Data Path Delay:        4.433ns  (logic 0.470ns (10.603%)  route 3.963ns (89.397%))
  Logic Levels:           7  (LUT6=3 MUXF7=2 MUXF8=2)
  Clock Path Skew:        -0.009ns (DCD - SCD + CPR)
    Destination Clock Delay (DCD):    0.020ns = ( 4.187 - 4.167 ) 
    Source Clock Delay      (SCD):    0.029ns
    Clock Pessimism Removal (CPR):    0.000ns
  Clock Uncertainty:      0.035ns  ((TSJ^2 + TIJ^2)^1/2 + DJ) / 2 + PE
    Total System Jitter     (TSJ):    0.071ns
    Total Input Jitter      (TIJ):    0.000ns
    Discrete Jitter          (DJ):    0.000ns
    Phase Error              (PE):    0.000ns

    Location             Delay type                Incr(ns)  Path(ns)    Netlist Resource(s)
  -------------------------------------------------------------------    -------------------
                         (clock clk rise edge)        0.000     0.000 r  
                                                      0.000     0.000 r  clk (IN)
                         net (fo=84931, unset)        0.029     0.029    u_mem/clk
    SLICE_X84Y294        FDCE                                         r  u_mem/cur_addr_peer_reg[1]_replica_12/C
  -------------------------------------------------------------------    -------------------
    SLICE_X84Y294        FDCE (Prop_EFF2_SLICEL_C_Q)
                                                      0.081     0.110 r  u_mem/cur_addr_peer_reg[1]_replica_12/Q
                         net (fo=376, routed)         1.668     1.778    u_mem/cur_addr_peer[1]_repN_12
    SLICE_X125Y285       LUT6 (Prop_B6LUT_SLICEL_I2_O)
                                                      0.148     1.926 r  u_mem/local_rd[30]_i_476/O
                         net (fo=1, routed)           0.009     1.935    u_mem/local_rd[30]_i_476_n_0
    SLICE_X125Y285       MUXF7 (Prop_F7MUX_AB_SLICEL_I0_O)
                                                      0.056     1.991 r  u_mem/local_rd_reg[30]_i_221/O
                         net (fo=1, routed)           0.000     1.991    u_mem/local_rd_reg[30]_i_221_n_0
    SLICE_X125Y285       MUXF8 (Prop_F8MUX_BOT_SLICEL_I1_O)
                                                      0.026     2.017 r  u_mem/local_rd_reg[30]_i_93/O
                         net (fo=1, routed)           1.253     3.270    u_mem/local_rd_reg[30]_i_93_n_0
    SLICE_X129Y394       LUT6 (Prop_E6LUT_SLICEM_I5_O)
                                                      0.037     3.307 r  u_mem/local_rd[30]_i_29/O
                         net (fo=1, routed)           0.012     3.319    u_mem/local_rd[30]_i_29_n_0
    SLICE_X129Y394       MUXF7 (Prop_F7MUX_EF_SLICEM_I1_O)
                                                      0.059     3.378 r  u_mem/local_rd_reg[30]_i_13/O
                         net (fo=1, routed)           0.000     3.378    u_mem/local_rd_reg[30]_i_13_n_0
    SLICE_X129Y394       MUXF8 (Prop_F8MUX_TOP_SLICEM_I1_O)
                                                      0.028     3.406 r  u_mem/local_rd_reg[30]_i_5/O
                         net (fo=1, routed)           0.975     4.381    u_mem/local_rd_reg[30]_i_5_n_0
    SLICE_X105Y385       LUT6 (Prop_E6LUT_SLICEL_I5_O)
                                                      0.035     4.416 r  u_mem/local_rd[30]_i_1/O
                         net (fo=1, routed)           0.046     4.462    u_mem/local_rd[30]_i_1_n_0
    SLICE_X105Y385       FDRE                                         r  u_mem/local_rd_reg[30]/D
  -------------------------------------------------------------------    -------------------

                         (clock clk rise edge)        4.167     4.167 r  
                                                      0.000     4.167 r  clk (IN)
                         net (fo=84931, unset)        0.020     4.187    u_mem/clk
    SLICE_X105Y385       FDRE                                         r  u_mem/local_rd_reg[30]/C
                         clock pessimism              0.000     4.187    
                         clock uncertainty           -0.035     4.152    
    SLICE_X105Y385       FDRE (Setup_EFF_SLICEL_C_D)
                                                      0.025     4.177    u_mem/local_rd_reg[30]
  -------------------------------------------------------------------
                         required time                          4.177    
                         arrival time                          -4.462    
  -------------------------------------------------------------------
                         slack                                 -0.285    





Min Delay Paths
--------------------------------------------------------------------------------------
Slack (MET) :             0.047ns  (arrival time - required time)
  Source:                 u_mp/inflight_reg[1]/C
                            (rising edge-triggered cell FDCE clocked by clk  {rise@0.000ns fall@2.083ns period=4.167ns})
  Destination:            u_mp/inflight_reg[3]/D
                            (rising edge-triggered cell FDCE clocked by clk  {rise@0.000ns fall@2.083ns period=4.167ns})
  Path Group:             clk
  Path Type:              Hold (Min at Fast Process Corner)
  Requirement:            0.000ns  (clk rise@0.000ns - clk rise@0.000ns)
  Data Path Delay:        0.099ns  (logic 0.053ns (53.790%)  route 0.046ns (46.210%))
  Logic Levels:           1  (LUT6=1)
  Clock Path Skew:        0.006ns (DCD - SCD - CPR)
    Destination Clock Delay (DCD):    0.018ns
    Source Clock Delay      (SCD):    0.012ns
    Clock Pessimism Removal (CPR):    -0.000ns

    Location             Delay type                Incr(ns)  Path(ns)    Netlist Resource(s)
  -------------------------------------------------------------------    -------------------
                         (clock clk rise edge)        0.000     0.000 r  
                                                      0.000     0.000 r  clk (IN)
                         net (fo=84931, unset)        0.012     0.012    u_mp/clk
    SLICE_X78Y442        FDCE                                         r  u_mp/inflight_reg[1]/C
  -------------------------------------------------------------------    -------------------
    SLICE_X78Y442        FDCE (Prop_DFF_SLICEL_C_Q)
                                                      0.039     0.051 r  u_mp/inflight_reg[1]/Q
                         net (fo=9, routed)           0.029     0.080    u_mp/inflight_reg_n_0_[1]
    SLICE_X78Y442        LUT6 (Prop_C6LUT_SLICEL_I3_O)
                                                      0.014     0.094 r  u_mp/inflight[3]_i_1/O
                         net (fo=1, routed)           0.017     0.111    u_mp/inflight[3]
    SLICE_X78Y442        FDCE                                         r  u_mp/inflight_reg[3]/D
  -------------------------------------------------------------------    -------------------

                         (clock clk rise edge)        0.000     0.000 r  
                                                      0.000     0.000 r  clk (IN)
                         net (fo=84931, unset)        0.018     0.018    u_mp/clk
    SLICE_X78Y442        FDCE                                         r  u_mp/inflight_reg[3]/C
                         clock pessimism              0.000     0.018    
    SLICE_X78Y442        FDCE (Hold_CFF_SLICEL_C_D)
                                                      0.046     0.064    u_mp/inflight_reg[3]
  -------------------------------------------------------------------
                         required time                         -0.064    
                         arrival time                           0.111    
  -------------------------------------------------------------------
                         slack                                  0.047    





Pulse Width Checks
--------------------------------------------------------------------------------------
Clock Name:         clk
Waveform(ns):       { 0.000 2.083 }
Period(ns):         4.167
Sources:            { clk }

Check Type        Corner  Lib Pin             Reference Pin  Required(ns)  Actual(ns)  Slack(ns)  Location      Pin
Min Period        n/a     RAMB36E2/CLKARDCLK  n/a            1.569         4.167       2.598      RAMB36_X4Y89  u_mp/u_istore/mem_reg_bram_0/CLKARDCLK
Low Pulse Width   Slow    RAMB36E2/CLKARDCLK  n/a            0.542         2.083       1.541      RAMB36_X4Y89  u_mp/u_istore/mem_reg_bram_0/CLKARDCLK
High Pulse Width  Slow    RAMB36E2/CLKARDCLK  n/a            0.542         2.083       1.541      RAMB36_X4Y89  u_mp/u_istore/mem_reg_bram_0/CLKARDCLK



